02-10 00:16:42.564  8265  8265 I HBD     : h [EditorInputType]setPrivateImeOptionsToTable privateImeOptions ( null )
02-10 00:16:42.564  8265  8265 I HBD     : b incognitoMode : false
02-10 00:16:42.564  8265  8265 I HBD     : a needOff = true , isForceOff = false, isNullInputClass : true
02-10 00:16:42.564  8265  8265 I HBD     : h getDefaultInputRange : UNKNOWN
02-10 00:16:42.564  8265  8265 I HBD     : h getDefaultInputRange : UNKNOWN
02-10 00:16:42.564  8265  8265 I HBD     : h getDefaultInputRange : UNKNOWN
02-10 00:16:42.565  4224  4842 D SdpManagerService: Not an enterprise user : 0
02-10 00:16:42.565  4224  4375 D InputDispatcher: Inject motion (6225): action=0x0, time=810137211000000, f=0x0, d=0
02-10 00:16:42.565  4224  4842 D SdpManagerService: Not an enterprise user : 0
02-10 00:16:42.565  4224  4400 D InputDispatcher: pointer touchable region used!
02-10 00:16:42.565  4224  4400 W InputDispatcher: obscured by Splash Screen
02-10 00:16:42.566  4224  4400 I InputDispatcher: Delivering touch to (28160): action: 0x4, f=0x0, d=0, 'c590bf6', t=0
02-10 00:16:42.566  4224  4400 I InputDispatcher: Delivering touch to (6225): action: 0x0, f=0x1, d=0, 'b2f36be', t=0
02-10 00:16:42.567  6225  6225 I ViewRootImpl@3ac914b[VerticalListActivity]: ViewPostIme pointer 0
02-10 00:16:42.570  3803  3808 E statsd  : Predicate -7037417284711607308 dropping data for dimension key (10)0x2010101->11512[I] (10)0x30000->*launch*[S]
02-10 00:16:42.570  6225  6225 D LifecycleMonitor: Lifecycle status change: androidx.test.core.app.InstrumentationActivityInvoker$BootstrapActivity@193b6dc in: STOPPED
02-10 00:16:42.570  3803  3808 E statsd  : Predicate 5980654721335871649 dropping data for dimension key (10)0x2010101->11512[I] (10)0x30000->*launch*[S]
02-10 00:16:42.570  3869  3910 I Layer   : id=203376 removeFromCurrentState Surface(name=7fb2291 InputMethod)/@0xe6a7df7 - animation-leash#1 (98)
02-10 00:16:42.570  8265  8265 I HBD     : h getDefaultInputRange : UNKNOWN
02-10 00:16:42.570  8265  8265 I HBD     : a currentState : 0
02-10 00:16:42.571  6225  6225 V ActivityScenario: Activity lifecycle changed event received but ignored because the intent does not match. startActivityIntent=Intent { act=android.intent.action.MAIN cat=[android.intent.category.LAUNCHER] cmp=com.example.dogglers/.VerticalListActivity }, activity.getIntent()=Intent { act=android.intent.action.MAIN cat=[android.intent.category.LAUNCHER] flg=0x10008000 cmp=com.example.dogglers/androidx.test.core.app.InstrumentationActivityInvoker$BootstrapActivity (has extras) }, activity=androidx.test.core.app.InstrumentationActivityInvoker$BootstrapActivity@193b6dc
02-10 00:16:42.572  4224  4280 I SurfaceControl: nativeRelease nativeObject s[522491106976]
02-10 00:16:42.572  4224  4280 I SurfaceControl: nativeRelease nativeObject e[522491106976]
02-10 00:16:42.572  8238  8238 I SurfaceControl: nativeRelease nativeObject s[524525044704]
02-10 00:16:42.572  8238  8238 I SurfaceControl: nativeRelease nativeObject e[524525044704]
02-10 00:16:42.573  8265  8265 I HBD     : h load selected json info : {"version":"1.0","currentLanguageOrder":0,"selected":[{"activeOptionList":["auto_replace","auto_spacing"],"engName":"English","id":65538,"inputType":"qwerty","isUsed":true},{"activeOptionList":["auto_replace","auto_spacing"],"engName":"Arabic","id":5308416,"inputType":"qwerty","isUsed":true}]}
02-10 00:16:42.574  8265  8265 I HBD     : a [UpdatePolicy] [post] a: 0 cl: 65538 kit: [0/0] vt: 0 ir: 1
02-10 00:16:42.575  8265  8265 I HBD     : HoneyBoardService [PF_OP][onStartInput]  11546962 ns
02-10 00:16:42.578  4224  6802 D SamsungIMMSHWKeyboard: isConnectedDexOnPC false
02-10 00:16:42.579  4224  6802 D InputMethodManagerService: isImeSwitcherDisabledPackage : false
02-10 00:16:42.579  6225  6225 I SurfaceControl: nativeRelease nativeObject s[524525183264]
02-10 00:16:42.579  6225  6225 I SurfaceControl: nativeRelease nativeObject e[524525183264]
02-10 00:16:42.579  6225  6225 I SurfaceControl: nativeRelease nativeObject s[524525183072]
02-10 00:16:42.579  6225  6225 I SurfaceControl: nativeRelease nativeObject e[524525183072]
02-10 00:16:42.584  3869  3910 I Layer   : id=203386 removeFromCurrentState Surface(name=Dim Layer for - Task=5807 - animating-dim)/@0xedbc910 - animation-leash#0 (98)
02-10 00:16:42.584  3869  3910 I SurfaceFlinger: id=203386 Removed Surface(name=Dim Layer for - Task=5807 - animating-dim)/@0xedbc910 - animation-leash#0 (98)
02-10 00:16:42.584  4224  4280 I SurfaceControl: nativeRelease nativeObject s[522491099488]
02-10 00:16:42.584  4224  4280 I SurfaceControl: nativeRelease nativeObject e[522491099488]
02-10 00:16:42.586  4224  4280 I SurfaceControl: nativeRelease nativeObject s[522304755808]
02-10 00:16:42.586  4224  4280 I SurfaceControl: nativeRelease nativeObject e[522304755808]
02-10 00:16:42.586  3869  3910 I Layer   : id=203380 removeFromCurrentState Splash Screen com.example.dogglers#0 (98)
02-10 00:16:42.588  4224  4280 I SurfaceControl: nativeRelease nativeObject s[522306337536]
02-10 00:16:42.588  4224  4280 I SurfaceControl: nativeRelease nativeObject e[522306337536]
02-10 00:16:42.592  3869  3869 D SurfaceFlinger: Display 0 HWC layers:
02-10 00:16:42.592  3869  3869 D SurfaceFlinger:      DEVICE | 0x6fc1613900 | 0002 | RGBA_8888    |    0.0    0.0  720.0 1560.0 |    0    0  720 1560 | com.example.dogglers/com.example.dogglers.VerticalListActivity$_6225#0
02-10 00:16:42.592  3869  3869 D SurfaceFlinger:      DEVICE | 0x6fc1614a80 | 0002 | RGBA_8888    |    0.0    0.0  720.0 1560.0 |    0    0  720 1560 | Splash Screen com.example.dogglers#0
02-10 00:16:42.592  3869  3869 D SurfaceFlinger:      DEVICE | 0x6fc1614e40 | 0000 | RGBA_8888    |    0.0    0.0  720.0   53.0 |    0    0  720   53 | StatusBar$_28160#0
02-10 00:16:42.592  3869  3869 D SurfaceFlinger:      DEVICE | 0x704564f880 | 0000 | RGBA_8888    |    0.0    0.0   67.0  228.0 |  653  560  720  788 | com.samsung.android.app.cocktailbars[...]rservice.CocktailBarService$_30944#0
02-10 00:16:42.592  3869  3869 D SurfaceFlinger:      DEVICE | 0x6fc1613cc0 | 0000 | RGBA_8888    |    0.0    0.0  720.0   84.0 |    0 1476  720 1560 | NavigationBar0$_28160#0
02-10 00:16:42.592  3869  3869 D SurfaceFlinger:      DEVICE | 0x6fc1613e00 | 0000 | RGBA_8888    |    0.0    0.0  720.0  101.0 |    0    0  720  101 | ScreenDecorOverlay$_28160#0
02-10 00:16:42.592  3869  3869 D SurfaceFlinger:      DEVICE | 0x704564e980 | 0000 | RGBA_8888    |    0.0    0.0  720.0  101.0 |    0 1459  720 1560 | ScreenDecorOverlayBotto
02-10 00:16:42.592  3869  3869 D SurfaceFlinger: m$_28160#0
02-10 00:16:42.592  3869  3869 D SurfaceFlinger:
02-10 00:16:42.600  3869  3869 I Layer   : id=203386[1] Destroyed Surface(name=Dim Layer for - Task=5807 - animating-dim)/@0xedbc910 - animation-leash#0
02-10 00:16:42.605  3869  3911 I Layer   : id=203379 removeFromCurrentState ab7c0ae Splash Screen com.example.dogglers#0 (97)
02-10 00:16:42.606  3869  3911 I Layer   : id=203392 removeFromCurrentState Surface(name=ab7c0ae Splash Screen com.example.dogglers)/@0xe6bb15e - animation-leash#0 (97)
02-10 00:16:42.607  3869  3869 D SurfaceFlinger: Display 0 HWC layers:
02-10 00:16:42.607  3869  3869 D SurfaceFlinger:      DEVICE | 0x6fc1613900 | 0002 | RGBA_8888    |    0.0    0.0  720.0 1560.0 |    0    0  720 1560 | com.example.dogglers/com.example.dogglers.VerticalListActivity$_6225#0
02-10 00:16:42.607  3869  3869 D SurfaceFlinger:      DEVICE | 0x6fc1614e40 | 0000 | RGBA_8888    |    0.0    0.0  720.0   53.0 |    0    0  720   53 | StatusBar$_28160#0
02-10 00:16:42.607  3869  3869 D SurfaceFlinger:      DEVICE | 0x704564f880 | 0000 | RGBA_8888    |    0.0    0.0   67.0  228.0 |  653  560  720  788 | com.samsung.android.app.cocktailbars[...]rservice.CocktailBarService$_30944#0
02-10 00:16:42.607  3869  3869 D SurfaceFlinger:      DEVICE | 0x6fc1613cc0 | 0000 | RGBA_8888    |    0.0    0.0  720.0   84.0 |    0 1476  720 1560 | NavigationBar0$_28160#0
02-10 00:16:42.607  3869  3869 D SurfaceFlinger:      DEVICE | 0x6fc1613e00 | 0000 | RGBA_8888    |    0.0    0.0  720.0  101.0 |    0    0  720  101 | ScreenDecorOverlay$_28160#0
02-10 00:16:42.607  3869  3869 D SurfaceFlinger:      DEVICE | 0x704564e980 | 0000 | RGBA_8888    |    0.0    0.0  720.0  101.0 |    0 1459  720 1560 | ScreenDecorOverlayBottom$_28160#0
02-10 00:16:42.607  3869  3869 D SurfaceFlinger:
02-10 00:16:42.608  3869  3911 I SurfaceFlinger: id=203379 Removed ab7c0ae Splash Screen com.example.dogglers#0 (97)
02-10 00:16:42.608  3869  5906 I SurfaceFlinger: id=203392 Removed Surface(name=ab7c0ae Splash Screen com.example.dogglers)/@0xe6bb15e - animation-leash#0 (97)
02-10 00:16:42.608  3869  3910 I SurfaceFlinger: id=203380 Removed Splash Screen com.example.dogglers#0 (97)
02-10 00:16:42.617  3869  3869 I Layer   : id=203380[1] Destroyed Splash Screen com.example.dogglers#0
02-10 00:16:42.617  3869  3869 I Layer   : id=203392[1] Destroyed Surface(name=ab7c0ae Splash Screen com.example.dogglers)/@0xe6bb15e - animation-leash#0
02-10 00:16:42.617  3869  3869 I Layer   : id=203379[1] Destroyed ab7c0ae Splash Screen com.example.dogglers#0
02-10 00:16:42.729  4224  6802 D InputDispatcher: Inject motion (6225): action=0x1, time=810137376000000, f=0x0, d=0
02-10 00:16:42.729  4224  4400 I InputDispatcher: Delivering touch to (6225): action: 0x1, f=0x1, d=0, 'b2f36be', t=0
02-10 00:16:42.731  4224  4224 I SemDvfsHyPerManager: acquire hyper - GESTURE_DETECTED/4224@30, type = -999
02-10 00:16:42.731  3846  3877 I HYPER-HAL: [RequestManager.cpp]acquire(): Acquired ID : 9050415  [4224 / 30]    HINT : GESTURE_DETECTED    list : [TIMEOUT / 1498]
02-10 00:16:42.731  3846  3877 I HYPER-HAL: [ResourceManager.cpp]updateResource(): [CPUMinFreq] UpdateResource Request ID : 9050415    Value : 936000
02-10 00:16:42.731  4224  4224 I SemDvfsHyPerManager: acquire hyper - GESTURE_DETECTED/4224@30, type = -999
02-10 00:16:42.732  3846  3877 I HYPER-HAL: [RequestManager.cpp]acquire(): Acquired ID : 9050415  [4224 / 30]    HINT : GESTURE_DETECTED    list : [TIMEOUT / 1498]
02-10 00:16:42.732  3846  3877 I HYPER-HAL: [ResourceManager.cpp]updateResource(): [CPUMinFreq] UpdateResource Request ID : 9050415    Value : 936000
02-10 00:16:42.732  6225  6225 I ViewRootImpl@3ac914b[VerticalListActivity]: ViewPostIme pointer 1
02-10 00:16:42.951  6225  6225 I ViewInteraction: Checking 'MatchesViewAssertion{viewMatcher=(view has effective visibility <VISIBLE> and view.getGlobalVisibleRect() to return non-empty rectangle)}' assertion on view an instance of android.widget.TextView and view.getText() with or without transformation to match: is "Faye"
02-10 00:16:42.966  4224  6802 I SemDvfsHyPerManager: acquire hyper - AMS_ACT_START/4224@16, type = -999
02-10 00:16:42.966  3846  3877 I HYPER-HAL: [RequestManager.cpp]acquire(): Acquired ID : 8990936  [4224 / 16]    HINT : AMS_ACT_START    list :
02-10 00:16:42.967  3846  3877 E HYPER-HAL: [HandlerSysfs.cpp]doResourceHandling(): Couldn't Open Sysfs - /sys/power/cstate_control
02-10 00:16:42.967  3846  3877 I HYPER-HAL: [ResourceManager.cpp]updateResource(): [CPUMinFreq] UpdateResource Request ID : 8990936    Value : 1560000
02-10 00:16:42.967  3869  5906 I SurfaceFlinger: id=203394 createSurf (0x0),-1 flag=80004, ActivityRecord{fa2facc u0 com.example.dogglers/androidx.test.core.app.InstrumentationActivityInvoker$EmptyActivity t5807}#0
02-10 00:16:42.972  3803  3808 E statsd  : Predicate -7037417284711607308 dropping data for dimension key (10)0x2010101->11512[I] (10)0x30000->*launch*[S]
02-10 00:16:42.973  3803  3808 E statsd  : Predicate 5980654721335871649 dropping data for dimension key (10)0x2010101->11512[I] (10)0x30000->*launch*[S]
02-10 00:16:42.979  6225  6225 D LifecycleMonitor: Lifecycle status change: com.example.dogglers.VerticalListActivity@a654947 in: PAUSED
02-10 00:16:42.979  6225  6225 V ActivityScenario: Update currentActivityStage to PAUSED, currentActivity=com.example.dogglers.VerticalListActivity@a654947
02-10 00:16:42.983  4224  4375 V WindowOrientationListener: getProposedRotation: -1
02-10 00:16:42.983  4224  4375 V WindowOrientationListener: getProposedRotation: -1
02-10 00:16:42.984  4224  4375 V WindowOrientationListener: getProposedRotation: -1
02-10 00:16:42.986  4224  4375 D InputDispatcher: Focused application set to (0): fa2facc
02-10 00:16:43.004  6225  6225 D LifecycleMonitor: Lifecycle status change: androidx.test.core.app.InstrumentationActivityInvoker$EmptyActivity@8c8f892 in: PRE_ON_CREATE
02-10 00:16:43.004  6225  6225 V ActivityScenario: Activity lifecycle changed event received but ignored because the intent does not match. startActivityIntent=Intent { act=android.intent.action.MAIN cat=[android.intent.category.LAUNCHER] cmp=com.example.dogglers/.VerticalListActivity }, activity.getIntent()=Intent { act=android.intent.action.MAIN cat=[android.intent.category.LAUNCHER] flg=0x10000000 cmp=com.example.dogglers/androidx.test.core.app.InstrumentationActivityInvoker$EmptyActivity }, activity=androidx.test.core.app.InstrumentationActivityInvoker$EmptyActivity@8c8f892
02-10 00:16:43.006  4224  4279 I SemPersonaManager: SecureFolder personaId = 150
02-10 00:16:43.013  6225  6225 I DecorView: [INFO] isPopOver=false, config=true
02-10 00:16:43.013  6225  6225 I DecorView: updateCaptionType >> DecorView@435de60[], isFloating=false, isApplication=true, hasWindowDecorCaption=false, hasWindowControllerCallback=true
02-10 00:16:43.013  6225  6225 D DecorView: setCaptionType = 0, this = DecorView@435de60[]
02-10 00:16:43.018  4224  6802 I InputDispatcher: Focus left window (6225): b2f36be in display 0 0
02-10 00:16:43.021  6225  6225 D LifecycleMonitor: Lifecycle status change: androidx.test.core.app.InstrumentationActivityInvoker$EmptyActivity@8c8f892 in: CREATED
02-10 00:16:43.022  6225  6225 V ActivityScenario: Activity lifecycle changed event received but ignored because the intent does not match. startActivityIntent=Intent { act=android.intent.action.MAIN cat=[android.intent.category.LAUNCHER] cmp=com.example.dogglers/.VerticalListActivity }, activity.getIntent()=Intent { act=android.intent.action.MAIN cat=[android.intent.category.LAUNCHER] flg=0x10000000 cmp=com.example.dogglers/androidx.test.core.app.InstrumentationActivityInvoker$EmptyActivity }, activity=androidx.test.core.app.InstrumentationActivityInvoker$EmptyActivity@8c8f892
02-10 00:16:43.025  6225  6225 D LifecycleMonitor: Lifecycle status change: androidx.test.core.app.InstrumentationActivityInvoker$EmptyActivity@8c8f892 in: STARTED
02-10 00:16:43.025  6225  6225 V ActivityScenario: Activity lifecycle changed event received but ignored because the intent does not match. startActivityIntent=Intent { act=android.intent.action.MAIN cat=[android.intent.category.LAUNCHER] cmp=com.example.dogglers/.VerticalListActivity }, activity.getIntent()=Intent { act=android.intent.action.MAIN cat=[android.intent.category.LAUNCHER] flg=0x10000000 cmp=com.example.dogglers/androidx.test.core.app.InstrumentationActivityInvoker$EmptyActivity }, activity=androidx.test.core.app.InstrumentationActivityInvoker$EmptyActivity@8c8f892
02-10 00:16:43.058  4224  4279 D EnterpriseDeviceManagerService: isMdmAdminPresentInternal() : MDM Admin Found - com.samsung.knox.securefolder
02-10 00:16:43.064  6225  6225 D LifecycleMonitor: Lifecycle status change: androidx.test.core.app.InstrumentationActivityInvoker$EmptyActivity@8c8f892 in: RESUMED
02-10 00:16:43.064  6225  6225 V ActivityScenario: Activity lifecycle changed event received but ignored because the intent does not match. startActivityIntent=Intent { act=android.intent.action.MAIN cat=[android.intent.category.LAUNCHER] cmp=com.example.dogglers/.VerticalListActivity }, activity.getIntent()=Intent { act=android.intent.action.MAIN cat=[android.intent.category.LAUNCHER] flg=0x10000000 cmp=com.example.dogglers/androidx.test.core.app.InstrumentationActivityInvoker$EmptyActivity }, activity=androidx.test.core.app.InstrumentationActivityInvoker$EmptyActivity@8c8f892
02-10 00:16:43.071  4224  6802 D InputTransport: Input channel constructed: 'c2e98ce', fd=761
02-10 00:16:43.071  4224  6802 D InputTransport: Input channel constructed: 'c2e98ce', fd=762
02-10 00:16:43.071  3869  3911 I SurfaceFlinger: id=203395 createSurf (0x0),-1 flag=80004, c2e98ce com.example.dogglers/androidx.test.core.app.InstrumentationActivityInvoker$EmptyActivity#0
02-10 00:16:43.072  4224  6802 D WindowManager: isScreenshotDisabledLocked - win: Window{c2e98ce u0 com.example.dogglers/androidx.test.core.app.InstrumentationActivityInvoker$EmptyActivity}
02-10 00:16:43.072  4224  6802 D WindowManager: isScreenshotDisabledLocked: userId = 0, disabled =false
02-10 00:16:43.072  4224  6802 D InputTransport: Input channel destroyed: 'c2e98ce', fd=762
02-10 00:16:43.073  6225  6225 D InputTransport: Input channel constructed: 'c2e98ce', fd=89
02-10 00:16:43.075  6225  6225 I ViewRootImpl@548e1bf[InstrumentationActivityInvoker$EmptyActivity]: setView = com.android.internal.policy.DecorView@435de60 TM=true
02-10 00:16:43.085  4224  6802 V WindowManager: Relayout Window{c2e98ce u0 com.example.dogglers/androidx.test.core.app.InstrumentationActivityInvoker$EmptyActivity}: viewVisibility=0 req=720x1560
02-10 00:16:43.087  4224  6802 D WindowManager: isScreenshotDisabledLocked - win: Window{c2e98ce u0 com.example.dogglers/androidx.test.core.app.InstrumentationActivityInvoker$EmptyActivity}
02-10 00:16:43.087  4224  6802 D WindowManager: isScreenshotDisabledLocked: userId = 0, disabled =false
02-10 00:16:43.088  3869  3911 I SurfaceFlinger: id=203396 createSurf (720x1560),1 flag=404, com.example.dogglers/androidx.test.core.app.InstrumentationActivityInvoker$EmptyActivity$_6225#0
02-10 00:16:43.090  4224  6802 I SurfaceControl: nativeRelease nativeObject s[524526817536]
02-10 00:16:43.090  4224  6802 I SurfaceControl: nativeRelease nativeObject e[524526817536]
02-10 00:16:43.091 30944 30944 I TrayStateController: systemUiVisibilityChanged : 0 0
02-10 00:16:43.091  3869  3910 I SurfaceFlinger: id=203397 createSurf (0x0),-1 flag=24000, Surface(name=e251250 StatusBar)/@0x2cedeea - animation-leash#0
02-10 00:16:43.092  4224  6802 I SurfaceControl: nativeRelease nativeObject s[522491099104]
02-10 00:16:43.092  4224  6802 I SurfaceControl: nativeRelease nativeObject e[522491099104]
02-10 00:16:43.092  3869  3910 I SurfaceFlinger: id=203398 createSurf (0x0),-1 flag=24000, Surface(name=c590bf6 NavigationBar0)/@0x33ffa64 - animation-leash#1
02-10 00:16:43.094  4224  6802 V WindowManager: Relayout hash=c2e98ce, pid=6225: mAttrs={(0,0)(fillxfill) sim={adjust=pan forwardNavigation} ty=BASE_APPLICATION wanim=0x1030001
02-10 00:16:43.094  4224  6802 V WindowManager:   fl=1810100
02-10 00:16:43.094  4224  6802 V WindowManager:   pfl=12020000
02-10 00:16:43.094  4224  6802 V WindowManager:   fitSides= naviIconColor=0}
02-10 00:16:43.094  4224  6802 I SurfaceControl: nativeRelease nativeObject s[522491103040]
02-10 00:16:43.094  4224  6802 I SurfaceControl: nativeRelease nativeObject e[522491103040]
02-10 00:16:43.097 28160 28160 D KeyguardUpdateMonitor: updateBiometricListeningState()
02-10 00:16:43.097 28160 28160 D KeyguardFingerPrint: shouldListenForFingerprint ( isFingerprintEnabled = false , mKeyguardIsVisible = false , mDeviceInteractive = true , mBouncer = false , mGoingToSleep = false , mSwitchingUser = false , mKeyguardUnlocking = true , mKeyguardGoingAway = true , mKeyguardShowing = false , mKeyguardOccluded = false , mSystemReady = true , mHasFocus = false
02-10 00:16:43.097 28160 28160 D KeyguardFingerPrint: updateFingerprintListeningState#mFingerprintRunningState=0 shouldListenForFingerprint=false
02-10 00:16:43.097 28160 28160 D KeyguardFace: shouldListenForFace ( isFaceDefaultCondition = false , mKeyguardIsVisible = false , mDeviceInteractive = true , mBouncer = false , mSwitchingUser = false , mGoingToSleep = false , mKeyguardGoingAway = true , mKeyguardUnlocking = true , mIsPickedUp = false , mIsEarlyWakeUp = false , mIsScreenSaverRunning = false , mSystemReady = true)
02-10 00:16:43.097 28160 28160 D KeyguardFace: shouldListenForFace ( return false, Face is not default condition)
02-10 00:16:43.097 28160 28160 D KeyguardFace: Can't stop stopListeningForFace(), mFaceRunningState = 0
02-10 00:16:43.098  6225  6225 I SurfaceControl: assignNativeObject: nativeObject = 0 Surface(name=null)/@0xd8a808c / android.view.SurfaceControl.readFromParcel:1117 android.view.IWindowSession$Stub$Proxy.relayout:1820 android.view.ViewRootImpl.relayoutWindow:9005 android.view.ViewRootImpl.performTraversals:3360 android.view.ViewRootImpl.doTraversal:2618 android.view.ViewRootImpl$TraversalRunnable.run:9971 android.view.Choreographer$CallbackRecord.run:1010 android.view.Choreographer.doCallbacks:809 android.view.Choreographer.doFrame:744 android.view.Choreographer$FrameDisplayEventReceiver.run:995
02-10 00:16:43.100  6225  6225 I ViewRootImpl@548e1bf[InstrumentationActivityInvoker$EmptyActivity]: Relayout returned: old=(0,0,720,1560) new=(0,0,720,1560) req=(720,1560)0 dur=15 res=0x7 s={true 522409861120} ch=true fn=-1
02-10 00:16:43.104  3869  3910 I Layer   : id=203390 removeFromCurrentState Surface(name=e251250 StatusBar)/@0x2cedeea - animation-leash#1 (99)
02-10 00:16:43.104  3835  4018 D gralloc : [mali_gralloc_allocate] begin
02-10 00:16:43.104  3835  4018 D gralloc : buffer_descriptor: wh(720 1560) usage_pc(0x40000000000b00 0x40000000000b00) hal_format(0x1) layer_count(1) sizes(0 0 0) strde(0) byte_stride(0) alloc_wh(0 0) internal_format(0x0) alloc_format(0x0) fd_count(1) plane_count(0)
02-10 00:16:43.104  3869  3910 I Layer   : id=203391 removeFromCurrentState Surface(name=c590bf6 NavigationBar0)/@0x33ffa64 - animation-leash#0 (99)
02-10 00:16:43.105  3835  4018 D gralloc : [mali_gralloc_allocate] allocation successful
02-10 00:16:43.105  6225  6225 I ViewRootImpl@548e1bf[InstrumentationActivityInvoker$EmptyActivity]: [DP] dp(1) 1 android.view.ViewRootImpl.reportNextDraw:10957 android.view.ViewRootImpl.performTraversals:3845 android.view.ViewRootImpl.doTraversal:2618
02-10 00:16:43.106  6225  6225 I ViewRootImpl@548e1bf[InstrumentationActivityInvoker$EmptyActivity]: [DP] pd() Asnyc report
02-10 00:16:43.106  3835  4018 D gralloc : [mali_gralloc_allocate] begin
02-10 00:16:43.106  3835  4018 D gralloc : buffer_descriptor: wh(720 1560) usage_pc(0x40000000000b00 0x40000000000b00) hal_format(0x1) layer_count(1) sizes(0 0 0) strde(0) byte_stride(0) alloc_wh(0 0) internal_format(0x0) alloc_format(0x0) fd_count(1) plane_count(0)
02-10 00:16:43.108  3835  4018 D gralloc : [mali_gralloc_allocate] allocation successful
02-10 00:16:43.109  3835  4018 D gralloc : [mali_gralloc_allocate] begin
02-10 00:16:43.109  3835  4018 D gralloc : buffer_descriptor: wh(720 1560) usage_pc(0x40000000000b00 0x40000000000b00) hal_format(0x1) layer_count(1) sizes(0 0 0) strde(0) byte_stride(0) alloc_wh(0 0) internal_format(0x0) alloc_format(0x0) fd_count(1) plane_count(0)
02-10 00:16:43.112  3835  4018 D gralloc : [mali_gralloc_allocate] allocation successful
02-10 00:16:43.116  6225  6225 I ViewRootImpl@548e1bf[InstrumentationActivityInvoker$EmptyActivity]: [DP] pdf(0) 1 android.view.ViewRootImpl.lambda$performDraw$1$ViewRootImpl:4668 android.view.-$$Lambda$ViewRootImpl$DJd0VUYJgsebcnSohO6h8zc_ONI.run:6 android.os.Handler.handleCallback:938
02-10 00:16:43.116  6225  6225 I ViewRootImpl@548e1bf[InstrumentationActivityInvoker$EmptyActivity]: [DP] rdf()
02-10 00:16:43.119  6225  6225 I ViewRootImpl@3ac914b[VerticalListActivity]: MSG_WINDOW_FOCUS_CHANGED 0 1
02-10 00:16:43.121  4224  4280 D PkgPredictorService: pkg:com.example.dogglers activity:androidx.test.core.app.InstrumentationActivityInvoker$EmptyActivity thisTime:156
02-10 00:16:43.123  4224  4284 I ActivityTaskManager: Displayed com.example.dogglers/androidx.test.core.app.InstrumentationActivityInvoker$EmptyActivity: +156ms
02-10 00:16:43.123  4224  4280 I SemDvfsHyPerManager: acquire hyper - AMS_RESUME_TAIL/4224@18, type = -999
02-10 00:16:43.123  4224  4280 I SemDvfsHyPerManager: acquire hyper - AMS_ACT_LAZY/4224@19, type = -999
02-10 00:16:43.124  3846  3877 I HYPER-HAL: [RequestManager.cpp]acquire(): Acquired ID : 8999421  [4224 / 18]    HINT : AMS_RESUME_TAIL    list :
02-10 00:16:43.124  3846  3877 E HYPER-HAL: [HandlerSysfs.cpp]doResourceHandling(): Couldn't Open Sysfs - /sys/power/cstate_control
02-10 00:16:43.124  3846  3877 I HYPER-HAL: [ResourceManager.cpp]updateResource(): [CPUMinFreq] UpdateResource Request ID : 8999421    Value : 1560000
02-10 00:16:43.124  3846  3877 I HYPER-HAL: [RequestManager.cpp]acquire(): Acquired ID : 9003665  [4224 / 19]    HINT :      list :
02-10 00:16:43.124  3846  3877 E HYPER-HAL: [Request.cpp]acquire(): Request:: id : 9003665, No Resource to set
02-10 00:16:43.125  3846  3877 E HYPER-HAL: [HandlerSysfs.cpp]doResourceHandling(): Couldn't Open Sysfs - /sys/power/cstate_control
02-10 00:16:43.125  3846  3877 I HYPER-HAL: [ResourceManager.cpp]removeResource(): [CPUMinFreq] RemoveResource Request ID : 8990936
02-10 00:16:43.125  3846  3877 I HYPER-HAL: [RequestManager.cpp]releaseLocked(): Released ID : 8990936
02-10 00:16:43.130  6225  6225 I SurfaceControl: nativeRelease nativeObject s[522849931776]
02-10 00:16:43.130  6225  6225 I SurfaceControl: nativeRelease nativeObject e[522849931776]
02-10 00:16:43.130  6225  6225 I SurfaceControl: nativeRelease nativeObject s[524525187104]
02-10 00:16:43.130  6225  6225 I SurfaceControl: nativeRelease nativeObject e[524525187104]
02-10 00:16:43.130  6225  6225 I SurfaceControl: nativeRelease nativeObject s[524525186720]
02-10 00:16:43.130  6225  6225 I SurfaceControl: nativeRelease nativeObject e[524525186720]
02-10 00:16:43.130  3869  3911 I SurfaceFlinger: id=203391 Removed Surface(name=c590bf6 NavigationBar0)/@0x33ffa64 - animation-leash#0 (99)
02-10 00:16:43.130  3869  5906 I SurfaceFlinger: id=203390 Removed Surface(name=e251250 StatusBar)/@0x2cedeea - animation-leash#1 (99)
02-10 00:16:43.133  6225  6225 I ViewRootImpl@3ac914b[VerticalListActivity]: stopped(true) old=false
02-10 00:16:43.133  3869  3869 I Layer   : id=203390[1] Destroyed Surface(name=e251250 StatusBar)/@0x2cedeea - animation-leash#1
02-10 00:16:43.133  3869  3869 I Layer   : id=203391[1] Destroyed Surface(name=c590bf6 NavigationBar0)/@0x33ffa64 - animation-leash#0
02-10 00:16:43.134  6225  6225 I SurfaceControl: nativeRelease nativeObject s[524336779744]
02-10 00:16:43.134  6225  6225 I SurfaceControl: nativeRelease nativeObject e[524336779744]
02-10 00:16:43.135  6225  6225 D LifecycleMonitor: Lifecycle status change: com.example.dogglers.VerticalListActivity@a654947 in: STOPPED
02-10 00:16:43.135  4224  4842 I InputDispatcher: Focus entered window (6225): c2e98ce in display 0 0
02-10 00:16:43.135  6225  6225 V ActivityScenario: Update currentActivityStage to STOPPED, currentActivity=com.example.dogglers.VerticalListActivity@a654947
02-10 00:16:43.140  6225  6225 D LifecycleMonitor: Lifecycle status change: com.example.dogglers.VerticalListActivity@a654947 in: DESTROYED
02-10 00:16:43.140  6225  6225 V ActivityScenario: Update currentActivityStage to DESTROYED, currentActivity=null
02-10 00:16:43.140  3869  3869 D SurfaceFlinger: Display 0 HWC layers:
02-10 00:16:43.140  3869  3869 D SurfaceFlinger:      DEVICE | 0x704564e480 | 0002 | RGBA_8888    |    0.0    0.0  720.0 1560.0 |    0    0  720 1560 | com.example.dogglers/androidx.test.c[...]ctivityInvoker$EmptyActivity$_6225#0
02-10 00:16:43.140  3869  3869 D SurfaceFlinger:      DEVICE | 0x6fc1614e40 | 0000 | RGBA_8888    |    0.0    0.0  720.0   53.0 |    0    0  720   53 | StatusBar$_28160#0
02-10 00:16:43.140  3869  3869 D SurfaceFlinger:      DEVICE | 0x704564f880 | 0000 | RGBA_8888    |    0.0    0.0   67.0  228.0 |  653  560  720  788 | com.samsung.android.app.cocktailbars[...]rservice.CocktailBarService$_30944#0
02-10 00:16:43.140  3869  3869 D SurfaceFlinger:      DEVICE | 0x6fc1613cc0 | 0000 | RGBA_8888    |    0.0    0.0  720.0   84.0 |    0 1476  720 1560 | NavigationBar0$_28160#0
02-10 00:16:43.140  3869  3869 D SurfaceFlinger:      DEVICE | 0x6fc1613e00 | 0000 | RGBA_8888    |    0.0    0.0  720.0  101.0 |    0    0  720  101 | ScreenDecorOverlay$_28160#0
02-10 00:16:43.140  3869  3869 D SurfaceFlinger:      DEVICE | 0x704564e980 | 0000 | RGBA_8888    |    0.0    0.0  720.0  101.0 |    0 1459  720 1560 | ScreenDecorOverlayBottom$_28160#0
02-10 00:16:43.140  3869  3869 D SurfaceFlinger:
02-10 00:16:43.142  4224  4375 I SemDvfsHyPerManager: acquire hyper - AMS_ACT_START/4224@16, type = -999
02-10 00:16:43.143  3846  3877 I HYPER-HAL: [RequestManager.cpp]acquire(): Acquired ID : 8990936  [4224 / 16]    HINT : AMS_ACT_START    list :
02-10 00:16:43.143  3846  3877 E HYPER-HAL: [HandlerSysfs.cpp]doResourceHandling(): Couldn't Open Sysfs - /sys/power/cstate_control
02-10 00:16:43.143  3846  3877 I HYPER-HAL: [ResourceManager.cpp]updateResource(): [CPUMinFreq] UpdateResource Request ID : 8990936    Value : 1560000
02-10 00:16:43.144  3869  5906 I SurfaceFlinger: id=203399 createSurf (0x0),-1 flag=80004, ActivityRecord{a6de194 u0 com.example.dogglers/androidx.test.core.app.InstrumentationActivityInvoker$EmptyActivity t5807}#0
02-10 00:16:43.146  3869  5906 E BufferQueueProducer: [com.example.dogglers/com.example.dogglers.VerticalListActivity$_6225#0](id:f1d0000b7e1,api:0,p:-1,c:3869) disconnect: not connected (req=1)
02-10 00:16:43.146  6225  6260 W libEGL  : EGLNativeWindowType 0x7a14e29010 disconnect failed
02-10 00:16:43.150  6225  6225 I ViewRootImpl@3ac914b[VerticalListActivity]: dispatchDetachedFromWindow
02-10 00:16:43.152  4224  6802 D InputTransport: Input channel destroyed: 'b2f36be', fd=777
02-10 00:16:43.153  4224  6802 I SurfaceControl: nativeRelease nativeObject s[522491097856]
02-10 00:16:43.153  4224  6802 I SurfaceControl: nativeRelease nativeObject e[522491097856]
02-10 00:16:43.153  4224  6802 D WindowManager: isScreenshotDisabledLocked - win: Window{b2f36be u0 com.example.dogglers/com.example.dogglers.VerticalListActivity}
02-10 00:16:43.153  4224  6802 D WindowManager: isScreenshotDisabledLocked: userId = 0, disabled =false
02-10 00:16:43.153  4224  6802 I SurfaceControl: nativeRelease nativeObject s[522491098144]
02-10 00:16:43.153  4224  6802 I SurfaceControl: nativeRelease nativeObject e[522491098144]
02-10 00:16:43.153  3869  5906 I SurfaceFlinger: id=203400 createSurf (0x0),-1 flag=24004, Surface(name=7fb2291 InputMethod)/@0xe6a7df7 - animation-leash#1
02-10 00:16:43.155  4224  6802 I SurfaceControl: nativeRelease nativeObject s[524526811104]
02-10 00:16:43.155  4224  6802 I SurfaceControl: nativeRelease nativeObject e[524526811104]
02-10 00:16:43.155  3869  5906 I Layer   : id=203389 removeFromCurrentState com.example.dogglers/com.example.dogglers.VerticalListActivity$_6225#0 (99)
02-10 00:16:43.157  3869  5906 I Layer   : id=203388 removeFromCurrentState b2f36be com.example.dogglers/com.example.dogglers.VerticalListActivity#0 (99)
02-10 00:16:43.157  3869  5906 I Layer   : id=203393 removeFromCurrentState Surface(name=7fb2291 InputMethod)/@0xe6a7df7 - animation-leash#0 (99)
02-10 00:16:43.158  3869  5906 I SurfaceFlinger: id=203389 Removed com.example.dogglers/com.example.dogglers.VerticalListActivity$_6225#0 (99)
02-10 00:16:43.158  3869  5906 I SurfaceFlinger: id=203388 Removed b2f36be com.example.dogglers/com.example.dogglers.VerticalListActivity#0 (99)
02-10 00:16:43.159  6225  6225 D InputTransport: Input channel destroyed: 'b2f36be', fd=80
02-10 00:16:43.161  4224  4842 I SurfaceControl: nativeRelease nativeObject s[522491575968]
02-10 00:16:43.161  4224  4842 I SurfaceControl: nativeRelease nativeObject e[522491575968]
02-10 00:16:43.166  3869  3869 I Layer   : id=203388[1] Destroyed b2f36be com.example.dogglers/com.example.dogglers.VerticalListActivity#0
02-10 00:16:43.167  3869  3869 I Layer   : id=203389[1] Destroyed com.example.dogglers/com.example.dogglers.VerticalListActivity$_6225#0
02-10 00:16:43.168  3869  5906 I Layer   : id=203383 removeFromCurrentState ActivityRecord{9b3ea99 u0 com.example.dogglers/.VerticalListActivity t5807}#0 (97)
02-10 00:16:43.169  3869  5906 I SurfaceFlinger: id=203383 Removed ActivityRecord{9b3ea99 u0 com.example.dogglers/.VerticalListActivity t5807}#0 (97)
02-10 00:16:43.170  6225  6225 D LifecycleMonitor: Lifecycle status change: androidx.test.core.app.InstrumentationActivityInvoker$EmptyActivity@8c8f892 in: PAUSED
02-10 00:16:43.171  6225  6225 V ActivityScenario: Activity lifecycle changed event received but ignored because the intent does not match. startActivityIntent=Intent { act=android.intent.action.MAIN cat=[android.intent.category.LAUNCHER] cmp=com.example.dogglers/.VerticalListActivity }, activity.getIntent()=Intent { act=android.intent.action.MAIN cat=[android.intent.category.LAUNCHER] flg=0x10000000 cmp=com.example.dogglers/androidx.test.core.app.InstrumentationActivityInvoker$EmptyActivity }, activity=androidx.test.core.app.InstrumentationActivityInvoker$EmptyActivity@8c8f892
02-10 00:16:43.173  4224  4842 V WindowOrientationListener: getProposedRotation: -1
02-10 00:16:43.174  4224  4842 V WindowOrientationListener: getProposedRotation: -1
02-10 00:16:43.175  4224  4842 V WindowOrientationListener: getProposedRotation: -1
02-10 00:16:43.177  4224  4842 D InputDispatcher: Focused application set to (0): a6de194
02-10 00:16:43.183  3869  3869 I Layer   : id=203383[1] Destroyed ActivityRecord{9b3ea99 u0 com.example.dogglers/.VerticalListActivity t5807}#0
02-10 00:16:43.184  6225  6225 I ViewRootImpl@548e1bf[InstrumentationActivityInvoker$EmptyActivity]: MSG_WINDOW_FOCUS_CHANGED 1 1
02-10 00:16:43.184  6225  6225 D InputMethodManager: prepareNavigationBarInfo() DecorView@435de60[InstrumentationActivityInvoker$EmptyActivity]
02-10 00:16:43.184  6225  6225 D InputMethodManager: getNavigationBarColor() -16711423
02-10 00:16:43.185  6225  6225 D InputMethodManager: prepareNavigationBarInfo() DecorView@435de60[InstrumentationActivityInvoker$EmptyActivity]
02-10 00:16:43.185  6225  6225 D InputMethodManager: getNavigationBarColor() -16711423
02-10 00:16:43.185  6225  6225 V InputMethodManager: Starting input: tba=com.example.dogglers ic=null mNaviBarColor -16711423 mIsGetNaviBarColorSuccess true , NavVisible : true , NavTrans : false
02-10 00:16:43.185  6225  6225 D InputMethodManager: startInputInner - Id : 0
02-10 00:16:43.185  6225  6225 I InputMethodManager: startInputInner - mService.startInputOrWindowGainedFocus
02-10 00:16:43.186  4224  6802 D InputMethodManagerService: mSecureKeypadEnabled = false
02-10 00:16:43.187  4224  6802 V InputMethodManagerService: hideCurrentInputLocked : shouldHideSoftInput is false
02-10 00:16:43.187  4224  6802 D InputMethodManagerService: mDesktopModeManager null!
02-10 00:16:43.187  4224  6802 V InputMethodManagerService: getDisplayIdOfInputMethodWindowToBeAdded : 0
02-10 00:16:43.188  4224  6802 D InputMethodManagerService: checkDisplayOfStartInputAndUpdateKeyboard display Id 0last 0
02-10 00:16:43.188  4224  6802 D InputTransport: Input channel constructed: 'ClientS', fd=762
02-10 00:16:43.188  4224  6802 D InputTransport: Input channel destroyed: 'ClientS', fd=762
02-10 00:16:43.189  6225  6225 D InputTransport: Input channel constructed: 'ClientS', fd=80
02-10 00:16:43.189  6225  6225 D InputTransport: Input channel destroyed: 'ClientS', fd=86
02-10 00:16:43.189  4224  4585 I SurfaceControl: nativeRelease nativeObject s[522491099200]
02-10 00:16:43.189  4224  4585 I SurfaceControl: nativeRelease nativeObject e[522491099200]
02-10 00:16:43.190  3869  5906 I SurfaceFlinger: id=203401 createSurf (0x0),-1 flag=24004, Surface(name=7fb2291 InputMethod)/@0xe6a7df7 - animation-leash#0
02-10 00:16:43.191  4224  4279 I SemPersonaManager: SecureFolder personaId = 150
02-10 00:16:43.191  8265  8265 I HBD     : HoneyBoardService onFinishInput
02-10 00:16:43.192  8265  8265 I HBD     : a IC have been unbinded,  InputConnectionWrapper{idHash=#8af262d mMissingMethods=}
02-10 00:16:43.192  8265  8265 I HBD     : HoneyBoardService [PF_CL][onFinishInput]  436577 ns
02-10 00:16:43.192  8265  8265 I HBD     : HoneyBoardService [IMI] onStartInput - caller pid : 6225 , caller uid : 11512
02-10 00:16:43.192  8265  8265 I HBD     : i updateConfigs
02-10 00:16:43.192  8265  8265 I HBD     : i isEnabledNightMode : true
02-10 00:16:43.192  8265  8265 I HBD     : a IC have been binded, InputConnectionWrapper{idHash=#8af262d mMissingMethods=}
02-10 00:16:43.193  8265  8265 I HBD     : h [EditorInputType]setPrivateImeOptionsToTable privateImeOptions ( null )
02-10 00:16:43.193  8265  8265 I HBD     : b incognitoMode : false
02-10 00:16:43.193  8265  8265 I HBD     : a needOff = true , isForceOff = false, isNullInputClass : true
02-10 00:16:43.193  8265  8265 I HBD     : h getDefaultInputRange : UNKNOWN
02-10 00:16:43.193  8265  8265 I HBD     : h getDefaultInputRange : UNKNOWN
02-10 00:16:43.193  8265  8265 I HBD     : h getDefaultInputRange : UNKNOWN
02-10 00:16:43.194  4224  6802 D SdpManagerService: Not an enterprise user : 0
02-10 00:16:43.194  4224  6802 D SdpManagerService: Not an enterprise user : 0
02-10 00:16:43.194  6225  6225 D LifecycleMonitor: Lifecycle status change: androidx.test.core.app.InstrumentationActivityInvoker$BootstrapActivity@193b6dc in: DESTROYED
02-10 00:16:43.195  8265  8265 I HBD     : h getDefaultInputRange : UNKNOWN
02-10 00:16:43.195  8265  8265 I HBD     : a currentState : 0
02-10 00:16:43.196  6225  6225 V ActivityScenario: Activity lifecycle changed event received but ignored because the intent does not match. startActivityIntent=Intent { act=android.intent.action.MAIN cat=[android.intent.category.LAUNCHER] cmp=com.example.dogglers/.VerticalListActivity }, activity.getIntent()=Intent { act=android.intent.action.MAIN cat=[android.intent.category.LAUNCHER] flg=0x10008000 cmp=com.example.dogglers/androidx.test.core.app.InstrumentationActivityInvoker$BootstrapActivity (has extras) }, activity=androidx.test.core.app.InstrumentationActivityInvoker$BootstrapActivity@193b6dc
02-10 00:16:43.197  8265  8265 I HBD     : h load selected json info : {"version":"1.0","currentLanguageOrder":0,"selected":[{"activeOptionList":["auto_replace","auto_spacing"],"engName":"English","id":65538,"inputType":"qwerty","isUsed":true},{"activeOptionList":["auto_replace","auto_spacing"],"engName":"Arabic","id":5308416,"inputType":"qwerty","isUsed":true}]}
02-10 00:16:43.197  4224  6802 I SurfaceControl: nativeRelease nativeObject s[522491576064]
02-10 00:16:43.197  4224  6802 I SurfaceControl: nativeRelease nativeObject e[522491576064]
02-10 00:16:43.198  8265  8265 I HBD     : a [UpdatePolicy] [post] a: 0 cl: 65538 kit: [0/0] vt: 0 ir: 1
02-10 00:16:43.199  8265  8265 I HBD     : HoneyBoardService [PF_OP][onStartInput]  6563039 ns
02-10 00:16:43.201  4224  4585 I InputDispatcher: Focus left window (6225): c2e98ce in display 0 0
02-10 00:16:43.202  3869  5906 I Layer   : id=203400 removeFromCurrentState Surface(name=7fb2291 InputMethod)/@0xe6a7df7 - animation-leash#1 (97)
02-10 00:16:43.202  3869  5906 I Layer   : id=203378 removeFromCurrentState ActivityRecord{431c32d u0 com.example.dogglers/androidx.test.core.app.InstrumentationActivityInvoker$BootstrapActivity t5807}#0 (97)
02-10 00:16:43.202  3869  5906 I SurfaceFlinger: id=203378 Removed ActivityRecord{431c32d u0 com.example.dogglers/androidx.test.core.app.InstrumentationActivityInvoker$BootstrapActivity t5807}#0 (97)
02-10 00:16:43.208  6225  6225 D LifecycleMonitor: Lifecycle status change: androidx.test.core.app.InstrumentationActivityInvoker$EmptyActivity@bd5b8b6 in: PRE_ON_CREATE
02-10 00:16:43.209  6225  6225 V ActivityScenario: Activity lifecycle changed event received but ignored because the intent does not match. startActivityIntent=Intent { act=android.intent.action.MAIN cat=[android.intent.category.LAUNCHER] cmp=com.example.dogglers/.VerticalListActivity }, activity.getIntent()=Intent { act=android.intent.action.MAIN cat=[android.intent.category.LAUNCHER] flg=0x10000000 cmp=com.example.dogglers/androidx.test.core.app.InstrumentationActivityInvoker$EmptyActivity }, activity=androidx.test.core.app.InstrumentationActivityInvoker$EmptyActivity@bd5b8b6
02-10 00:16:43.216  3869  3869 I Layer   : id=203378[1] Destroyed ActivityRecord{431c32d u0 com.example.dogglers/androidx.test.core.app.InstrumentationActivityInvoker$BootstrapActivity t5807}#0
02-10 00:16:43.241  4224  4279 D EnterpriseDeviceManagerService: isMdmAdminPresentInternal() : MDM Admin Found - com.samsung.knox.securefolder
02-10 00:16:43.253  6225  6225 I DecorView: [INFO] isPopOver=false, config=true
02-10 00:16:43.253  6225  6225 I DecorView: updateCaptionType >> DecorView@ece5524[], isFloating=false, isApplication=true, hasWindowDecorCaption=false, hasWindowControllerCallback=true
02-10 00:16:43.253  6225  6225 D DecorView: setCaptionType = 0, this = DecorView@ece5524[]
02-10 00:16:43.260  6225  6225 D LifecycleMonitor: Lifecycle status change: androidx.test.core.app.InstrumentationActivityInvoker$EmptyActivity@bd5b8b6 in: CREATED
02-10 00:16:43.260  6225  6225 V ActivityScenario: Activity lifecycle changed event received but ignored because the intent does not match. startActivityIntent=Intent { act=android.intent.action.MAIN cat=[android.intent.category.LAUNCHER] cmp=com.example.dogglers/.VerticalListActivity }, activity.getIntent()=Intent { act=android.intent.action.MAIN cat=[android.intent.category.LAUNCHER] flg=0x10000000 cmp=com.example.dogglers/androidx.test.core.app.InstrumentationActivityInvoker$EmptyActivity }, activity=androidx.test.core.app.InstrumentationActivityInvoker$EmptyActivity@bd5b8b6
02-10 00:16:43.263  6225  6225 D LifecycleMonitor: Lifecycle status change: androidx.test.core.app.InstrumentationActivityInvoker$EmptyActivity@bd5b8b6 in: STARTED
02-10 00:16:43.264  6225  6225 V ActivityScenario: Activity lifecycle changed event received but ignored because the intent does not match. startActivityIntent=Intent { act=android.intent.action.MAIN cat=[android.intent.category.LAUNCHER] cmp=com.example.dogglers/.VerticalListActivity }, activity.getIntent()=Intent { act=android.intent.action.MAIN cat=[android.intent.category.LAUNCHER] flg=0x10000000 cmp=com.example.dogglers/androidx.test.core.app.InstrumentationActivityInvoker$EmptyActivity }, activity=androidx.test.core.app.InstrumentationActivityInvoker$EmptyActivity@bd5b8b6
02-10 00:16:43.267  6225  6225 D LifecycleMonitor: Lifecycle status change: androidx.test.core.app.InstrumentationActivityInvoker$EmptyActivity@bd5b8b6 in: RESUMED
02-10 00:16:43.267  6225  6225 V ActivityScenario: Activity lifecycle changed event received but ignored because the intent does not match. startActivityIntent=Intent { act=android.intent.action.MAIN cat=[android.intent.category.LAUNCHER] cmp=com.example.dogglers/.VerticalListActivity }, activity.getIntent()=Intent { act=android.intent.action.MAIN cat=[android.intent.category.LAUNCHER] flg=0x10000000 cmp=com.example.dogglers/androidx.test.core.app.InstrumentationActivityInvoker$EmptyActivity }, activity=androidx.test.core.app.InstrumentationActivityInvoker$EmptyActivity@bd5b8b6
02-10 00:16:43.273  4224  4585 D InputTransport: Input channel constructed: 'a9a962e', fd=778
02-10 00:16:43.273  4224  4585 D InputTransport: Input channel constructed: 'a9a962e', fd=779
02-10 00:16:43.274  3869  5906 I SurfaceFlinger: id=203402 createSurf (0x0),-1 flag=80004, a9a962e com.example.dogglers/androidx.test.core.app.InstrumentationActivityInvoker$EmptyActivity#0
02-10 00:16:43.275  4224  4585 D WindowManager: isScreenshotDisabledLocked - win: Window{a9a962e u0 com.example.dogglers/androidx.test.core.app.InstrumentationActivityInvoker$EmptyActivity}
02-10 00:16:43.275  4224  4585 D WindowManager: isScreenshotDisabledLocked: userId = 0, disabled =false
02-10 00:16:43.275  4224  4585 D InputTransport: Input channel destroyed: 'a9a962e', fd=779
02-10 00:16:43.276  6225  6225 D InputTransport: Input channel constructed: 'a9a962e', fd=86
02-10 00:16:43.278  6225  6225 I ViewRootImpl@800ca53[InstrumentationActivityInvoker$EmptyActivity]: setView = com.android.internal.policy.DecorView@ece5524 TM=true
02-10 00:16:43.281  4224  4585 D SamsungIMMSHWKeyboard: isConnectedDexOnPC false
02-10 00:16:43.282  4224  4585 D InputMethodManagerService: isImeSwitcherDisabledPackage : false
02-10 00:16:43.282  6225  6225 I SurfaceControl: nativeRelease nativeObject s[522849931968]
02-10 00:16:43.282  6225  6225 I SurfaceControl: nativeRelease nativeObject e[522849931968]
02-10 00:16:43.282  6225  6225 I SurfaceControl: nativeRelease nativeObject s[522849931872]
02-10 00:16:43.282  6225  6225 I SurfaceControl: nativeRelease nativeObject e[522849931872]
02-10 00:16:43.282 28160 28160 D KeyguardUpdateMonitor: updateBiometricListeningState()
02-10 00:16:43.284 28160 28160 D KeyguardFingerPrint: shouldListenForFingerprint ( isFingerprintEnabled = false , mKeyguardIsVisible = false , mDeviceInteractive = true , mBouncer = false , mGoingToSleep = false , mSwitchingUser = false , mKeyguardUnlocking = true , mKeyguardGoingAway = true , mKeyguardShowing = false , mKeyguardOccluded = false , mSystemReady = true , mHasFocus = false
02-10 00:16:43.285 28160 28160 D KeyguardFingerPrint: updateFingerprintListeningState#mFingerprintRunningState=0 shouldListenForFingerprint=false
02-10 00:16:43.285 28160 28160 D KeyguardFace: shouldListenForFace ( isFaceDefaultCondition = false , mKeyguardIsVisible = false , mDeviceInteractive = true , mBouncer = false , mSwitchingUser = false , mGoingToSleep = false , mKeyguardGoingAway = true , mKeyguardUnlocking = true , mIsPickedUp = false , mIsEarlyWakeUp = false , mIsScreenSaverRunning = false , mSystemReady = true)
02-10 00:16:43.285 28160 28160 D KeyguardFace: shouldListenForFace ( return false, Face is not default condition)
02-10 00:16:43.286 28160 28160 D KeyguardFace: Can't stop stopListeningForFace(), mFaceRunningState = 0
02-10 00:16:43.290  4224  4585 V WindowManager: Relayout Window{a9a962e u0 com.example.dogglers/androidx.test.core.app.InstrumentationActivityInvoker$EmptyActivity}: viewVisibility=0 req=720x1560
02-10 00:16:43.292  4224  4585 D WindowManager: isScreenshotDisabledLocked - win: Window{a9a962e u0 com.example.dogglers/androidx.test.core.app.InstrumentationActivityInvoker$EmptyActivity}
02-10 00:16:43.292  4224  4585 D WindowManager: isScreenshotDisabledLocked: userId = 0, disabled =false
02-10 00:16:43.293  3869  3910 I SurfaceFlinger: id=203403 createSurf (720x1560),1 flag=404, com.example.dogglers/androidx.test.core.app.InstrumentationActivityInvoker$EmptyActivity$_6225#1
02-10 00:16:43.295  4224  4585 I SurfaceControl: nativeRelease nativeObject s[522215183296]
02-10 00:16:43.295  4224  4585 I SurfaceControl: nativeRelease nativeObject e[522215183296]
02-10 00:16:43.296 30944 30944 I TrayStateController: systemUiVisibilityChanged : 0 0
02-10 00:16:43.296  3869  5906 I SurfaceFlinger: id=203404 createSurf (0x0),-1 flag=24000, Surface(name=e251250 StatusBar)/@0x2cedeea - animation-leash#1
02-10 00:16:43.297  4224  4585 I SurfaceControl: nativeRelease nativeObject s[522215183392]
02-10 00:16:43.297  4224  4585 I SurfaceControl: nativeRelease nativeObject e[522215183392]
02-10 00:16:43.297  3869  5906 I SurfaceFlinger: id=203405 createSurf (0x0),-1 flag=24000, Surface(name=c590bf6 NavigationBar0)/@0x33ffa64 - animation-leash#0
02-10 00:16:43.299  4224  4585 V WindowManager: Relayout hash=a9a962e, pid=6225: mAttrs={(0,0)(fillxfill) sim={adjust=pan forwardNavigation} ty=BASE_APPLICATION wanim=0x1030001
02-10 00:16:43.299  4224  4585 V WindowManager:   fl=1810100
02-10 00:16:43.299  4224  4585 V WindowManager:   pfl=12020000
02-10 00:16:43.299  4224  4585 V WindowManager:   fitSides= naviIconColor=0}
02-10 00:16:43.299  4224  4585 I SurfaceControl: nativeRelease nativeObject s[522491100256]
02-10 00:16:43.300  4224  4585 I SurfaceControl: nativeRelease nativeObject e[522491100256]
02-10 00:16:43.302  3869  5906 I Layer   : id=203397 removeFromCurrentState Surface(name=e251250 StatusBar)/@0x2cedeea - animation-leash#0 (100)
02-10 00:16:43.303  3869  5906 I Layer   : id=203398 removeFromCurrentState Surface(name=c590bf6 NavigationBar0)/@0x33ffa64 - animation-leash#1 (100)
02-10 00:16:43.303  6225  6225 I SurfaceControl: assignNativeObject: nativeObject = 0 Surface(name=null)/@0x52d9f90 / android.view.SurfaceControl.readFromParcel:1117 android.view.IWindowSession$Stub$Proxy.relayout:1820 android.view.ViewRootImpl.relayoutWindow:9005 android.view.ViewRootImpl.performTraversals:3360 android.view.ViewRootImpl.doTraversal:2618 android.view.ViewRootImpl$TraversalRunnable.run:9971 android.view.Choreographer$CallbackRecord.run:1010 android.view.Choreographer.doCallbacks:809 android.view.Choreographer.doFrame:744 android.view.Choreographer$FrameDisplayEventReceiver.run:995
02-10 00:16:43.305  6225  6225 I ViewRootImpl@800ca53[InstrumentationActivityInvoker$EmptyActivity]: Relayout returned: old=(0,0,720,1560) new=(0,0,720,1560) req=(720,1560)0 dur=13 res=0x7 s={true 522409869312} ch=true fn=-1
02-10 00:16:43.308  3835  4018 D gralloc : [mali_gralloc_allocate] begin
02-10 00:16:43.308  3835  4018 D gralloc : buffer_descriptor: wh(720 1560) usage_pc(0x40000000000b00 0x40000000000b00) hal_format(0x1) layer_count(1) sizes(0 0 0) strde(0) byte_stride(0) alloc_wh(0 0) internal_format(0x0) alloc_format(0x0) fd_count(1) plane_count(0)
02-10 00:16:43.309  3835  4018 D gralloc : [mali_gralloc_allocate] allocation successful
02-10 00:16:43.310  6225  6225 I ViewRootImpl@800ca53[InstrumentationActivityInvoker$EmptyActivity]: [DP] dp(1) 1 android.view.ViewRootImpl.reportNextDraw:10957 android.view.ViewRootImpl.performTraversals:3845 android.view.ViewRootImpl.doTraversal:2618
02-10 00:16:43.310  3835  4018 D gralloc : [mali_gralloc_allocate] begin
