02-10 00:16:43.763  6225  6252 I TestRunner: started: vertical_scroll_content_at_first_position(com.example.dogglers.VerticalListTests)
02-10 00:16:43.786  6225  6252 W Settings: Setting always_finish_activities has moved from android.provider.Settings.System to android.provider.Settings.Global, returning read-only value.
02-10 00:16:43.800  4224  5303 I SemDvfsHyPerManager: acquire hyper - AMS_APP_SWITCH/4224@20, type = -999
02-10 00:16:43.800  3846  3877 I HYPER-HAL: [RequestManager.cpp]acquire(): Acquired ID : 9007910  [4224 / 20]    HINT : AMS_APP_SWITCH    list :
02-10 00:16:43.801  3846  3877 E HYPER-HAL: [HandlerSysfs.cpp]doResourceHandling(): Couldn't Open Sysfs - /sys/power/cstate_control
02-10 00:16:43.801  3846  3877 I HYPER-HAL: [ResourceManager.cpp]updateResource(): [CPUMinFreq] UpdateResource Request ID : 9007910    Value : 1560000
02-10 00:16:43.801  6941  6941 I SemDvfsHyPerManager: acquire hyper - com.sec.android.sdhms/6941@9, type = -999
02-10 00:16:43.802  3869  4404 I SurfaceFlinger: id=203415 createSurf (0x0),-1 flag=24004, Task=5808#0
02-10 00:16:43.802  3846  3877 I HYPER-HAL: [RequestManager.cpp]acquire(): Acquired ID : 24154734  [6941 / 9]    HINT : APP_START    list :
02-10 00:16:43.802  3846  3877 E HYPER-HAL: [HandlerSysfs.cpp]doResourceHandling(): Couldn't Open Sysfs - /sys/kernel/mm/vmscan/am_app_launch
02-10 00:16:43.802  3846  3877 I HYPER-HAL: [ResourceManager.cpp]updateResource(): [CPUMaxFreq] UpdateResource Request ID : 24154734    Value : 1560000
02-10 00:16:43.804  3869  4404 I SurfaceFlinger: id=203416 createSurf (0x0),-1 flag=80004, ActivityRecord{5e47d33 u0 com.example.dogglers/androidx.test.core.app.InstrumentationActivityInvoker$BootstrapActivity t5808}#0
02-10 00:16:43.807  4224  4842 V WindowOrientationListener: getProposedRotation: -1
02-10 00:16:43.809  3803  3808 E statsd  : Predicate -7037417284711607308 dropping data for dimension key (10)0x2010101->11512[I] (10)0x30000->*launch*[S]
02-10 00:16:43.809  3803  3808 E statsd  : Predicate 5980654721335871649 dropping data for dimension key (10)0x2010101->11512[I] (10)0x30000->*launch*[S]
02-10 00:16:43.811  4224  4842 I SemDvfsHyPerManager: acquire hyper - AMS_APP_LAUNCH/4224@17, type = -999
02-10 00:16:43.811  3846  3877 I HYPER-HAL: [RequestManager.cpp]acquire(): Acquired ID : 8995178  [4224 / 17]    HINT : AMS_APP_LAUNCH    list :
02-10 00:16:43.811  3846  3877 E HYPER-HAL: [HandlerSysfs.cpp]doResourceHandling(): Couldn't Open Sysfs - /sys/power/cstate_control
02-10 00:16:43.811  3846  3877 I HYPER-HAL: [ResourceManager.cpp]updateResource(): [CPUMinFreq] UpdateResource Request ID : 8995178    Value : 1560000
02-10 00:16:43.812  8238  8238 I DragController: endDrag
02-10 00:16:43.813  8238  8238 I SPayUpdater: updateSpayHandler launcher activity is paused false
02-10 00:16:43.817  4224  4842 V WindowOrientationListener: getProposedRotation: -1
02-10 00:16:43.817  4224  4842 V WindowOrientationListener: getProposedRotation: -1
02-10 00:16:43.818  4224  4842 V WindowOrientationListener: getProposedRotation: -1
02-10 00:16:43.820  4224  4842 D InputDispatcher: Focused application set to (0): 5e47d33
02-10 00:16:43.828  4224  4585 V WindowManager: Relayout Window{41122b u0 com.sec.android.app.launcher/com.sec.android.app.launcher.activities.LauncherActivity}: viewVisibility=0 req=720x1560
02-10 00:16:43.831  4224  4585 V WindowManager: Relayout hash=41122b, pid=8238: mAttrs={(0,0)(fillxfill) sim={adjust=nothing} layoutInDisplayCutoutMode=shortEdges ty=BASE_APPLICATION fmt=TRANSPARENT wanim=0x10302f2
02-10 00:16:43.831  4224  4585 V WindowManager:   fl=81910100
02-10 00:16:43.831  4224  4585 V WindowManager:   pfl=16020000
02-10 00:16:43.831  4224  4585 V WindowManager:   vsysui=1700
02-10 00:16:43.831  4224  4585 V WindowManager:   bhv=SHOW_TRANSIENT_BARS_BY_SWIPE
02-10 00:16:43.831  4224  4585 V WindowManager:   fitSides= naviIconColor=0}
02-10 00:16:43.832  4224  4585 I SurfaceControl: nativeRelease nativeObject s[522306337344]
02-10 00:16:43.832  4224  4585 I SurfaceControl: nativeRelease nativeObject e[522306337344]
02-10 00:16:43.832  8238  8238 I SurfaceControl: nativeRelease nativeObject s[524525044704]
02-10 00:16:43.833  8238  8238 I SurfaceControl: nativeRelease nativeObject e[524525044704]
02-10 00:16:43.833  8238  8238 I SurfaceControl: assignNativeObject: nativeObject = 0 Surface(name=null)/@0xda8b326 / android.view.SurfaceControl.readFromParcel:1117 android.view.IWindowSession$Stub$Proxy.relayout:1820 android.view.ViewRootImpl.relayoutWindow:9005 android.view.ViewRootImpl.performTraversals:3360 android.view.ViewRootImpl.doTraversal:2618 android.view.ViewRootImpl$TraversalRunnable.run:9971 android.view.Choreographer$CallbackRecord.run:1010 android.view.Choreographer.doCallbacks:809 android.view.Choreographer.doFrame:744 android.view.Choreographer$FrameDisplayEventReceiver.run:995
02-10 00:16:43.834  8238  8238 I SurfaceControl: nativeRelease nativeObject s[524539705568]
02-10 00:16:43.834  8238  8238 I SurfaceControl: nativeRelease nativeObject e[524539705568]
02-10 00:16:43.834  8238  8238 I SurfaceControl: nativeRelease nativeObject s[524539705472]
02-10 00:16:43.834  8238  8238 I SurfaceControl: nativeRelease nativeObject e[524539705472]
02-10 00:16:43.834  8238  8238 I SurfaceControl: nativeRelease nativeObject s[524539704992]
02-10 00:16:43.834  8238  8238 I SurfaceControl: nativeRelease nativeObject e[524539704992]
02-10 00:16:43.834  8238  8238 I ViewRootImpl@60176a2[LauncherActivity]: Relayout returned: old=(0,0,720,1560) new=(0,0,720,1560) req=(720,1560)0 dur=5 res=0x1 s={true 524422651904} ch=false fn=8
02-10 00:16:43.836  6225  6225 D LifecycleMonitor: Lifecycle status change: androidx.test.core.app.InstrumentationActivityInvoker$BootstrapActivity@7fa1c45 in: PRE_ON_CREATE
02-10 00:16:43.836  6225  6225 V ActivityScenario: Activity lifecycle changed event received but ignored because the intent does not match. startActivityIntent=Intent { act=android.intent.action.MAIN cat=[android.intent.category.LAUNCHER] cmp=com.example.dogglers/.VerticalListActivity }, activity.getIntent()=Intent { act=android.intent.action.MAIN cat=[android.intent.category.LAUNCHER] flg=0x10008000 cmp=com.example.dogglers/androidx.test.core.app.InstrumentationActivityInvoker$BootstrapActivity (has extras) }, activity=androidx.test.core.app.InstrumentationActivityInvoker$BootstrapActivity@7fa1c45
02-10 00:16:43.838  4224  4277 D SehCodecSolutionService: Update top [com.example.dogglers]
02-10 00:16:43.840  4224  4498 D PkgPredictorService: com.example.dogglers go to foreground!
02-10 00:16:43.840  4224  4498 E PkgPredictorService-Collector: record changed bt=0  wifi=0 screen=0
02-10 00:16:43.840  4224  4498 D PkgPredictorService: previous pkgs: com.example.dogglers,com.example.dogglers,com.example.dogglers running pkg: com.example.dogglers, uid: 0 is system: false
02-10 00:16:43.840  4224  4280 D InputTransport: Input channel constructed: '3a39ac4', fd=455
02-10 00:16:43.840  4224  4280 D InputTransport: Input channel constructed: '3a39ac4', fd=479
02-10 00:16:43.840  4224  4498 D PkgPredictorService-Collector: save record...
02-10 00:16:43.840  4224  4498 D PkgPredictorService-Collector:  (hour:0 day:6 previous:[com.example.dogglers, com.example.dogglers, com.example.dogglers] activityName:unknown running:com.example.dogglers userId:0 screenOrientation:0 wifi:0 bt:0 predictTime:1 apkVersion:1.0 consumeTime:-1 preloaded:false>)
02-10 00:16:43.841  4224  4498 D PkgPredictorService-NapPreloadController: User using: com.example.dogglers
02-10 00:16:43.841  4224  4498 I PkgPredictorService-NapClassifier: RF predict version:1675904666358
02-10 00:16:43.841 31174 31435 I Rubin   : [630289] LoggingEventHelper.notifyUpdatedWithValue(LoggingEventHelper.java:58) : Notify AppUsageLogger's database is updated.
02-10 00:16:43.842  3869  5906 I SurfaceFlinger: id=203417 createSurf (0x0),-1 flag=80004, 3a39ac4 Splash Screen com.example.dogglers#0
02-10 00:16:43.842  4224  4498 D PkgPredictorService-NapClassifier: Predict result: 242.0,334.0,-1.0, - [0_&_com.snapchat.android, 0_&_com.spotify.music]
02-10 00:16:43.844  4224  4280 I ViewRootImpl@ab9a1d7[dogglers]: setView = com.android.internal.policy.DecorView@51878e2 TM=true
02-10 00:16:43.850  6225  6225 I DecorView: [INFO] isPopOver=false, config=true
02-10 00:16:43.850  6225  6225 I DecorView: updateCaptionType >> DecorView@c1d30cb[], isFloating=false, isApplication=true, hasWindowDecorCaption=false, hasWindowControllerCallback=true
02-10 00:16:43.850  6225  6225 D DecorView: setCaptionType = 0, this = DecorView@c1d30cb[]
02-10 00:16:43.851  4224  4280 V WindowManager: Relayout Window{3a39ac4 u0 Splash Screen com.example.dogglers}: viewVisibility=0 req=720x1560
02-10 00:16:43.856  4224  4280 D WindowManager: isScreenshotDisabledLocked - win: Window{3a39ac4 u0 Splash Screen com.example.dogglers}
02-10 00:16:43.856  4224  4280 D WindowManager: isScreenshotDisabledLocked: userId = 0, disabled =false
02-10 00:16:43.857  3869  5906 I SurfaceFlinger: id=203418 createSurf (720x1560),1 flag=404, Splash Screen com.example.dogglers#0
02-10 00:16:43.857 31174 31435 I Rubin   : [630289] ExercisingWithCmhMonitor.isSatisfiedByCmh(ExercisingWithCmhMonitor.java:119) : isSatisfiedByCmh is false
02-10 00:16:43.858  6225  6225 D LifecycleMonitor: Lifecycle status change: androidx.test.core.app.InstrumentationActivityInvoker$BootstrapActivity@7fa1c45 in: CREATED
02-10 00:16:43.859  6225  6225 V ActivityScenario: Activity lifecycle changed event received but ignored because the intent does not match. startActivityIntent=Intent { act=android.intent.action.MAIN cat=[android.intent.category.LAUNCHER] cmp=com.example.dogglers/.VerticalListActivity }, activity.getIntent()=Intent { act=android.intent.action.MAIN cat=[android.intent.category.LAUNCHER] flg=0x10008000 cmp=com.example.dogglers/androidx.test.core.app.InstrumentationActivityInvoker$BootstrapActivity (has extras) }, activity=androidx.test.core.app.InstrumentationActivityInvoker$BootstrapActivity@7fa1c45
02-10 00:16:43.862  4224  4280 V WindowManager: Relayout hash=3a39ac4, pid=4224: mAttrs={(0,0)(fillxfill) sim={adjust=pan} layoutInDisplayCutoutMode=shortEdges ty=APPLICATION_STARTING wanim=0x1030001
02-10 00:16:43.862  4224  4280 V WindowManager:   fl=1830118
02-10 00:16:43.862  4224  4280 V WindowManager:   pfl=12020011
02-10 00:16:43.862  4224  4280 V WindowManager:   fitSides= naviIconColor=0}
02-10 00:16:43.862  4224  4280 I ViewRootImpl@ab9a1d7[dogglers]: Relayout returned: old=(0,0,720,1560) new=(0,0,720,1560) req=(720,1560)0 dur=11 res=0x7 s={true 516798550016} ch=true fn=-1
02-10 00:16:43.862  6225  6225 D LifecycleMonitor: Lifecycle status change: androidx.test.core.app.InstrumentationActivityInvoker$BootstrapActivity@7fa1c45 in: STARTED
02-10 00:16:43.863  6225  6225 V ActivityScenario: Activity lifecycle changed event received but ignored because the intent does not match. startActivityIntent=Intent { act=android.intent.action.MAIN cat=[android.intent.category.LAUNCHER] cmp=com.example.dogglers/.VerticalListActivity }, activity.getIntent()=Intent { act=android.intent.action.MAIN cat=[android.intent.category.LAUNCHER] flg=0x10008000 cmp=com.example.dogglers/androidx.test.core.app.InstrumentationActivityInvoker$BootstrapActivity (has extras) }, activity=androidx.test.core.app.InstrumentationActivityInvoker$BootstrapActivity@7fa1c45
02-10 00:16:43.863  4224  4279 I SemPersonaManager: SecureFolder personaId = 150
02-10 00:16:43.863  4224  4280 I ViewRootImpl@ab9a1d7[dogglers]: [DP] dp(1) 1 android.view.ViewRootImpl.reportNextDraw:10957 android.view.ViewRootImpl.performTraversals:3845 android.view.ViewRootImpl.doTraversal:2618
02-10 00:16:43.864  3863  7628 V APM_AudioPolicyManager: setAppState(portId:28101, state:1)
02-10 00:16:43.867  4224  4375 I InputDispatcher: Focus left window (8238): 41122b  in display 0 0
02-10 00:16:43.868  8238  8238 I ViewRootImpl@60176a2[LauncherActivity]: MSG_WINDOW_FOCUS_CHANGED 0 1
02-10 00:16:43.869  3835  4018 D gralloc : [mali_gralloc_allocate] begin
02-10 00:16:43.869  3835  4018 D gralloc : buffer_descriptor: wh(720 1560) usage_pc(0x966 0x906) hal_format(0x1) layer_count(1) sizes(0 0 0) strde(0) byte_stride(0) alloc_wh(0 0) internal_format(0x0) alloc_format(0x0) fd_count(1) plane_count(0)
02-10 00:16:43.871  3835  4018 D gralloc : [mali_gralloc_allocate] allocation successful
02-10 00:16:43.877  3869  4404 I SurfaceFlinger: id=203419 createSurf (0x0),-1 flag=80004, ActivityRecord{249412e u0 com.example.dogglers/.VerticalListActivity t5808}#0
02-10 00:16:43.879  4224  4280 I ViewRootImpl@ab9a1d7[dogglers]: [DP] pdf(0) 1 android.view.ViewRootImpl.performDraw:4809 android.view.ViewRootImpl.performTraversals:3866 android.view.ViewRootImpl.doTraversal:2618
02-10 00:16:43.879  4224  4280 I ViewRootImpl@ab9a1d7[dogglers]: [DP] rdf()
02-10 00:16:43.881  3970  4780 I GNSS_MEMS: TGT_MEMS SCSCMemsReportSensorDrops: dropped 0 events (spam) 1 events (rate limit) out of 83 total for sensor 0 since last report
02-10 00:16:43.885  8238  8238 I BadgeRenderer: Invalid count : 0
02-10 00:16:43.886  6225  6225 D LifecycleMonitor: Lifecycle status change: androidx.test.core.app.InstrumentationActivityInvoker$BootstrapActivity@7fa1c45 in: RESUMED
02-10 00:16:43.887  6225  6225 V ActivityScenario: Activity lifecycle changed event received but ignored because the intent does not match. startActivityIntent=Intent { act=android.intent.action.MAIN cat=[android.intent.category.LAUNCHER] cmp=com.example.dogglers/.VerticalListActivity }, activity.getIntent()=Intent { act=android.intent.action.MAIN cat=[android.intent.category.LAUNCHER] flg=0x10008000 cmp=com.example.dogglers/androidx.test.core.app.InstrumentationActivityInvoker$BootstrapActivity (has extras) }, activity=androidx.test.core.app.InstrumentationActivityInvoker$BootstrapActivity@7fa1c45
02-10 00:16:43.888  3846  6329 E HYPER-HAL: [HandlerSysfs.cpp]doResourceHandling(): Couldn't Open Sysfs - /sys/power/cstate_control
02-10 00:16:43.888  3846  6329 I HYPER-HAL: [ResourceManager.cpp]removeResource(): [CPUMinFreq] RemoveResource Request ID : 9058928
02-10 00:16:43.888  3846  6329 I HYPER-HAL: [RequestManager.cpp]releaseLocked(): Released ID : 9058928
02-10 00:16:43.894  6225  6225 D LifecycleMonitor: Lifecycle status change: androidx.test.core.app.InstrumentationActivityInvoker$BootstrapActivity@7fa1c45 in: PAUSED
02-10 00:16:43.895  6225  6225 V ActivityScenario: Activity lifecycle changed event received but ignored because the intent does not match. startActivityIntent=Intent { act=android.intent.action.MAIN cat=[android.intent.category.LAUNCHER] cmp=com.example.dogglers/.VerticalListActivity }, activity.getIntent()=Intent { act=android.intent.action.MAIN cat=[android.intent.category.LAUNCHER] flg=0x10008000 cmp=com.example.dogglers/androidx.test.core.app.InstrumentationActivityInvoker$BootstrapActivity (has extras) }, activity=androidx.test.core.app.InstrumentationActivityInvoker$BootstrapActivity@7fa1c45
02-10 00:16:43.899  4224  4375 V WindowOrientationListener: getProposedRotation: -1
02-10 00:16:43.899  4224  4375 V WindowOrientationListener: getProposedRotation: -1
02-10 00:16:43.900  4224  4375 V WindowOrientationListener: getProposedRotation: -1
02-10 00:16:43.903  4224  4375 D InputDispatcher: Focused application set to (0): 249412e
02-10 00:16:43.913 28160 29052 D WallpaperService: dispatchAppVisibility onVisibilityChanged(): false
02-10 00:16:43.913 28160 28160 D WallpaperService: reportVisibility onVisibilityChanged visible: false
02-10 00:16:43.913 28160 28270 I ImageWallpaper:  onVisibilityChanged false , 0
02-10 00:16:43.914  4224  4375 I SurfaceControl: nativeRelease nativeObject s[522215185312]
02-10 00:16:43.914  4224  4375 I SurfaceControl: nativeRelease nativeObject e[522215185312]
02-10 00:16:43.914 30944 30944 I TrayStateController: systemUiVisibilityChanged : 2 0
02-10 00:16:43.914  3869  5906 I SurfaceFlinger: id=203420 createSurf (0x0),-1 flag=24000, Surface(name=e251250 StatusBar)/@0x2cedeea - animation-leash#1
02-10 00:16:43.915  4224  4375 I SurfaceControl: nativeRelease nativeObject s[522215185408]
02-10 00:16:43.915  4224  4375 I SurfaceControl: nativeRelease nativeObject e[522215185408]
02-10 00:16:43.916  3869  5906 I SurfaceFlinger: id=203421 createSurf (0x0),-1 flag=24000, Surface(name=c590bf6 NavigationBar0)/@0x33ffa64 - animation-leash#0
02-10 00:16:43.919  3869  5906 I Layer   : id=203409 removeFromCurrentState Surface(name=c590bf6 NavigationBar0)/@0x33ffa64 - animation-leash#1 (88)
02-10 00:16:43.920  3869  5906 I Layer   : id=43056 removeFromCurrentState c590bf6 NavigationBar0#0 (88)
02-10 00:16:43.920  3869  5906 I Layer   : id=43065 removeFromCurrentState NavigationBar0$_28160#0 (88)
02-10 00:16:43.920  3869  5906 I Layer   : id=203408 removeFromCurrentState Surface(name=e251250 StatusBar)/@0x2cedeea - animation-leash#0 (88)
02-10 00:16:43.920  3869  5906 I Layer   : id=43056 addToCurrentState c590bf6 NavigationBar0#0 (88)
02-10 00:16:43.920  3869  5906 I Layer   : id=43065 addToCurrentState NavigationBar0$_28160#0 (88)
02-10 00:16:43.920  3869  3910 E BufferQueueProducer: [com.sec.android.app.launcher/com.sec.android.app.launcher.activities.LauncherActivity$_8238#0](id:f1d0000b7e4,api:0,p:-1,c:3869) disconnect: not connected (req=1)
02-10 00:16:43.920  8238  8499 W libEGL  : EGLNativeWindowType 0x7a1a06a010 disconnect failed
02-10 00:16:43.923  4224  4375 V WindowManager: Relayout Window{41122b u0 com.sec.android.app.launcher/com.sec.android.app.launcher.activities.LauncherActivity}: viewVisibility=8 req=720x1560
02-10 00:16:43.927  3846  6316 E HYPER-HAL: [HandlerSysfs.cpp]doResourceHandling(): Couldn't Open Sysfs - /sys/power/cstate_control
02-10 00:16:43.927  3846  6316 I HYPER-HAL: [ResourceManager.cpp]removeResource(): [CPUMinFreq] RemoveResource Request ID : 8999421
02-10 00:16:43.927  3846  6316 I HYPER-HAL: [RequestManager.cpp]releaseLocked(): Released ID : 8999421
02-10 00:16:43.927  4224  4375 V WindowManager: Relayout hash=41122b, pid=8238: mAttrs={(0,0)(fillxfill) sim={adjust=nothing} layoutInDisplayCutoutMode=shortEdges ty=BASE_APPLICATION fmt=TRANSPARENT wanim=0x10302f2
02-10 00:16:43.927  4224  4375 V WindowManager:   fl=81910100
02-10 00:16:43.927  4224  4375 V WindowManager:   pfl=16020000
02-10 00:16:43.927  4224  4375 V WindowManager:   vsysui=1700
02-10 00:16:43.927  4224  4375 V WindowManager:   bhv=SHOW_TRANSIENT_BARS_BY_SWIPE
02-10 00:16:43.927  4224  4375 V WindowManager:   fitSides= naviIconColor=0}
02-10 00:16:43.928  8238  8238 I SurfaceControl: nativeRelease nativeObject s[524422636672]
02-10 00:16:43.928  8238  8238 I SurfaceControl: nativeRelease nativeObject e[524422636672]
02-10 00:16:43.929  8238  8238 I SurfaceControl: assignNativeObject: nativeObject = 0 Surface(name=null)/@0x3c4e7d / android.view.SurfaceControl.readFromParcel:1117 android.view.IWindowSession$Stub$Proxy.relayout:1810 android.view.ViewRootImpl.relayoutWindow:9005 android.view.ViewRootImpl.performTraversals:3360 android.view.ViewRootImpl.doTraversal:2618 android.view.ViewRootImpl$TraversalRunnable.run:9971 android.view.Choreographer$CallbackRecord.run:1010 android.view.Choreographer.doCallbacks:809 android.view.Choreographer.doFrame:744 android.view.Choreographer$FrameDisplayEventReceiver.run:995
02-10 00:16:43.929  8238  8238 I SurfaceControl: assignNativeObject: nativeObject = 0 Surface(name=null)/@0xda8b326 / android.view.SurfaceControl.readFromParcel:1117 android.view.IWindowSession$Stub$Proxy.relayout:1820 android.view.ViewRootImpl.relayoutWindow:9005 android.view.ViewRootImpl.performTraversals:3360 android.view.ViewRootImpl.doTraversal:2618 android.view.ViewRootImpl$TraversalRunnable.run:9971 android.view.Choreographer$CallbackRecord.run:1010 android.view.Choreographer.doCallbacks:809 android.view.Choreographer.doFrame:744 android.view.Choreographer$FrameDisplayEventReceiver.run:995
02-10 00:16:43.930  4224  4280 I ViewRootImpl@ab9a1d7[dogglers]: MSG_RESIZED_REPORT: frame=(0,0,720,1560) ci=(0,53,0,84) vi=(0,53,0,84) or=1
02-10 00:16:43.930  4224  4279 D EnterpriseDeviceManagerService: isMdmAdminPresentInternal() : MDM Admin Found - com.samsung.knox.securefolder
02-10 00:16:43.931  8238  8238 I SurfaceControl: nativeRelease nativeObject s[524525046816]
02-10 00:16:43.931  4224  4280 I ViewRootImpl@ab9a1d7[dogglers]: [DP] dp(1) 1 android.view.ViewRootImpl.reportNextDraw:10957 android.view.ViewRootImpl.access$1200:256 android.view.ViewRootImpl$ViewRootHandler.handleMessage:6101
02-10 00:16:43.931  8238  8238 I SurfaceControl: nativeRelease nativeObject e[524525046816]
02-10 00:16:43.931  8238  8238 I SurfaceControl: nativeRelease nativeObject s[524539703552]
02-10 00:16:43.931  8238  8238 I SurfaceControl: nativeRelease nativeObject e[524539703552]
02-10 00:16:43.931  8238  8238 I SurfaceControl: nativeRelease nativeObject s[524525044704]
02-10 00:16:43.931  8238  8238 I SurfaceControl: nativeRelease nativeObject e[524525044704]
02-10 00:16:43.931  8238  8238 I ViewRootImpl@60176a2[LauncherActivity]: Relayout returned: old=(0,0,720,1560) new=(0,0,720,1560) req=(720,1560)8 dur=9 res=0x5 s={false 0} ch=true fn=9
02-10 00:16:43.933  4224  4280 V WindowManager: Relayout Window{3a39ac4 u0 Splash Screen com.example.dogglers}: viewVisibility=0 req=720x1560
02-10 00:16:43.934  8238  8238 I SurfaceControl: nativeRelease nativeObject s[524422636672]
02-10 00:16:43.934  8238  8238 I SurfaceControl: nativeRelease nativeObject e[524422636672]
02-10 00:16:43.937  4224  4280 I SurfaceControl: nativeRelease nativeObject s[522491576064]
02-10 00:16:43.937  4224  4280 I SurfaceControl: nativeRelease nativeObject e[522491576064]
02-10 00:16:43.939  4224  4280 V WindowManager: Relayout hash=3a39ac4, pid=4224: mAttrs={(0,0)(fillxfill) sim={adjust=pan} layoutInDisplayCutoutMode=shortEdges ty=APPLICATION_STARTING wanim=0x1030001
02-10 00:16:43.939  4224  4280 V WindowManager:   fl=1830118
02-10 00:16:43.939  4224  4280 V WindowManager:   pfl=12020011
02-10 00:16:43.939  4224  4280 V WindowManager:   fitSides= naviIconColor=0}
02-10 00:16:43.939  6225  6225 D LifecycleMonitor: Lifecycle status change: com.example.dogglers.VerticalListActivity@f034f54 in: PRE_ON_CREATE
02-10 00:16:43.939  4224  4280 I SurfaceControl: nativeRelease nativeObject s[522215185408]
02-10 00:16:43.939  4224  4280 I SurfaceControl: nativeRelease nativeObject e[522215185408]
02-10 00:16:43.939  4224  4280 I SurfaceControl: nativeRelease nativeObject s[522215185312]
02-10 00:16:43.939  4224  4280 I SurfaceControl: nativeRelease nativeObject e[522215185312]
02-10 00:16:43.939  4224  4280 I ViewRootImpl@ab9a1d7[dogglers]: Relayout returned: old=(0,0,720,1560) new=(0,0,720,1560) req=(720,1560)0 dur=6 res=0x1 s={true 516798550016} ch=false fn=2
02-10 00:16:43.939  6225  6225 V ActivityScenario: Activity lifecycle changed event received but ignored because the reported transition was not ON_CREATE while the last known transition was PRE_ON_CREATE
02-10 00:16:43.940  3835  4018 D gralloc : [mali_gralloc_allocate] begin
02-10 00:16:43.940  3835  4018 D gralloc : buffer_descriptor: wh(720 1560) usage_pc(0x966 0x906) hal_format(0x1) layer_count(1) sizes(0 0 0) strde(0) byte_stride(0) alloc_wh(0 0) internal_format(0x0) alloc_format(0x0) fd_count(1) plane_count(0)
02-10 00:16:43.941  3869  3869 D SurfaceFlinger: Display 0 HWC layers:
02-10 00:16:43.941  3869  3869 D SurfaceFlinger:      DEVICE | 0x6fc16137c0 | 0002 | RGBA_8888    |    0.0    0.0  720.0 1560.0 |    0    0  720 1560 | Splash Screen com.example.dogglers#0
02-10 00:16:43.941  3869  3869 D SurfaceFlinger:      DEVICE | 0x6fc1614e40 | 0000 | RGBA_8888    |    0.0    0.0  720.0   53.0 |    0    0  720   53 | StatusBar$_28160#0
02-10 00:16:43.941  3869  3869 D SurfaceFlinger:      DEVICE | 0x704564f880 | 0000 | RGBA_8888    |    0.0    0.0   67.0  228.0 |  653  560  720  788 | com.samsung.android.app.cocktailbars[...]rservice.CocktailBarService$_30944#0
02-10 00:16:43.941  3869  3869 D SurfaceFlinger:      DEVICE | 0x6fc1614300 | 0000 | RGBA_8888    |    0.0    0.0  720.0   84.0 |    0 1476  720 1560 | NavigationBar0$_28160#0
02-10 00:16:43.941  3869  3869 D SurfaceFlinger:      DEVICE | 0x6fc1613e00 | 0000 | RGBA_8888    |    0.0    0.0  720.0  101.0 |    0    0  720  101 | ScreenDecorOverlay$_28160#0
02-10 00:16:43.941  3869  3869 D SurfaceFlinger:      DEVICE | 0x704564e980 | 0000 | RGBA_8888    |    0.0    0.0  720.0  101.0 |    0 1459  720 1560 | ScreenDecorOverlayBottom$_28160#0
02-10 00:16:43.941  3869  3869 D SurfaceFlinger:
02-10 00:16:43.942  3835  4018 D gralloc : [mali_gralloc_allocate] allocation successful
02-10 00:16:43.947 30944 30944 I TrayStateController: systemUiVisibilityChanged : 0 0
02-10 00:16:43.950  4224  4280 I ViewRootImpl@ab9a1d7[dogglers]: [DP] pdf(0) 1 android.view.ViewRootImpl.performDraw:4809 android.view.ViewRootImpl.performTraversals:3866 android.view.ViewRootImpl.doTraversal:2618
02-10 00:16:43.950  4224  4280 I ViewRootImpl@ab9a1d7[dogglers]: [DP] rdf()
02-10 00:16:43.958  6225  6225 I DecorView: [INFO] isPopOver=false, config=true
02-10 00:16:43.958  6225  6225 I DecorView: updateCaptionType >> DecorView@833a0b5[], isFloating=false, isApplication=true, hasWindowDecorCaption=false, hasWindowControllerCallback=true
02-10 00:16:43.958  6225  6225 D DecorView: setCaptionType = 0, this = DecorView@833a0b5[]
02-10 00:16:43.959  8238  8238 I ViewRootImpl@60176a2[LauncherActivity]: stopped(true) old=false
02-10 00:16:43.960  8238  8238 I StateManager: goToState isInState Normal
02-10 00:16:43.964  4224  4279 I SemPersonaManager: SecureFolder personaId = 150
02-10 00:16:43.967  3863  7628 V APM_AudioPolicyManager: setAppState(portId:28101, state:1)
02-10 00:16:43.967  3863  7628 V APM_AudioPolicyManager: setAppState(portId:28101, state:1)
02-10 00:16:43.971  8238  8238 W LauncherAppWidgetHost: setListenIfResumed, mFlags = 7
02-10 00:16:43.972  4224  6873 I AppWidgetServiceImpl: stopListening callbacks : null
02-10 00:16:43.973  8238  8238 W Launcher.NotificationListener: removeNotificationsChangedListener
02-10 00:16:43.973  8238  8238 I BadgeCountUpdaterImpl: onNotificationsChangedDisConnected
02-10 00:16:43.973  8238  8238 I Launcher.NotificationListener: unregisterObserver, this is not notificationService!!
02-10 00:16:43.974  8238  8238 I LiveIconUpdateEventHandler: cancelMinuteChangeAlarm
02-10 00:16:43.978  8238  8238 I LiveIconUpdateEventHandler: cancelDateChangeAlarm
02-10 00:16:43.995  6225  6225 D LifecycleMonitor: Lifecycle status change: com.example.dogglers.VerticalListActivity@f034f54 in: CREATED
02-10 00:16:43.996  6225  6225 V ActivityScenario: Update currentActivityStage to CREATED, currentActivity=com.example.dogglers.VerticalListActivity@f034f54
02-10 00:16:44.000  6225  6225 D LifecycleMonitor: Lifecycle status change: com.example.dogglers.VerticalListActivity@f034f54 in: STARTED
02-10 00:16:44.001  6225  6225 V ActivityScenario: Update currentActivityStage to STARTED, currentActivity=com.example.dogglers.VerticalListActivity@f034f54
02-10 00:16:44.003  6225  6225 D LifecycleMonitor: Lifecycle status change: com.example.dogglers.VerticalListActivity@f034f54 in: RESUMED
02-10 00:16:44.004  6225  6225 V ActivityScenario: Update currentActivityStage to RESUMED, currentActivity=com.example.dogglers.VerticalListActivity@f034f54
02-10 00:16:44.011  4224  4585 D InputTransport: Input channel constructed: 'd8e1042', fd=647
02-10 00:16:44.011  4224  4585 D InputTransport: Input channel constructed: 'd8e1042', fd=654
02-10 00:16:44.012  3869  3910 I SurfaceFlinger: id=203422 createSurf (0x0),-1 flag=80004, d8e1042 com.example.dogglers/com.example.dogglers.VerticalListActivity#0
02-10 00:16:44.012  4224  4585 D WindowManager: isScreenshotDisabledLocked - win: Window{d8e1042 u0 com.example.dogglers/com.example.dogglers.VerticalListActivity}
02-10 00:16:44.012  4224  4585 D WindowManager: isScreenshotDisabledLocked: userId = 0, disabled =false
02-10 00:16:44.013  4224  4585 D InputTransport: Input channel destroyed: 'd8e1042', fd=654
02-10 00:16:44.013  6225  6225 D InputTransport: Input channel constructed: 'd8e1042', fd=80
02-10 00:16:44.016  6225  6225 I ViewRootImpl@adec308[VerticalListActivity]: setView = com.android.internal.policy.DecorView@833a0b5 TM=true
02-10 00:16:44.018  6225  6225 D LifecycleMonitor: Lifecycle status change: androidx.test.core.app.InstrumentationActivityInvoker$BootstrapActivity@7fa1c45 in: STOPPED
02-10 00:16:44.019  6225  6225 V ActivityScenario: Activity lifecycle changed event received but ignored because the intent does not match. startActivityIntent=Intent { act=android.intent.action.MAIN cat=[android.intent.category.LAUNCHER] cmp=com.example.dogglers/.VerticalListActivity }, activity.getIntent()=Intent { act=android.intent.action.MAIN cat=[android.intent.category.LAUNCHER] flg=0x10008000 cmp=com.example.dogglers/androidx.test.core.app.InstrumentationActivityInvoker$BootstrapActivity (has extras) }, activity=androidx.test.core.app.InstrumentationActivityInvoker$BootstrapActivity@7fa1c45
02-10 00:16:44.022  4224  4279 D EnterpriseDeviceManagerService: isMdmAdminPresentInternal() : MDM Admin Found - com.samsung.knox.securefolder
02-10 00:16:44.028  8238  8238 I LiveIconUpdateEventHandler: unregisterReceiver
02-10 00:16:44.032  4224  4536 D SemWifiApTrafficPoller: received START_TRAFFIC_CHECK
02-10 00:16:44.035  4224  6873 V WindowManager: Relayout Window{d8e1042 u0 com.example.dogglers/com.example.dogglers.VerticalListActivity}: viewVisibility=0 req=720x1560
02-10 00:16:44.037  4224  6873 D WindowManager: isScreenshotDisabledLocked - win: Window{d8e1042 u0 com.example.dogglers/com.example.dogglers.VerticalListActivity}
02-10 00:16:44.037  4224  6873 D WindowManager: isScreenshotDisabledLocked: userId = 0, disabled =false
02-10 00:16:44.037  3869  4404 I SurfaceFlinger: id=203423 createSurf (720x1560),1 flag=404, com.example.dogglers/com.example.dogglers.VerticalListActivity$_6225#0
02-10 00:16:44.040  4224  6873 I SurfaceControl: nativeRelease nativeObject s[522491099776]
02-10 00:16:44.040  4224  6873 I SurfaceControl: nativeRelease nativeObject e[522491099776]
02-10 00:16:44.040 30944 30944 I TrayStateController: systemUiVisibilityChanged : 0 0
02-10 00:16:44.040  3869  5906 I SurfaceFlinger: id=203424 createSurf (0x0),-1 flag=24000, Surface(name=e251250 StatusBar)/@0x2cedeea - animation-leash#0
02-10 00:16:44.041  4224  6873 I SurfaceControl: nativeRelease nativeObject s[522306337152]
02-10 00:16:44.041  4224  6873 I SurfaceControl: nativeRelease nativeObject e[522306337152]
02-10 00:16:44.041  3869  5906 I SurfaceFlinger: id=203425 createSurf (0x0),-1 flag=24000, Surface(name=c590bf6 NavigationBar0)/@0x33ffa64 - animation-leash#1
02-10 00:16:44.043  4224  6873 V WindowManager: Relayout hash=d8e1042, pid=6225: mAttrs={(0,0)(fillxfill) sim={adjust=resize forwardNavigation} ty=BASE_APPLICATION wanim=0x1030304
02-10 00:16:44.043  4224  6873 V WindowManager:   fl=81810100
02-10 00:16:44.043  4224  6873 V WindowManager:   pfl=12020000
02-10 00:16:44.043  4224  6873 V WindowManager:   fitSides= naviIconColor=0}
02-10 00:16:44.044 28160 28160 D KeyguardUpdateMonitor: updateBiometricListeningState()
02-10 00:16:44.044  4224  6873 I SurfaceControl: nativeRelease nativeObject s[522304756960]
02-10 00:16:44.044 28160 28160 D KeyguardFingerPrint: shouldListenForFingerprint ( isFingerprintEnabled = false , mKeyguardIsVisible = false , mDeviceInteractive = true , mBouncer = false , mGoingToSleep = false , mSwitchingUser = false , mKeyguardUnlocking = true , mKeyguardGoingAway = true , mKeyguardShowing = false , mKeyguardOccluded = false , mSystemReady = true , mHasFocus = false
02-10 00:16:44.044  4224  6873 I SurfaceControl: nativeRelease nativeObject e[522304756960]
02-10 00:16:44.044 28160 28160 D KeyguardFingerPrint: updateFingerprintListeningState#mFingerprintRunningState=0 shouldListenForFingerprint=false
02-10 00:16:44.044 28160 28160 D KeyguardFace: shouldListenForFace ( isFaceDefaultCondition = false , mKeyguardIsVisible = false , mDeviceInteractive = true , mBouncer = false , mSwitchingUser = false , mGoingToSleep = false , mKeyguardGoingAway = true , mKeyguardUnlocking = true , mIsPickedUp = false , mIsEarlyWakeUp = false , mIsScreenSaverRunning = false , mSystemReady = true)
02-10 00:16:44.044 28160 28160 D KeyguardFace: shouldListenForFace ( return false, Face is not default condition)
02-10 00:16:44.044 28160 28160 D KeyguardFace: Can't stop stopListeningForFace(), mFaceRunningState = 0
02-10 00:16:44.047  6225  6225 I SurfaceControl: assignNativeObject: nativeObject = 0 Surface(name=null)/@0x75aaa1 / android.view.SurfaceControl.readFromParcel:1117 android.view.IWindowSession$Stub$Proxy.relayout:1820 android.view.ViewRootImpl.relayoutWindow:9005 android.view.ViewRootImpl.performTraversals:3360 android.view.ViewRootImpl.doTraversal:2618 android.view.ViewRootImpl$TraversalRunnable.run:9971 android.view.Choreographer$CallbackRecord.run:1010 android.view.Choreographer.doCallbacks:809 android.view.Choreographer.doFrame:744 android.view.Choreographer$FrameDisplayEventReceiver.run:995
02-10 00:16:44.049  6225  6225 I ViewRootImpl@adec308[VerticalListActivity]: Relayout returned: old=(0,0,720,1560) new=(0,0,720,1560) req=(720,1560)0 dur=13 res=0x7 s={true 522409869312} ch=true fn=-1
02-10 00:16:44.053  3869  4404 I Layer   : id=203420 removeFromCurrentState Surface(name=e251250 StatusBar)/@0x2cedeea - animation-leash#1 (92)
02-10 00:16:44.053  3869  4404 I Layer   : id=203421 removeFromCurrentState Surface(name=c590bf6 NavigationBar0)/@0x33ffa64 - animation-leash#0 (92)
02-10 00:16:44.054  3835  4018 D gralloc : [mali_gralloc_allocate] begin
02-10 00:16:44.054  3835  4018 D gralloc : buffer_descriptor: wh(720 1560) usage_pc(0x40000000000b00 0x40000000000b00) hal_format(0x1) layer_count(1) sizes(0 0 0) strde(0) byte_stride(0) alloc_wh(0 0) internal_format(0x0) alloc_format(0x0) fd_count(1) plane_count(0)
02-10 00:16:44.055  4224  4280 I SurfaceControl: nativeRelease nativeObject s[522304751584]
02-10 00:16:44.055  3835  4018 D gralloc : [mali_gralloc_allocate] allocation successful
02-10 00:16:44.055  4224  4280 I SurfaceControl: nativeRelease nativeObject e[522304751584]
02-10 00:16:44.055  4224  4280 I SurfaceControl: nativeRelease nativeObject s[522491576064]
02-10 00:16:44.055  4224  4280 I SurfaceControl: nativeRelease nativeObject e[522491576064]
02-10 00:16:44.055  3869  5906 I SurfaceFlinger: id=203421 Removed Surface(name=c590bf6 NavigationBar0)/@0x33ffa64 - animation-leash#0 (92)
02-10 00:16:44.055  3869  5906 I SurfaceFlinger: id=203420 Removed Surface(name=e251250 StatusBar)/@0x2cedeea - animation-leash#1 (92)
02-10 00:16:44.056  3835  4018 D gralloc : [mali_gralloc_allocate] begin
02-10 00:16:44.056  3835  4018 D gralloc : buffer_descriptor: wh(720 1560) usage_pc(0x40000000000b00 0x40000000000b00) hal_format(0x1) layer_count(1) sizes(0 0 0) strde(0) byte_stride(0) alloc_wh(0 0) internal_format(0x0) alloc_format(0x0) fd_count(1) plane_count(0)
02-10 00:16:44.059  3835  4018 D gralloc : [mali_gralloc_allocate] allocation successful
02-10 00:16:44.060  3835  4018 D gralloc : [mali_gralloc_allocate] begin
02-10 00:16:44.060  3835  4018 D gralloc : buffer_descriptor: wh(720 1560) usage_pc(0x40000000000b00 0x40000000000b00) hal_format(0x1) layer_count(1) sizes(0 0 0) strde(0) byte_stride(0) alloc_wh(0 0) internal_format(0x0) alloc_format(0x0) fd_count(1) plane_count(0)
02-10 00:16:44.063  3835  4018 D gralloc : [mali_gralloc_allocate] allocation successful
02-10 00:16:44.065  3869  3869 I Layer   : id=203420[1] Destroyed Surface(name=e251250 StatusBar)/@0x2cedeea - animation-leash#1
02-10 00:16:44.065  3869  3869 I Layer   : id=203421[1] Destroyed Surface(name=c590bf6 NavigationBar0)/@0x33ffa64 - animation-leash#0
02-10 00:16:44.068  4224  6873 I SurfaceControl: nativeRelease nativeObject s[522491580288]
02-10 00:16:44.068  4224  6873 I SurfaceControl: nativeRelease nativeObject e[522491580288]
02-10 00:16:44.069  3869  3910 I Layer   : id=203407 removeFromCurrentState com.sec.android.app.launcher/com.sec.android.app.launcher.activities.LauncherActivity$_8238#0 (90)
02-10 00:16:44.072  3869  3910 I SurfaceFlinger: id=203407 Removed com.sec.android.app.launcher/com.sec.android.app.launcher.activities.LauncherActivity$_8238#0 (90)
02-10 00:16:44.073  4224  4277 D SehCodecSolutionService: Update top [com.example.dogglers]
02-10 00:16:44.082  3869  3869 I Layer   : id=203407[1] Destroyed com.sec.android.app.launcher/com.sec.android.app.launcher.activities.LauncherActivity$_8238#0
02-10 00:16:44.149  6225  6225 I ViewRootImpl@adec308[VerticalListActivity]: [DP] dp(1) 1 android.view.ViewRootImpl.reportNextDraw:10957 android.view.ViewRootImpl.performTraversals:3845 android.view.ViewRootImpl.doTraversal:2618
02-10 00:16:44.149  6225  6225 I ViewRootImpl@adec308[VerticalListActivity]: [DP] pd() Asnyc report
02-10 00:16:44.176  6225  6225 I ViewRootImpl@adec308[VerticalListActivity]: [DP] pdf(0) 1 android.view.ViewRootImpl.lambda$performDraw$1$ViewRootImpl:4668 android.view.-$$Lambda$ViewRootImpl$DJd0VUYJgsebcnSohO6h8zc_ONI.run:6 android.os.Handler.handleCallback:938
02-10 00:16:44.176  6225  6225 I ViewRootImpl@adec308[VerticalListActivity]: [DP] rdf()
02-10 00:16:44.181  4224  4280 D PkgPredictorService: pkg:com.example.dogglers activity:com.example.dogglers.VerticalListActivity thisTime:382
02-10 00:16:44.181  4224  4280 D PkgPredictorService-Collector: update activity launch time: VerticalListActivity : 382
02-10 00:16:44.181  4224  4280 I SemDvfsHyPerManager: acquire hyper - AMS_RESUME_TAIL/4224@18, type = -999
02-10 00:16:44.181  4224  4280 I SemDvfsHyPerManager: acquire hyper - AMS_ACT_LAZY/4224@19, type = -999
02-10 00:16:44.182  3846  3877 I HYPER-HAL: [RequestManager.cpp]acquire(): Acquired ID : 8999421  [4224 / 18]    HINT : AMS_RESUME_TAIL    list :
02-10 00:16:44.182  4224  4284 D ArtManagerInternalImpl: /data/misc/iorapd/com.example.dogglers/1/com.example.dogglers.VerticalListActivity/compiled_traces/compiled_trace.pb doesn't exist
02-10 00:16:44.182  3846  3877 E HYPER-HAL: [HandlerSysfs.cpp]doResourceHandling(): Couldn't Open Sysfs - /sys/power/cstate_control
02-10 00:16:44.182  3846  3877 I HYPER-HAL: [ResourceManager.cpp]updateResource(): [CPUMinFreq] UpdateResource Request ID : 8999421    Value : 1560000
02-10 00:16:44.183  3846  3877 I HYPER-HAL: [RequestManager.cpp]acquire(): Acquired ID : 9003665  [4224 / 19]    HINT :      list :
02-10 00:16:44.183  3846  3877 E HYPER-HAL: [Request.cpp]acquire(): Request:: id : 9003665, No Resource to set
02-10 00:16:44.183  3846  3877 E HYPER-HAL: [HandlerSysfs.cpp]doResourceHandling(): Couldn't Open Sysfs - /sys/power/cstate_control
02-10 00:16:44.183  3846  3877 I HYPER-HAL: [ResourceManager.cpp]removeResource(): [CPUMinFreq] RemoveResource Request ID : 9007910
02-10 00:16:44.184  3846  3877 I HYPER-HAL: [RequestManager.cpp]releaseLocked(): Released ID : 9007910
02-10 00:16:44.185  4224  4284 I ActivityTaskManager: Displayed com.example.dogglers/.VerticalListActivity: +382ms
02-10 00:16:44.189  4224  4280 D ViewRootImpl@ab9a1d7[dogglers]: dispatchDetachedFromWindow: reset blurmask
02-10 00:16:44.189  4224  4280 I ViewRootImpl@ab9a1d7[dogglers]: dispatchDetachedFromWindow
02-10 00:16:44.190  4224  4280 I SurfaceControl: nativeRelease nativeObject s[522304751680]
02-10 00:16:44.190  4224  4280 I SurfaceControl: nativeRelease nativeObject e[522304751680]
02-10 00:16:44.191  4224  4280 D InputTransport: Input channel destroyed: '3a39ac4', fd=455
02-10 00:16:44.192  3869  3910 I SurfaceFlinger: id=203426 createSurf (0x0),-1 flag=24000, Surface(name=3a39ac4 Splash Screen com.example.dogglers)/@0x4230565 - animation-leash#0
02-10 00:16:44.195  4224  4280 D InputTransport: Input channel destroyed: '3a39ac4', fd=479
02-10 00:16:44.200  4224  6873 I InputDispatcher: Focus entered window (6225): d8e1042 in display 0 0
02-10 00:16:44.214  6225  6225 I ViewRootImpl@adec308[VerticalListActivity]: MSG_WINDOW_FOCUS_CHANGED 1 1
02-10 00:16:44.215  6225  6225 D InputMethodManager: prepareNavigationBarInfo() DecorView@833a0b5[VerticalListActivity]
02-10 00:16:44.215  6225  6225 D InputMethodManager: getNavigationBarColor() -16711423
02-10 00:16:44.217  6225  6225 D InputMethodManager: prepareNavigationBarInfo() DecorView@833a0b5[VerticalListActivity]
02-10 00:16:44.217  6225  6225 D InputMethodManager: getNavigationBarColor() -16711423
02-10 00:16:44.217  6225  6225 V InputMethodManager: Starting input: tba=com.example.dogglers ic=null mNaviBarColor -16711423 mIsGetNaviBarColorSuccess true , NavVisible : true , NavTrans : false
02-10 00:16:44.217  6225  6225 D InputMethodManager: startInputInner - Id : 0
02-10 00:16:44.217  6225  6225 I InputMethodManager: startInputInner - mService.startInputOrWindowGainedFocus
02-10 00:16:44.218  4224  6873 D InputMethodManagerService: mSecureKeypadEnabled = false
02-10 00:16:44.219  4224  6873 V InputMethodManagerService: hideCurrentInputLocked : shouldHideSoftInput is false
02-10 00:16:44.219  4224  6873 D InputMethodManagerService: mDesktopModeManager null!
02-10 00:16:44.219  4224  6873 V InputMethodManagerService: getDisplayIdOfInputMethodWindowToBeAdded : 0
02-10 00:16:44.219  4224  6873 D SamsungIMMSHWKeyboard: isConnectedDexOnPC false
02-10 00:16:44.219  4224  6873 D InputMethodManagerService: isImeSwitcherDisabledPackage : false
02-10 00:16:44.220  4224  6873 D InputMethodManagerService: checkDisplayOfStartInputAndUpdateKeyboard display Id 0last 0
02-10 00:16:44.220  4224  6873 D InputTransport: Input channel constructed: 'ClientS', fd=224
02-10 00:16:44.220  4224  6873 D InputTransport: Input channel destroyed: 'ClientS', fd=224
02-10 00:16:44.221  6225  6225 D InputTransport: Input channel constructed: 'ClientS', fd=89
02-10 00:16:44.222  4224  6873 I SurfaceControl: nativeRelease nativeObject s[522215185504]
02-10 00:16:44.222  4224  6873 I SurfaceControl: nativeRelease nativeObject e[522215185504]
02-10 00:16:44.223  3869  5906 I SurfaceFlinger: id=203427 createSurf (0x0),-1 flag=24004, Surface(name=7fb2291 InputMethod)/@0xe6a7df7 - animation-leash#1
02-10 00:16:44.224  8265  8265 I HBD     : HoneyBoardService onFinishInput
02-10 00:16:44.225  8265  8265 I HBD     : a IC have been unbinded,  InputConnectionWrapper{idHash=#edc31b0 mMissingMethods=}
02-10 00:16:44.225  8265  8265 I HBD     : HoneyBoardService [PF_CL][onFinishInput]  483461 ns
02-10 00:16:44.226  8265  8265 I HBD     : HoneyBoardService [IMI] onStartInput - caller pid : 6225 , caller uid : 11512
02-10 00:16:44.226  8265  8265 I HBD     : i updateConfigs
02-10 00:16:44.226  8265  8265 I HBD     : i isEnabledNightMode : true
02-10 00:16:44.226  8265  8265 I HBD     : a IC have been binded, InputConnectionWrapper{idHash=#37057ae mMissingMethods=}
02-10 00:16:44.226  8265  8265 I HBD     : h [EditorInputType]setPrivateImeOptionsToTable privateImeOptions ( null )
02-10 00:16:44.226  8265  8265 I HBD     : b incognitoMode : false
02-10 00:16:44.226  8265  8265 I HBD     : a needOff = true , isForceOff = false, isNullInputClass : true
02-10 00:16:44.226  8265  8265 I HBD     : h getDefaultInputRange : UNKNOWN
02-10 00:16:44.227  8265  8265 I HBD     : h getDefaultInputRange : UNKNOWN
02-10 00:16:44.227  8265  8265 I HBD     : h getDefaultInputRange : UNKNOWN
02-10 00:16:44.227  6225  6225 I ViewInteraction: Checking 'MatchesViewAssertion{viewMatcher=(view has effective visibility <VISIBLE> and view.getGlobalVisibleRect() to return non-empty rectangle)}' assertion on view an instance of android.widget.TextView and view.getText() with or without transformation to match: is "Tzeitel"
02-10 00:16:44.228  4224  6873 D SdpManagerService: Not an enterprise user : 0
02-10 00:16:44.228  4224  6873 D SdpManagerService: Not an enterprise user : 0
02-10 00:16:44.229  8265  8265 I HBD     : h getDefaultInputRange : UNKNOWN
02-10 00:16:44.229  8265  8265 I HBD     : a currentState : 0
02-10 00:16:44.230  3803  3808 E statsd  : Predicate -7037417284711607308 dropping data for dimension key (10)0x2010101->11512[I] (10)0x30000->*launch*[S]
02-10 00:16:44.231  3803  3808 E statsd  : Predicate 5980654721335871649 dropping data for dimension key (10)0x2010101->11512[I] (10)0x30000->*launch*[S]
02-10 00:16:44.232  3846  6321 I HYPER-HAL: [ResourceManager.cpp]removeResource(): [CPUMinFreq] RemoveResource Request ID : 9050415
02-10 00:16:44.232  6225  6225 I ViewInteraction: Checking 'MatchesViewAssertion{viewMatcher=(view has effective visibility <VISIBLE> and view.getGlobalVisibleRect() to return non-empty rectangle)}' assertion on view an instance of android.widget.TextView and view.getText() with or without transformation to match: is "Age: 7"
02-10 00:16:44.232  3846  6321 I HYPER-HAL: [RequestManager.cpp]releaseLocked(): Released ID : 9050415
02-10 00:16:44.236  8265  8265 I HBD     : h load selected json info : {"version":"1.0","currentLanguageOrder":0,"selected":[{"activeOptionList":["auto_replace","auto_spacing"],"engName":"English","id":65538,"inputType":"qwerty","isUsed":true},{"activeOptionList":["auto_replace","auto_spacing"],"engName":"Arabic","id":5308416,"inputType":"qwerty","isUsed":true}]}
02-10 00:16:44.237  8265  8265 I HBD     : a [UpdatePolicy] [post] a: 0 cl: 65538 kit: [0/0] vt: 0 ir: 1
02-10 00:16:44.237  6225  6225 I ViewInteraction: Checking 'MatchesViewAssertion{viewMatcher=(view has effective visibility <VISIBLE> and view.getGlobalVisibleRect() to return non-empty rectangle)}' assertion on view an instance of android.widget.TextView and view.getText() with or without transformation to match: is "Hobbies: sunbathing"
02-10 00:16:44.238  8265  8265 I HBD     : HoneyBoardService [PF_OP][onStartInput]  12154961 ns
02-10 00:16:44.238  3869  4404 I Layer   : id=203414 removeFromCurrentState Surface(name=7fb2291 InputMethod)/@0xe6a7df7 - animation-leash#0 (91)
02-10 00:16:44.239  3869  3869 D SurfaceFlinger: Display 0 HWC layers:
02-10 00:16:44.239  3869  3869 D SurfaceFlinger:      DEVICE | 0x6fc1614d00 | 0002 | RGBA_8888    |    0.0    0.0  720.0 1560.0 |    0    0  720 1560 | com.example.dogglers/com.example.dogglers.VerticalListActivity$_6225#0
02-10 00:16:44.239  3869  3869 D SurfaceFlinger:      DEVICE | 0x704564e840 | 0002 | RGBA_8888    |    0.0    0.0  720.0 1560.0 |    0    0  720 1560 | Splash Screen com.example.dogglers#0
02-10 00:16:44.239  3869  3869 D SurfaceFlinger:      DEVICE | 0x6fc1614e40 | 0000 | RGBA_8888    |    0.0    0.0  720.0   53.0 |    0    0  720   53 | StatusBar$_28160#0
02-10 00:16:44.239  3869  3869 D SurfaceFlinger:      DEVICE | 0x704564f880 | 0000 | RGBA_8888    |    0.0    0.0   67.0  228.0 |  653  560  720  788 | com.samsung.android.app.cocktailbars[...]rservice.CocktailBarService$_30944#0
02-10 00:16:44.239  3869  3869 D SurfaceFlinger:      DEVICE | 0x6fc1614f80 | 0000 | RGBA_8888    |    0.0    0.0  720.0   84.0 |    0 1476  720 1560 | NavigationBar0$_28160#0
02-10 00:16:44.239  3869  3869 D SurfaceFlinger:      DEVICE | 0x6fc1613e00 | 0000 | RGBA_8888    |    0.0    0.0  720.0  101.0 |    0    0  720  101 | ScreenDecorOverlay$_28160#0
02-10 00:16:44.239  3869  3869 D SurfaceFlinger:      DEVICE | 0x704564e980 | 0000 | RGBA_8888    |    0.0    0.0  720.0  101.0 |    0 1459  720 1560 | ScreenDecorOverlayBotto
02-10 00:16:44.239  3869  3869 D SurfaceFlinger: m$_28160#0
02-10 00:16:44.239  3869  3869 D SurfaceFlinger:
02-10 00:16:44.240  8238  8238 I SurfaceControl: nativeRelease nativeObject s[524539706144]
02-10 00:16:44.240  8238  8238 I SurfaceControl: nativeRelease nativeObject e[524539706144]
02-10 00:16:44.241  4224  4280 I SurfaceControl: nativeRelease nativeObject s[522491576064]
02-10 00:16:44.241  4224  4280 I SurfaceControl: nativeRelease nativeObject e[522491576064]
02-10 00:16:44.242  4224  4280 I SurfaceControl: nativeRelease nativeObject s[522304749760]
02-10 00:16:44.242  4224  4280 I SurfaceControl: nativeRelease nativeObject e[522304749760]
02-10 00:16:44.242  3869  4404 I Layer   : id=203418 removeFromCurrentState Splash Screen com.example.dogglers#0 (91)
02-10 00:16:44.243  4224  4280 I SurfaceControl: nativeRelease nativeObject s[522491099296]
02-10 00:16:44.243  4224  4280 I SurfaceControl: nativeRelease nativeObject e[522491099296]
02-10 00:16:44.245  3869  4404 I Layer   : id=203417 removeFromCurrentState 3a39ac4 Splash Screen com.example.dogglers#0 (91)
02-10 00:16:44.245  3869  4404 I Layer   : id=203426 removeFromCurrentState Surface(name=3a39ac4 Splash Screen com.example.dogglers)/@0x4230565 - animation-leash#0 (91)
02-10 00:16:44.245  3869  4404 I SurfaceFlinger: id=203426 Removed Surface(name=3a39ac4 Splash Screen com.example.dogglers)/@0x4230565 - animation-leash#0 (91)
02-10 00:16:44.245  3869  5906 I SurfaceFlinger: id=203417 Removed 3a39ac4 Splash Screen com.example.dogglers#0 (91)
02-10 00:16:44.245  3869  5127 I SurfaceFlinger: id=203418 Removed Splash Screen com.example.dogglers#0 (91)
02-10 00:16:44.248  3869  3869 I Layer   : id=203426[1] Destroyed Surface(name=3a39ac4 Splash Screen com.example.dogglers)/@0x4230565 - animation-leash#0
02-10 00:16:44.248  3869  3869 I Layer   : id=203417[1] Destroyed 3a39ac4 Splash Screen com.example.dogglers#0
02-10 00:16:44.252  3869  3869 I Layer   : id=203418[1] Destroyed Splash Screen com.example.dogglers#0
02-10 00:16:44.255  3869  3869 D SurfaceFlinger: Display 0 HWC layers:
02-10 00:16:44.255  3869  3869 D SurfaceFlinger:      DEVICE | 0x6fc1614d00 | 0002 | RGBA_8888    |    0.0    0.0  720.0 1560.0 |    0    0  720 1560 | com.example.dogglers/com.example.dogglers.VerticalListActivity$_6225#0
02-10 00:16:44.255  3869  3869 D SurfaceFlinger:      DEVICE | 0x6fc1614e40 | 0000 | RGBA_8888    |    0.0    0.0  720.0   53.0 |    0    0  720   53 | StatusBar$_28160#0
