02-10 00:16:44.837  6225  6225 I SurfaceControl: assignNativeObject: nativeObject = 0 Surface(name=null)/@0xb66c9ba / android.view.SurfaceControl.readFromParcel:1117 android.view.IWindowSession$Stub$Proxy.relayout:1820 android.view.ViewRootImpl.relayoutWindow:9005 android.view.ViewRootImpl.performTraversals:3360 android.view.ViewRootImpl.doTraversal:2618 android.view.ViewRootImpl$TraversalRunnable.run:9971 android.view.Choreographer$CallbackRecord.run:1010 android.view.Choreographer.doCallbacks:809 android.view.Choreographer.doFrame:744 android.view.Choreographer$FrameDisplayEventReceiver.run:995
02-10 00:16:44.838  6225  6225 I SurfaceControl: nativeRelease nativeObject s[522849930144]
02-10 00:16:44.838  6225  6225 I SurfaceControl: nativeRelease nativeObject e[522849930144]
02-10 00:16:44.838  6225  6225 I ViewRootImpl@a9cfae5[InstrumentationActivityInvoker$EmptyActivity]: Relayout returned: old=(0,0,720,1560) new=(0,0,720,1560) req=(720,1560)8 dur=7 res=0x5 s={false 0} ch=true fn=2
02-10 00:16:44.839  6225  6225 I ViewRootImpl@a9cfae5[InstrumentationActivityInvoker$EmptyActivity]: stopped(true) old=false
02-10 00:16:44.840  6225  6225 D LifecycleMonitor: Lifecycle status change: androidx.test.core.app.InstrumentationActivityInvoker$EmptyActivity@54542b0 in: STOPPED
02-10 00:16:44.840  6225  6225 V ActivityScenario: Activity lifecycle changed event received but ignored because the intent does not match. startActivityIntent=Intent { act=android.intent.action.MAIN cat=[android.intent.category.LAUNCHER] cmp=com.example.dogglers/.VerticalListActivity }, activity.getIntent()=Intent { act=android.intent.action.MAIN cat=[android.intent.category.LAUNCHER] flg=0x10000000 cmp=com.example.dogglers/androidx.test.core.app.InstrumentationActivityInvoker$EmptyActivity }, activity=androidx.test.core.app.InstrumentationActivityInvoker$EmptyActivity@54542b0
02-10 00:16:44.842  6225  6225 D LifecycleMonitor: Lifecycle status change: androidx.test.core.app.InstrumentationActivityInvoker$EmptyActivity@54542b0 in: DESTROYED
02-10 00:16:44.843  6225  6225 V ActivityScenario: Activity lifecycle changed event received but ignored because the intent does not match. startActivityIntent=Intent { act=android.intent.action.MAIN cat=[android.intent.category.LAUNCHER] cmp=com.example.dogglers/.VerticalListActivity }, activity.getIntent()=Intent { act=android.intent.action.MAIN cat=[android.intent.category.LAUNCHER] flg=0x10000000 cmp=com.example.dogglers/androidx.test.core.app.InstrumentationActivityInvoker$EmptyActivity }, activity=androidx.test.core.app.InstrumentationActivityInvoker$EmptyActivity@54542b0
02-10 00:16:44.845  6225  6225 I ViewRootImpl@a9cfae5[InstrumentationActivityInvoker$EmptyActivity]: dispatchDetachedFromWindow
02-10 00:16:44.845  4224  4842 D InputTransport: Input channel destroyed: '4255908', fd=628
02-10 00:16:44.845  4224  4842 I SurfaceControl: nativeRelease nativeObject s[522304758112]
02-10 00:16:44.845  4224  4842 I SurfaceControl: nativeRelease nativeObject e[522304758112]
02-10 00:16:44.845  4224  4842 D WindowManager: isScreenshotDisabledLocked - win: Window{4255908 u0 com.example.dogglers/androidx.test.core.app.InstrumentationActivityInvoker$EmptyActivity}
02-10 00:16:44.845  4224  4842 D WindowManager: isScreenshotDisabledLocked: userId = 0, disabled =false
02-10 00:16:44.846  4224  4842 I SurfaceControl: nativeRelease nativeObject s[522215183392]
02-10 00:16:44.846  4224  4842 I SurfaceControl: nativeRelease nativeObject e[522215183392]
02-10 00:16:44.846  3869  5906 I SurfaceFlinger: id=203440 createSurf (0x0),-1 flag=24004, Surface(name=7fb2291 InputMethod)/@0xe6a7df7 - animation-leash#0
02-10 00:16:44.847  4224  4842 I SurfaceControl: nativeRelease nativeObject s[522491576256]
02-10 00:16:44.847  4224  4842 I SurfaceControl: nativeRelease nativeObject e[522491576256]
02-10 00:16:44.848  3869  5906 I Layer   : id=203430 removeFromCurrentState com.example.dogglers/androidx.test.core.app.InstrumentationActivityInvoker$EmptyActivity$_6225#0 (93)
02-10 00:16:44.849  4224  6873 I InputDispatcher: Focus left window (6225): d61fb68 in display 0 0
02-10 00:16:44.851  3869  5127 I Layer   : id=203429 removeFromCurrentState 4255908 com.example.dogglers/androidx.test.core.app.InstrumentationActivityInvoker$EmptyActivity#0 (93)
02-10 00:16:44.851  3869  5127 I Layer   : id=203435 removeFromCurrentState Surface(name=7fb2291 InputMethod)/@0xe6a7df7 - animation-leash#1 (93)
02-10 00:16:44.852  3869  5127 I SurfaceFlinger: id=203430 Removed com.example.dogglers/androidx.test.core.app.InstrumentationActivityInvoker$EmptyActivity$_6225#0 (93)
02-10 00:16:44.852  3869  5127 I SurfaceFlinger: id=203429 Removed 4255908 com.example.dogglers/androidx.test.core.app.InstrumentationActivityInvoker$EmptyActivity#0 (93)
02-10 00:16:44.852  6225  6225 D InputTransport: Input channel destroyed: '4255908', fd=86
02-10 00:16:44.856  4224  6873 I SurfaceControl: nativeRelease nativeObject s[522491580288]
02-10 00:16:44.856  4224  6873 I SurfaceControl: nativeRelease nativeObject e[522491580288]
02-10 00:16:44.859  6225  6225 D LifecycleMonitor: Lifecycle status change: androidx.test.core.app.InstrumentationActivityInvoker$EmptyActivity@17f8874 in: PAUSED
02-10 00:16:44.859  6225  6225 V ActivityScenario: Activity lifecycle changed event received but ignored because the intent does not match. startActivityIntent=Intent { act=android.intent.action.MAIN cat=[android.intent.category.LAUNCHER] cmp=com.example.dogglers/.VerticalListActivity }, activity.getIntent()=Intent { act=android.intent.action.MAIN cat=[android.intent.category.LAUNCHER] flg=0x10000000 cmp=com.example.dogglers/androidx.test.core.app.InstrumentationActivityInvoker$EmptyActivity }, activity=androidx.test.core.app.InstrumentationActivityInvoker$EmptyActivity@17f8874
02-10 00:16:44.861  4224  4375 I SemDvfsHyPerManager: acquire hyper - AMS_APP_HOME/4224@32, type = -999
02-10 00:16:44.862  3846  3877 I HYPER-HAL: [RequestManager.cpp]acquire(): Acquired ID : 9058928  [4224 / 32]    HINT : AMS_APP_HOME    list :
02-10 00:16:44.862  3846  3877 E HYPER-HAL: [HandlerSysfs.cpp]doResourceHandling(): Couldn't Open Sysfs - /sys/power/cstate_control
02-10 00:16:44.862  3846  3877 I HYPER-HAL: [ResourceManager.cpp]updateResource(): [CPUMinFreq] UpdateResource Request ID : 9058928    Value : 1560000
02-10 00:16:44.863  3803  3808 E statsd  : Predicate -7037417284711607308 dropping data for dimension key (10)0x2010101->11512[I] (10)0x30000->*launch*[S]
02-10 00:16:44.863  3803  3808 E statsd  : Predicate 5980654721335871649 dropping data for dimension key (10)0x2010101->11512[I] (10)0x30000->*launch*[S]
02-10 00:16:44.863  6941  6941 I SemDvfsHyPerManager: acquire hyper - com.sec.android.sdhms/6941@9, type = -999
02-10 00:16:44.864  3846  3877 I HYPER-HAL: [RequestManager.cpp]acquire(): Acquired ID : 24154734  [6941 / 9]    HINT : APP_START    list :
02-10 00:16:44.864  3846  3877 E HYPER-HAL: [HandlerSysfs.cpp]doResourceHandling(): Couldn't Open Sysfs - /sys/kernel/mm/vmscan/am_app_launch
02-10 00:16:44.864  3846  3877 I HYPER-HAL: [ResourceManager.cpp]updateResource(): [CPUMaxFreq] UpdateResource Request ID : 24154734    Value : 1560000
02-10 00:16:44.865  4224  4375 V WindowOrientationListener: getProposedRotation: -1
02-10 00:16:44.865  3869  3869 I Layer   : id=203429[1] Destroyed 4255908 com.example.dogglers/androidx.test.core.app.InstrumentationActivityInvoker$EmptyActivity#0
02-10 00:16:44.865  4224  4375 V WindowOrientationListener: getProposedRotation: -1
02-10 00:16:44.866  3869  3869 I Layer   : id=203430[1] Destroyed com.example.dogglers/androidx.test.core.app.InstrumentationActivityInvoker$EmptyActivity$_6225#0
02-10 00:16:44.867  4224  4375 V WindowOrientationListener: getProposedRotation: -1
02-10 00:16:44.872  3869  5127 I Layer   : id=203428 removeFromCurrentState ActivityRecord{238f131 u0 com.example.dogglers/androidx.test.core.app.InstrumentationActivityInvoker$EmptyActivity t5808}#0 (91)
02-10 00:16:44.873  3869  5127 I SurfaceFlinger: id=203428 Removed ActivityRecord{238f131 u0 com.example.dogglers/androidx.test.core.app.InstrumentationActivityInvoker$EmptyActivity t5808}#0 (91)
02-10 00:16:44.874  6225  6225 I ViewRootImpl@462ba99[InstrumentationActivityInvoker$EmptyActivity]: MSG_WINDOW_FOCUS_CHANGED 0 1
02-10 00:16:44.875  6225  6225 I ViewRootImpl@462ba99[InstrumentationActivityInvoker$EmptyActivity]: MSG_WINDOW_FOCUS_CHANGED 0 1
02-10 00:16:44.876  6225  6252 I TestRunner: finished: vertical_scroll_content_at_first_position(com.example.dogglers.VerticalListTests)
