02-10 00:16:41.690  3835  4018 D gralloc : [mali_gralloc_allocate] begin
02-10 00:16:41.690  3835  4018 D gralloc : buffer_descriptor: wh(720 1560) usage_pc(0x40000000000b00 0x40000000000b00) hal_format(0x1) layer_count(1) sizes(0 0 0) strde(0) byte_stride(0) alloc_wh(0 0) internal_format(0x0) alloc_format(0x0) fd_count(1) plane_count(0)
02-10 00:16:41.691  3835  4018 D gralloc : [mali_gralloc_allocate] allocation successful
02-10 00:16:41.698  6225  6225 I ViewRootImpl@4df9562[InstrumentationActivityInvoker$EmptyActivity]: [DP] pdf(0) 1 android.view.ViewRootImpl.lambda$performDraw$1$ViewRootImpl:4668 android.view.-$$Lambda$ViewRootImpl$DJd0VUYJgsebcnSohO6h8zc_ONI.run:6 android.os.Handler.handleCallback:938
02-10 00:16:41.698  6225  6225 I ViewRootImpl@4df9562[InstrumentationActivityInvoker$EmptyActivity]: [DP] rdf()
02-10 00:16:41.700  6225  6225 I ViewRootImpl@5b900fe[InstrumentationActivityInvoker$EmptyActivity]: MSG_WINDOW_FOCUS_CHANGED 0 1
02-10 00:16:41.702  4224  4280 D PkgPredictorService: pkg:com.example.dogglers activity:androidx.test.core.app.InstrumentationActivityInvoker$EmptyActivity thisTime:216
02-10 00:16:41.704  4224  4280 I SemDvfsHyPerManager: acquire hyper - AMS_RESUME_TAIL/4224@18, type = -999
02-10 00:16:41.704  4224  4284 I ActivityTaskManager: Displayed com.example.dogglers/androidx.test.core.app.InstrumentationActivityInvoker$EmptyActivity: +216ms
02-10 00:16:41.704  4224  4280 I SemDvfsHyPerManager: acquire hyper - AMS_ACT_LAZY/4224@19, type = -999
02-10 00:16:41.705  3846  3877 I HYPER-HAL: [RequestManager.cpp]acquire(): Acquired ID : 8999421  [4224 / 18]    HINT : AMS_RESUME_TAIL    list :
02-10 00:16:41.705  3846  3877 E HYPER-HAL: [HandlerSysfs.cpp]doResourceHandling(): Couldn't Open Sysfs - /sys/power/cstate_control
02-10 00:16:41.705  3846  3877 I HYPER-HAL: [ResourceManager.cpp]updateResource(): [CPUMinFreq] UpdateResource Request ID : 8999421    Value : 1560000
02-10 00:16:41.705  3846  3877 I HYPER-HAL: [RequestManager.cpp]acquire(): Acquired ID : 9003665  [4224 / 19]    HINT :      list :
02-10 00:16:41.706  3846  3877 E HYPER-HAL: [Request.cpp]acquire(): Request:: id : 9003665, No Resource to set
02-10 00:16:41.706  3846  3877 E HYPER-HAL: [HandlerSysfs.cpp]doResourceHandling(): Couldn't Open Sysfs - /sys/power/cstate_control
02-10 00:16:41.706  3846  3877 I HYPER-HAL: [ResourceManager.cpp]removeResource(): [CPUMinFreq] RemoveResource Request ID : 8990936
02-10 00:16:41.706  3846  3877 I HYPER-HAL: [RequestManager.cpp]releaseLocked(): Released ID : 8990936
02-10 00:16:41.713  6225  6225 I SurfaceControl: nativeRelease nativeObject s[524525183264]
02-10 00:16:41.713  6225  6225 I SurfaceControl: nativeRelease nativeObject e[524525183264]
02-10 00:16:41.713  6225  6225 I SurfaceControl: nativeRelease nativeObject s[524525183072]
02-10 00:16:41.713  6225  6225 I SurfaceControl: nativeRelease nativeObject e[524525183072]
02-10 00:16:41.713  6225  6225 I SurfaceControl: nativeRelease nativeObject s[524525186720]
02-10 00:16:41.713  6225  6225 I SurfaceControl: nativeRelease nativeObject e[524525186720]
02-10 00:16:41.713  3869  3911 I SurfaceFlinger: id=203360 Removed Surface(name=c590bf6 NavigationBar0)/@0x33ffa64 - animation-leash#0 (94)
02-10 00:16:41.713  3869  4404 I SurfaceFlinger: id=203359 Removed Surface(name=e251250 StatusBar)/@0x2cedeea - animation-leash#1 (94)
02-10 00:16:41.718  3869  3869 I Layer   : id=203359[1] Destroyed Surface(name=e251250 StatusBar)/@0x2cedeea - animation-leash#1
02-10 00:16:41.718  3869  3869 I Layer   : id=203360[1] Destroyed Surface(name=c590bf6 NavigationBar0)/@0x33ffa64 - animation-leash#0
02-10 00:16:41.719  4224  6873 I InputDispatcher: Focus entered window (6225): eb4e1a2 in display 0 0
02-10 00:16:41.721  4224  4842 D InputDispatcher: Focused application set to (0): 78224db
02-10 00:16:41.724  3869  3869 D SurfaceFlinger: Display 0 HWC layers:
02-10 00:16:41.724  3869  3869 D SurfaceFlinger:      DEVICE | 0x6fc1613a40 | 0002 | RGBA_8888    |    0.0    0.0  720.0 1560.0 |    0    0  720 1560 | com.example.dogglers/androidx.test.c[...]ctivityInvoker$EmptyActivity$_6225#1
02-10 00:16:41.724  3869  3869 D SurfaceFlinger:      DEVICE | 0x6fc1614e40 | 0000 | RGBA_8888    |    0.0    0.0  720.0   53.0 |    0    0  720   53 | StatusBar$_28160#0
02-10 00:16:41.724  3869  3869 D SurfaceFlinger:      DEVICE | 0x704564f880 | 0000 | RGBA_8888    |    0.0    0.0   67.0  228.0 |  653  560  720  788 | com.samsung.android.app.cocktailbars[...]rservice.CocktailBarService$_30944#0
02-10 00:16:41.724  3869  3869 D SurfaceFlinger:      DEVICE | 0x6fc1613cc0 | 0000 | RGBA_8888    |    0.0    0.0  720.0   84.0 |    0 1476  720 1560 | NavigationBar0$_28160#0
02-10 00:16:41.724  3869  3869 D SurfaceFlinger:      DEVICE | 0x6fc1613e00 | 0000 | RGBA_8888    |    0.0    0.0  720.0  101.0 |    0    0  720  101 | ScreenDecorOverlay$_28160#0
02-10 00:16:41.724  3869  3869 D SurfaceFlinger:      DEVICE | 0x704564e980 | 0000 | RGBA_8888    |    0.0    0.0  720.0  101.0 |    0 1459  720 1560 | ScreenDecorOverlayBottom$_28160#0
02-10 00:16:41.724  3869  3869 D SurfaceFlinger:
02-10 00:16:41.729  4224  4279 D PersonaActivityHelper: Activity not in resumed state, do not run immediate lock
02-10 00:16:41.733  3869  4404 E BufferQueueProducer: [com.example.dogglers/androidx.test.core.app.InstrumentationActivityInvoker$EmptyActivity$_6225#0](id:f1d0000b7dd,api:0,p:-1,c:3869) disconnect: not connected (req=1)
02-10 00:16:41.733  6225  6260 W libEGL  : EGLNativeWindowType 0x7a14e27010 disconnect failed
02-10 00:16:41.734  4224  6873 V WindowManager: Relayout Window{beb0978 u0 com.example.dogglers/androidx.test.core.app.InstrumentationActivityInvoker$EmptyActivity}: viewVisibility=8 req=720x1560
02-10 00:16:41.737  4224  6873 V WindowManager: Relayout hash=beb0978, pid=6225: mAttrs={(0,0)(fillxfill) sim={adjust=pan forwardNavigation} ty=BASE_APPLICATION wanim=0x1030001
02-10 00:16:41.737  4224  6873 V WindowManager:   fl=1810100
02-10 00:16:41.737  4224  6873 V WindowManager:   pfl=12020000
02-10 00:16:41.737  4224  6873 V WindowManager:   fitSides= naviIconColor=0}
02-10 00:16:41.740  6225  6225 I SurfaceControl: nativeRelease nativeObject s[524336779552]
02-10 00:16:41.740  6225  6225 I SurfaceControl: nativeRelease nativeObject e[524336779552]
02-10 00:16:41.741  6225  6225 I SurfaceControl: assignNativeObject: nativeObject = 0 Surface(name=null)/@0xf714fb0 / android.view.SurfaceControl.readFromParcel:1117 android.view.IWindowSession$Stub$Proxy.relayout:1810 android.view.ViewRootImpl.relayoutWindow:9005 android.view.ViewRootImpl.performTraversals:3360 android.view.ViewRootImpl.doTraversal:2618 android.view.ViewRootImpl$TraversalRunnable.run:9971 android.view.Choreographer$CallbackRecord.run:1010 android.view.Choreographer.doCallbacks:809 android.view.Choreographer.doFrame:744 android.view.Choreographer$FrameDisplayEventReceiver.run:995
02-10 00:16:41.742  6225  6225 I SurfaceControl: assignNativeObject: nativeObject = 0 Surface(name=null)/@0x87005f / android.view.SurfaceControl.readFromParcel:1117 android.view.IWindowSession$Stub$Proxy.relayout:1820 android.view.ViewRootImpl.relayoutWindow:9005 android.view.ViewRootImpl.performTraversals:3360 android.view.ViewRootImpl.doTraversal:2618 android.view.ViewRootImpl$TraversalRunnable.run:9971 android.view.Choreographer$CallbackRecord.run:1010 android.view.Choreographer.doCallbacks:809 android.view.Choreographer.doFrame:744 android.view.Choreographer$FrameDisplayEventReceiver.run:995
02-10 00:16:41.743  6225  6225 I SurfaceControl: nativeRelease nativeObject s[524525186528]
02-10 00:16:41.743  6225  6225 I SurfaceControl: nativeRelease nativeObject e[524525186528]
02-10 00:16:41.744  6225  6225 I ViewRootImpl@5b900fe[InstrumentationActivityInvoker$EmptyActivity]: Relayout returned: old=(0,0,720,1560) new=(0,0,720,1560) req=(720,1560)8 dur=9 res=0x5 s={false 0} ch=true fn=2
02-10 00:16:41.744  6225  6225 I ViewRootImpl@5b900fe[InstrumentationActivityInvoker$EmptyActivity]: stopped(true) old=false
02-10 00:16:41.745  6225  6225 D LifecycleMonitor: Lifecycle status change: androidx.test.core.app.InstrumentationActivityInvoker$EmptyActivity@c68b9bd in: STOPPED
02-10 00:16:41.746  6225  6225 V ActivityScenario: Activity lifecycle changed event received but ignored because the intent does not match. startActivityIntent=Intent { act=android.intent.action.MAIN cat=[android.intent.category.LAUNCHER] cmp=com.example.dogglers/.VerticalListActivity }, activity.getIntent()=Intent { act=android.intent.action.MAIN cat=[android.intent.category.LAUNCHER] flg=0x10000000 cmp=com.example.dogglers/androidx.test.core.app.InstrumentationActivityInvoker$EmptyActivity }, activity=androidx.test.core.app.InstrumentationActivityInvoker$EmptyActivity@c68b9bd
02-10 00:16:41.749  6225  6225 D LifecycleMonitor: Lifecycle status change: androidx.test.core.app.InstrumentationActivityInvoker$EmptyActivity@c68b9bd in: DESTROYED
02-10 00:16:41.749  6225  6225 V ActivityScenario: Activity lifecycle changed event received but ignored because the intent does not match. startActivityIntent=Intent { act=android.intent.action.MAIN cat=[android.intent.category.LAUNCHER] cmp=com.example.dogglers/.VerticalListActivity }, activity.getIntent()=Intent { act=android.intent.action.MAIN cat=[android.intent.category.LAUNCHER] flg=0x10000000 cmp=com.example.dogglers/androidx.test.core.app.InstrumentationActivityInvoker$EmptyActivity }, activity=androidx.test.core.app.InstrumentationActivityInvoker$EmptyActivity@c68b9bd
02-10 00:16:41.751  6225  6225 I ViewRootImpl@5b900fe[InstrumentationActivityInvoker$EmptyActivity]: dispatchDetachedFromWindow
02-10 00:16:41.752  4224  6873 I InputDispatcher: Focus left window (6225): eb4e1a2 in display 0 0
02-10 00:16:41.752  4224  4842 D InputTransport: Input channel destroyed: 'beb0978', fd=713
02-10 00:16:41.753  4224  4842 I SurfaceControl: nativeRelease nativeObject s[524525188640]
02-10 00:16:41.753  4224  4842 I SurfaceControl: nativeRelease nativeObject e[524525188640]
02-10 00:16:41.753  4224  4842 D WindowManager: isScreenshotDisabledLocked - win: Window{beb0978 u0 com.example.dogglers/androidx.test.core.app.InstrumentationActivityInvoker$EmptyActivity}
02-10 00:16:41.753  4224  4842 D WindowManager: isScreenshotDisabledLocked: userId = 0, disabled =false
02-10 00:16:41.753  4224  4842 I SurfaceControl: nativeRelease nativeObject s[524526191648]
02-10 00:16:41.753  4224  4842 I SurfaceControl: nativeRelease nativeObject e[524526191648]
02-10 00:16:41.754  3869  4404 I SurfaceFlinger: id=203368 createSurf (0x0),-1 flag=24004, Surface(name=7fb2291 InputMethod)/@0xe6a7df7 - animation-leash#0
02-10 00:16:41.755  4224  4842 I SurfaceControl: nativeRelease nativeObject s[522304754464]
02-10 00:16:41.755  4224  4842 I SurfaceControl: nativeRelease nativeObject e[522304754464]
02-10 00:16:41.755  3869  4404 I Layer   : id=203358 removeFromCurrentState com.example.dogglers/androidx.test.core.app.InstrumentationActivityInvoker$EmptyActivity$_6225#0 (93)
02-10 00:16:41.756  3869  4404 I SurfaceFlinger: id=203358 Removed com.example.dogglers/androidx.test.core.app.InstrumentationActivityInvoker$EmptyActivity$_6225#0 (93)
02-10 00:16:41.758  3869  4404 I Layer   : id=203357 removeFromCurrentState beb0978 com.example.dogglers/androidx.test.core.app.InstrumentationActivityInvoker$EmptyActivity#0 (93)
02-10 00:16:41.758  3869  4404 I Layer   : id=203363 removeFromCurrentState Surface(name=7fb2291 InputMethod)/@0xe6a7df7 - animation-leash#1 (93)
02-10 00:16:41.759  3869  4404 I SurfaceFlinger: id=203357 Removed beb0978 com.example.dogglers/androidx.test.core.app.InstrumentationActivityInvoker$EmptyActivity#0 (93)
02-10 00:16:41.759  6225  6225 D InputTransport: Input channel destroyed: 'beb0978', fd=88
02-10 00:16:41.761  4224  4585 I SurfaceControl: nativeRelease nativeObject s[522304754080]
02-10 00:16:41.761  4224  4585 I SurfaceControl: nativeRelease nativeObject e[522304754080]
02-10 00:16:41.763  6225  6225 D LifecycleMonitor: Lifecycle status change: androidx.test.core.app.InstrumentationActivityInvoker$EmptyActivity@532c1f1 in: PAUSED
02-10 00:16:41.764  6225  6225 V ActivityScenario: Activity lifecycle changed event received but ignored because the intent does not match. startActivityIntent=Intent { act=android.intent.action.MAIN cat=[android.intent.category.LAUNCHER] cmp=com.example.dogglers/.VerticalListActivity }, activity.getIntent()=Intent { act=android.intent.action.MAIN cat=[android.intent.category.LAUNCHER] flg=0x10000000 cmp=com.example.dogglers/androidx.test.core.app.InstrumentationActivityInvoker$EmptyActivity }, activity=androidx.test.core.app.InstrumentationActivityInvoker$EmptyActivity@532c1f1
02-10 00:16:41.766  4224  6873 I SemDvfsHyPerManager: acquire hyper - AMS_APP_HOME/4224@32, type = -999
02-10 00:16:41.766  3846  3877 I HYPER-HAL: [RequestManager.cpp]acquire(): Acquired ID : 9058928  [4224 / 32]    HINT : AMS_APP_HOME    list :
02-10 00:16:41.767  3846  3877 E HYPER-HAL: [HandlerSysfs.cpp]doResourceHandling(): Couldn't Open Sysfs - /sys/power/cstate_control
02-10 00:16:41.767  6941  6941 I SemDvfsHyPerManager: acquire hyper - com.sec.android.sdhms/6941@9, type = -999
02-10 00:16:41.767  3846  3877 I HYPER-HAL: [ResourceManager.cpp]updateResource(): [CPUMinFreq] UpdateResource Request ID : 9058928    Value : 1560000
02-10 00:16:41.767  3846  3877 I HYPER-HAL: [RequestManager.cpp]acquire(): Acquired ID : 24154734  [6941 / 9]    HINT : APP_START    list :
02-10 00:16:41.768  3869  3869 I Layer   : id=203357[1] Destroyed beb0978 com.example.dogglers/androidx.test.core.app.InstrumentationActivityInvoker$EmptyActivity#0
02-10 00:16:41.768  3846  3877 E HYPER-HAL: [HandlerSysfs.cpp]doResourceHandling(): Couldn't Open Sysfs - /sys/kernel/mm/vmscan/am_app_launch
02-10 00:16:41.768  3869  3869 I Layer   : id=203358[1] Destroyed com.example.dogglers/androidx.test.core.app.InstrumentationActivityInvoker$EmptyActivity$_6225#0
02-10 00:16:41.768  3846  3877 I HYPER-HAL: [ResourceManager.cpp]updateResource(): [CPUMaxFreq] UpdateResource Request ID : 24154734    Value : 1560000
02-10 00:16:41.769  4224  6873 V WindowOrientationListener: getProposedRotation: -1
02-10 00:16:41.769  4224  6873 V WindowOrientationListener: getProposedRotation: -1
02-10 00:16:41.770  4224  6873 V WindowOrientationListener: getProposedRotation: -1
02-10 00:16:41.773  3803  3808 E statsd  : Predicate -7037417284711607308 dropping data for dimension key (10)0x2010101->11512[I] (10)0x30000->*launch*[S]
02-10 00:16:41.773  3803  3808 E statsd  : Predicate 5980654721335871649 dropping data for dimension key (10)0x2010101->11512[I] (10)0x30000->*launch*[S]
02-10 00:16:41.775  3869  4404 I Layer   : id=203356 removeFromCurrentState ActivityRecord{5cae4e1 u0 com.example.dogglers/androidx.test.core.app.InstrumentationActivityInvoker$EmptyActivity t5806}#0 (91)
02-10 00:16:41.776  3869  4404 I SurfaceFlinger: id=203356 Removed ActivityRecord{5cae4e1 u0 com.example.dogglers/androidx.test.core.app.InstrumentationActivityInvoker$EmptyActivity t5806}#0 (91)
02-10 00:16:41.776  6225  6225 I ViewRootImpl@4df9562[InstrumentationActivityInvoker$EmptyActivity]: MSG_WINDOW_FOCUS_CHANGED 0 1
02-10 00:16:41.777  6225  6225 I ViewRootImpl@4df9562[InstrumentationActivityInvoker$EmptyActivity]: MSG_WINDOW_FOCUS_CHANGED 0 1
02-10 00:16:41.777  6225  6252 I TestRunner: finished: vertical_scroll_content_at_last_position(com.example.dogglers.VerticalListTests)
