02-10 00:16:39.694  3869  3869 D SurfaceFlinger:      DEVICE | 0x6fc1616740 | 0002 | RGBA_8888    |    0.0    0.0  720.0 1560.0 |    0    0  720 1560 | com.example.dogglers/com.example.dogglers.VerticalListActivity$_6225#0
02-10 00:16:39.694  3869  3869 D SurfaceFlinger:      DEVICE | 0x6fc1613540 | 0002 | RGBA_8888    |    0.0    0.0  720.0 1560.0 |    0    0  720 1560 | Splash Screen com.example.dogglers#0
02-10 00:16:39.694  3869  3869 D SurfaceFlinger:      DEVICE | 0x704564f240 | 0000 | RGBA_8888    |    0.0    0.0  720.0   53.0 |    0    0  720   53 | StatusBar$_28160#0
02-10 00:16:39.694  3869  3869 D SurfaceFlinger:      DEVICE | 0x704564f880 | 0000 | RGBA_8888    |    0.0    0.0   67.0  228.0 |  653  560  720  788 | com.samsung.android.app.cocktailbars[...]rservice.CocktailBarService$_30944#0
02-10 00:16:39.694  3869  3869 D SurfaceFlinger:      DEVICE | 0x6fc1613cc0 | 0000 | RGBA_8888    |    0.0    0.0  720.0   84.0 |    0 1476  720 1560 | NavigationBar0$_28160#0
02-10 00:16:39.694  3869  3869 D SurfaceFlinger:      DEVICE | 0x6fc1613e00 | 0000 | RGBA_8888    |    0.0    0.0  720.0  101.0 |    0    0  720  101 | ScreenDecorOverlay$_28160#0
02-10 00:16:39.694  3869  3869 D SurfaceFlinger:      DEVICE | 0x704564e980 | 0000 | RGBA_8888    |    0.0    0.0  720.0  101.0 |    0 1459  720 1560 | ScreenDecorOverlayBotto
02-10 00:16:39.694  3869  3869 D SurfaceFlinger: m$_28160#0
02-10 00:16:39.694  3869  3869 D SurfaceFlinger:
02-10 00:16:39.695  8265  8265 I HBD     : HoneyBoardService [IMI] onStartInput - caller pid : 6225 , caller uid : 11512
02-10 00:16:39.695  8265  8265 I HBD     : i updateConfigs
02-10 00:16:39.695  8265  8265 I HBD     : i isEnabledNightMode : true
02-10 00:16:39.695  8265  8265 I HBD     : a IC have been binded, InputConnectionWrapper{idHash=#2aa4a5f mMissingMethods=}
02-10 00:16:39.695  8265  8265 I HBD     : h [EditorInputType]setPrivateImeOptionsToTable privateImeOptions ( null )
02-10 00:16:39.695  8265  8265 I HBD     : b incognitoMode : false
02-10 00:16:39.695  8265  8265 I HBD     : a needOff = true , isForceOff = false, isNullInputClass : true
02-10 00:16:39.696  8265  8265 I HBD     : h getDefaultInputRange : UNKNOWN
02-10 00:16:39.696  8265  8265 I HBD     : h getDefaultInputRange : UNKNOWN
02-10 00:16:39.696  8265  8265 I HBD     : h getDefaultInputRange : UNKNOWN
02-10 00:16:39.697  4224  4375 D SdpManagerService: Not an enterprise user : 0
02-10 00:16:39.697  4224  4375 D SdpManagerService: Not an enterprise user : 0
02-10 00:16:39.697  3803  3808 E statsd  : Predicate -7037417284711607308 dropping data for dimension key (10)0x2010101->11512[I] (10)0x30000->*launch*[S]
02-10 00:16:39.698  3803  3808 E statsd  : Predicate 5980654721335871649 dropping data for dimension key (10)0x2010101->11512[I] (10)0x30000->*launch*[S]
02-10 00:16:39.698  8265  8265 I HBD     : h getDefaultInputRange : UNKNOWN
02-10 00:16:39.698  8265  8265 I HBD     : a currentState : 0
02-10 00:16:39.700  4224  4280 I SurfaceControl: nativeRelease nativeObject s[522304754560]
02-10 00:16:39.700  8238  8238 I ViewRootImpl@60176a2[LauncherActivity]: stopped(true) old=false
02-10 00:16:39.700  4224  4280 I SurfaceControl: nativeRelease nativeObject e[522304754560]
02-10 00:16:39.701  6225  6225 D LifecycleMonitor: Lifecycle status change: androidx.test.core.app.InstrumentationActivityInvoker$BootstrapActivity@ea0d9f in: STOPPED
02-10 00:16:39.701  8238  8238 I StateManager: goToState isInState Normal
02-10 00:16:39.702  4224  4280 I SurfaceControl: nativeRelease nativeObject s[522304753600]
02-10 00:16:39.702  4224  4280 I SurfaceControl: nativeRelease nativeObject e[522304753600]
02-10 00:16:39.702  6225  6225 V ActivityScenario: Activity lifecycle changed event received but ignored because the intent does not match. startActivityIntent=Intent { act=android.intent.action.MAIN cat=[android.intent.category.LAUNCHER] cmp=com.example.dogglers/.VerticalListActivity }, activity.getIntent()=Intent { act=android.intent.action.MAIN cat=[android.intent.category.LAUNCHER] flg=0x10008000 cmp=com.example.dogglers/androidx.test.core.app.InstrumentationActivityInvoker$BootstrapActivity (has extras) }, activity=androidx.test.core.app.InstrumentationActivityInvoker$BootstrapActivity@ea0d9f
02-10 00:16:39.702  8265  8265 I HBD     : h load selected json info : {"version":"1.0","currentLanguageOrder":0,"selected":[{"activeOptionList":["auto_replace","auto_spacing"],"engName":"English","id":65538,"inputType":"qwerty","isUsed":true},{"activeOptionList":["auto_replace","auto_spacing"],"engName":"Arabic","id":5308416,"inputType":"qwerty","isUsed":true}]}
02-10 00:16:39.703  8265  8265 I HBD     : a [UpdatePolicy] [post] a: 0 cl: 65538 kit: [0/0] vt: 0 ir: 1
02-10 00:16:39.704  8265  8265 I HBD     : HoneyBoardService [PF_OP][onStartInput]  9421307 ns
02-10 00:16:39.705  3869  4404 I Layer   : id=203306 removeFromCurrentState Splash Screen com.example.dogglers#0 (82)
02-10 00:16:39.705  4224  4280 I SurfaceControl: nativeRelease nativeObject s[522304756288]
02-10 00:16:39.706  4224  4280 I SurfaceControl: nativeRelease nativeObject e[522304756288]
02-10 00:16:39.709  3869  4404 I Layer   : id=203302 removeFromCurrentState Surface(name=7fb2291 InputMethod)/@0xe6a7df7 - animation-leash#1 (82)
02-10 00:16:39.709  3869  4404 I Layer   : id=203305 removeFromCurrentState bb418e8 Splash Screen com.example.dogglers#0 (82)
02-10 00:16:39.709  3869  4404 I Layer   : id=203316 removeFromCurrentState Surface(name=bb418e8 Splash Screen com.example.dogglers)/@0x8649363 - animation-leash#0 (82)
02-10 00:16:39.709  3869  4404 I SurfaceFlinger: id=203305 Removed bb418e8 Splash Screen com.example.dogglers#0 (82)
02-10 00:16:39.710  3869  3869 D SurfaceFlinger: Display 0 HWC layers:
02-10 00:16:39.710  3869  3869 D SurfaceFlinger:      DEVICE | 0x6fc1613900 | 0002 | RGBA_8888    |    0.0    0.0  720.0 1560.0 |    0    0  720 1560 | com.example.dogglers/com.example.dogglers.VerticalListActivity$_6225#0
02-10 00:16:39.710  3869  3869 D SurfaceFlinger:      DEVICE | 0x704564f240 | 0000 | RGBA_8888    |    0.0    0.0  720.0   53.0 |    0    0  720   53 | StatusBar$_28160#0
02-10 00:16:39.710  3869  3869 D SurfaceFlinger:      DEVICE | 0x704564f880 | 0000 | RGBA_8888    |    0.0    0.0   67.0  228.0 |  653  560  720  788 | com.samsung.android.app.cocktailbars[...]rservice.CocktailBarService$_30944#0
02-10 00:16:39.710  3869  3869 D SurfaceFlinger:      DEVICE | 0x6fc1613cc0 | 0000 | RGBA_8888    |    0.0    0.0  720.0   84.0 |    0 1476  720 1560 | NavigationBar0$_28160#0
02-10 00:16:39.710  3869  3869 D SurfaceFlinger:      DEVICE | 0x6fc1613e00 | 0000 | RGBA_8888    |    0.0    0.0  720.0  101.0 |    0    0  720  101 | ScreenDecorOverlay$_28160#0
02-10 00:16:39.710  3869  3869 D SurfaceFlinger:      DEVICE | 0x704564e980 | 0000 | RGBA_8888    |    0.0    0.0  720.0  101.0 |    0 1459  720 1560 | ScreenDecorOverlayBottom$_28160#0
02-10 00:16:39.710  3869  3869 D SurfaceFlinger:
02-10 00:16:39.711  3869  3911 I SurfaceFlinger: id=203316 Removed Surface(name=bb418e8 Splash Screen com.example.dogglers)/@0x8649363 - animation-leash#0 (82)
02-10 00:16:39.711  3869  3910 I SurfaceFlinger: id=203306 Removed Splash Screen com.example.dogglers#0 (82)
02-10 00:16:39.712  8238  8238 W LauncherAppWidgetHost: setListenIfResumed, mFlags = 7
02-10 00:16:39.713  4224  7437 I AppWidgetServiceImpl: stopListening callbacks : null
02-10 00:16:39.713  8238  8238 W Launcher.NotificationListener: removeNotificationsChangedListener
02-10 00:16:39.713  8238  8238 I BadgeCountUpdaterImpl: onNotificationsChangedDisConnected
02-10 00:16:39.713  8238  8238 I Launcher.NotificationListener: unregisterObserver, this is not notificationService!!
02-10 00:16:39.715  8238  8238 I LiveIconUpdateEventHandler: cancelMinuteChangeAlarm
02-10 00:16:39.718  3863 19740 V APM_AudioPolicyManager: setAppState(portId:28101, state:1)
02-10 00:16:39.720  3869  3869 I Layer   : id=203316[1] Destroyed Surface(name=bb418e8 Splash Screen com.example.dogglers)/@0x8649363 - animation-leash#0
02-10 00:16:39.720  3869  3869 I Layer   : id=203305[1] Destroyed bb418e8 Splash Screen com.example.dogglers#0
02-10 00:16:39.720  3869  3869 I Layer   : id=203306[1] Destroyed Splash Screen com.example.dogglers#0
02-10 00:16:39.722  8238  8238 I LiveIconUpdateEventHandler: cancelDateChangeAlarm
02-10 00:16:39.722  7115  9335 I FontLog : Received query Noto Color Emoji Compat, URI content://com.google.android.gms.fonts [CONTEXT service_id=132 ]
02-10 00:16:39.723  7115  9335 I FontLog : Query [emojicompat-emoji-font] resolved to {Noto Color Emoji Compat, wdth 100.0, wght 400, ital 0.0, bestEffort false} [CONTEXT service_id=132 ]
02-10 00:16:39.725  7115  9335 I FontLog : Fetch {Noto Color Emoji Compat, wdth 100.0, wght 400, ital 0.0, bestEffort false} end status Status{statusCode=SUCCESS, resolution=null} [CONTEXT service_id=132 ]
02-10 00:16:39.727  3863 19740 V APM_AudioPolicyManager: setAppState(portId:28101, state:1)
02-10 00:16:39.727  3863 19740 V APM_AudioPolicyManager: setAppState(portId:28101, state:1)
02-10 00:16:39.728  6225  6225 W xample.doggler: Accessing hidden method Landroid/os/MessageQueue;->next()Landroid/os/Message; (greylist, reflection, allowed)
02-10 00:16:39.728  6225  6225 W xample.doggler: Accessing hidden field Landroid/os/MessageQueue;->mMessages:Landroid/os/Message; (greylist, reflection, allowed)
02-10 00:16:39.728  6225  6225 W xample.doggler: Accessing hidden method Landroid/os/Message;->recycleUnchecked()V (greylist, reflection, allowed)
02-10 00:16:39.730  8238  8238 I LiveIconUpdateEventHandler: unregisterReceiver
02-10 00:16:39.732  8238  8238 I SurfaceControl: nativeRelease nativeObject s[524422636768]
02-10 00:16:39.732  8238  8238 I SurfaceControl: nativeRelease nativeObject e[524422636768]
02-10 00:16:39.737  4224  4375 D SamsungIMMSHWKeyboard: isConnectedDexOnPC false
02-10 00:16:39.737  4224  4375 D InputMethodManagerService: isImeSwitcherDisabledPackage : false
02-10 00:16:39.737  6225  6225 I SurfaceControl: nativeRelease nativeObject s[524525184704]
02-10 00:16:39.737  6225  6225 I SurfaceControl: nativeRelease nativeObject e[524525184704]
02-10 00:16:39.738  6225  6225 I SurfaceControl: nativeRelease nativeObject s[524525184128]
02-10 00:16:39.738  6225  6225 I SurfaceControl: nativeRelease nativeObject e[524525184128]
02-10 00:16:39.739  4224  6802 I SurfaceControl: nativeRelease nativeObject s[524526817344]
02-10 00:16:39.739  4224  6802 I SurfaceControl: nativeRelease nativeObject e[524526817344]
02-10 00:16:39.739  3869  3911 I Layer   : id=203295 removeFromCurrentState com.sec.android.app.launcher/com.sec.android.app.launcher.activities.LauncherActivity$_8238#0 (79)
02-10 00:16:39.744  6225  6225 W xample.doggler: Accessing hidden method Landroid/view/WindowManagerGlobal;->getInstance()Landroid/view/WindowManagerGlobal; (greylist, reflection, allowed)
02-10 00:16:39.744  6225  6225 W xample.doggler: Accessing hidden field Landroid/view/WindowManagerGlobal;->mViews:Ljava/util/ArrayList; (greylist, reflection, allowed)
02-10 00:16:39.744  6225  6225 W xample.doggler: Accessing hidden field Landroid/view/WindowManagerGlobal;->mParams:Ljava/util/ArrayList; (greylist, reflection, allowed)
02-10 00:16:39.745  7115  7155 I FontLog : Pulling font file for id = 72, cache size = 4 [CONTEXT service_id=132 ]
02-10 00:16:39.747  3869  3911 I SurfaceFlinger: id=203295 Removed com.sec.android.app.launcher/com.sec.android.app.launcher.activities.LauncherActivity$_8238#0 (79)
02-10 00:16:39.748  4224  4277 D SehCodecSolutionService: Update top [com.example.dogglers]
02-10 00:16:39.752  6225  6225 I ViewInteraction: Checking 'com.example.dogglers.BaseTest$DrawableMatcher$RecyclerViewAssertion@91c056e' assertion on view view.getId() is <2131231206/com.example.dogglers:id/vertical_recycler_view>
02-10 00:16:39.753  3869  3869 I Layer   : id=203295[1] Destroyed com.sec.android.app.launcher/com.sec.android.app.launcher.activities.LauncherActivity$_8238#0
02-10 00:16:39.755  7115  7155 I FontLog : Pulling font file for id = 72, cache size = 4 [CONTEXT service_id=132 ]
02-10 00:16:39.766  4224  7437 I SemDvfsHyPerManager: acquire hyper - AMS_ACT_START/4224@16, type = -999
02-10 00:16:39.766  3846  3877 I HYPER-HAL: [RequestManager.cpp]acquire(): Acquired ID : 8990936  [4224 / 16]    HINT : AMS_ACT_START    list :
02-10 00:16:39.767  3846  3877 E HYPER-HAL: [HandlerSysfs.cpp]doResourceHandling(): Couldn't Open Sysfs - /sys/power/cstate_control
02-10 00:16:39.767  3846  3877 I HYPER-HAL: [ResourceManager.cpp]updateResource(): [CPUMinFreq] UpdateResource Request ID : 8990936    Value : 1560000
02-10 00:16:39.768  3869  3911 I SurfaceFlinger: id=203318 createSurf (0x0),-1 flag=80004, ActivityRecord{8a0e1ab u0 com.example.dogglers/androidx.test.core.app.InstrumentationActivityInvoker$EmptyActivity t5805}#0
02-10 00:16:39.774  3803  3808 E statsd  : Predicate -7037417284711607308 dropping data for dimension key (10)0x2010101->11512[I] (10)0x30000->*launch*[S]
02-10 00:16:39.774  3803  3808 E statsd  : Predicate 5980654721335871649 dropping data for dimension key (10)0x2010101->11512[I] (10)0x30000->*launch*[S]
02-10 00:16:39.781  6225  6225 D LifecycleMonitor: Lifecycle status change: com.example.dogglers.VerticalListActivity@5b6afee in: PAUSED
02-10 00:16:39.781  6225  6225 V ActivityScenario: Update currentActivityStage to PAUSED, currentActivity=com.example.dogglers.VerticalListActivity@5b6afee
02-10 00:16:39.786  4224  6802 V WindowOrientationListener: getProposedRotation: -1
02-10 00:16:39.786  4224  6802 V WindowOrientationListener: getProposedRotation: -1
02-10 00:16:39.787  4224  6802 V WindowOrientationListener: getProposedRotation: -1
02-10 00:16:39.789  4224  6802 D InputDispatcher: Focused application set to (0): 8a0e1ab
02-10 00:16:39.806  6225  6225 D LifecycleMonitor: Lifecycle status change: androidx.test.core.app.InstrumentationActivityInvoker$EmptyActivity@bc22821 in: PRE_ON_CREATE
02-10 00:16:39.807  6225  6225 V ActivityScenario: Activity lifecycle changed event received but ignored because the intent does not match. startActivityIntent=Intent { act=android.intent.action.MAIN cat=[android.intent.category.LAUNCHER] cmp=com.example.dogglers/.VerticalListActivity }, activity.getIntent()=Intent { act=android.intent.action.MAIN cat=[android.intent.category.LAUNCHER] flg=0x10000000 cmp=com.example.dogglers/androidx.test.core.app.InstrumentationActivityInvoker$EmptyActivity }, activity=androidx.test.core.app.InstrumentationActivityInvoker$EmptyActivity@bc22821
02-10 00:16:39.809  4224  4279 I SemPersonaManager: SecureFolder personaId = 150
02-10 00:16:39.816  6225  6225 I DecorView: [INFO] isPopOver=false, config=true
02-10 00:16:39.816  6225  6225 I DecorView: updateCaptionType >> DecorView@9846607[], isFloating=false, isApplication=true, hasWindowDecorCaption=false, hasWindowControllerCallback=true
02-10 00:16:39.816  6225  6225 D DecorView: setCaptionType = 0, this = DecorView@9846607[]
02-10 00:16:39.820  4224  6802 I InputDispatcher: Focus left window (6225): 55e90c1 in display 0 0
02-10 00:16:39.825  6225  6225 D LifecycleMonitor: Lifecycle status change: androidx.test.core.app.InstrumentationActivityInvoker$EmptyActivity@bc22821 in: CREATED
02-10 00:16:39.826  6225  6225 V ActivityScenario: Activity lifecycle changed event received but ignored because the intent does not match. startActivityIntent=Intent { act=android.intent.action.MAIN cat=[android.intent.category.LAUNCHER] cmp=com.example.dogglers/.VerticalListActivity }, activity.getIntent()=Intent { act=android.intent.action.MAIN cat=[android.intent.category.LAUNCHER] flg=0x10000000 cmp=com.example.dogglers/androidx.test.core.app.InstrumentationActivityInvoker$EmptyActivity }, activity=androidx.test.core.app.InstrumentationActivityInvoker$EmptyActivity@bc22821
02-10 00:16:39.829  6225  6225 D LifecycleMonitor: Lifecycle status change: androidx.test.core.app.InstrumentationActivityInvoker$EmptyActivity@bc22821 in: STARTED
02-10 00:16:39.830  6225  6225 V ActivityScenario: Activity lifecycle changed event received but ignored because the intent does not match. startActivityIntent=Intent { act=android.intent.action.MAIN cat=[android.intent.category.LAUNCHER] cmp=com.example.dogglers/.VerticalListActivity }, activity.getIntent()=Intent { act=android.intent.action.MAIN cat=[android.intent.category.LAUNCHER] flg=0x10000000 cmp=com.example.dogglers/androidx.test.core.app.InstrumentationActivityInvoker$EmptyActivity }, activity=androidx.test.core.app.InstrumentationActivityInvoker$EmptyActivity@bc22821
02-10 00:16:39.873  4224  4279 D EnterpriseDeviceManagerService: isMdmAdminPresentInternal() : MDM Admin Found - com.samsung.knox.securefolder
02-10 00:16:39.879  6225  6225 D LifecycleMonitor: Lifecycle status change: androidx.test.core.app.InstrumentationActivityInvoker$EmptyActivity@bc22821 in: RESUMED
02-10 00:16:39.880  6225  6225 V ActivityScenario: Activity lifecycle changed event received but ignored because the intent does not match. startActivityIntent=Intent { act=android.intent.action.MAIN cat=[android.intent.category.LAUNCHER] cmp=com.example.dogglers/.VerticalListActivity }, activity.getIntent()=Intent { act=android.intent.action.MAIN cat=[android.intent.category.LAUNCHER] flg=0x10000000 cmp=com.example.dogglers/androidx.test.core.app.InstrumentationActivityInvoker$EmptyActivity }, activity=androidx.test.core.app.InstrumentationActivityInvoker$EmptyActivity@bc22821
02-10 00:16:39.887  4224  6802 D InputTransport: Input channel constructed: '4262695', fd=670
02-10 00:16:39.887  4224  6802 D InputTransport: Input channel constructed: '4262695', fd=671
02-10 00:16:39.888  3869  4404 I SurfaceFlinger: id=203319 createSurf (0x0),-1 flag=80004, 4262695 com.example.dogglers/androidx.test.core.app.InstrumentationActivityInvoker$EmptyActivity#0
02-10 00:16:39.889  4224  6802 D WindowManager: isScreenshotDisabledLocked - win: Window{4262695 u0 com.example.dogglers/androidx.test.core.app.InstrumentationActivityInvoker$EmptyActivity}
02-10 00:16:39.889  4224  6802 D WindowManager: isScreenshotDisabledLocked: userId = 0, disabled =false
02-10 00:16:39.889  4224  6802 D InputTransport: Input channel destroyed: '4262695', fd=671
02-10 00:16:39.890  6225  6225 D InputTransport: Input channel constructed: '4262695', fd=91
02-10 00:16:39.893  6225  6225 I ViewRootImpl@df86ed2[InstrumentationActivityInvoker$EmptyActivity]: setView = com.android.internal.policy.DecorView@9846607 TM=true
02-10 00:16:39.896 28160 28160 D KeyguardUpdateMonitor: updateBiometricListeningState()
02-10 00:16:39.896 28160 28160 D KeyguardFingerPrint: shouldListenForFingerprint ( isFingerprintEnabled = false , mKeyguardIsVisible = false , mDeviceInteractive = true , mBouncer = false , mGoingToSleep = false , mSwitchingUser = false , mKeyguardUnlocking = true , mKeyguardGoingAway = true , mKeyguardShowing = false , mKeyguardOccluded = false , mSystemReady = true , mHasFocus = false
02-10 00:16:39.896 28160 28160 D KeyguardFingerPrint: updateFingerprintListeningState#mFingerprintRunningState=0 shouldListenForFingerprint=false
02-10 00:16:39.896 28160 28160 D KeyguardFace: shouldListenForFace ( isFaceDefaultCondition = false , mKeyguardIsVisible = false , mDeviceInteractive = true , mBouncer = false , mSwitchingUser = false , mGoingToSleep = false , mKeyguardGoingAway = true , mKeyguardUnlocking = true , mIsPickedUp = false , mIsEarlyWakeUp = false , mIsScreenSaverRunning = false , mSystemReady = true)
02-10 00:16:39.896 28160 28160 D KeyguardFace: shouldListenForFace ( return false, Face is not default condition)
02-10 00:16:39.896 28160 28160 D KeyguardFace: Can't stop stopListeningForFace(), mFaceRunningState = 0
02-10 00:16:39.913  4224  7437 V WindowManager: Relayout Window{4262695 u0 com.example.dogglers/androidx.test.core.app.InstrumentationActivityInvoker$EmptyActivity}: viewVisibility=0 req=720x1560
02-10 00:16:39.916  4224  7437 D WindowManager: isScreenshotDisabledLocked - win: Window{4262695 u0 com.example.dogglers/androidx.test.core.app.InstrumentationActivityInvoker$EmptyActivity}
02-10 00:16:39.916  4224  7437 D WindowManager: isScreenshotDisabledLocked: userId = 0, disabled =false
02-10 00:16:39.916  3869  4404 I SurfaceFlinger: id=203320 createSurf (720x1560),1 flag=404, com.example.dogglers/androidx.test.core.app.InstrumentationActivityInvoker$EmptyActivity$_6225#0
02-10 00:16:39.919  4224  7437 I SurfaceControl: nativeRelease nativeObject s[522491098432]
02-10 00:16:39.919  4224  7437 I SurfaceControl: nativeRelease nativeObject e[522491098432]
02-10 00:16:39.919 30944 30944 I TrayStateController: systemUiVisibilityChanged : 0 0
02-10 00:16:39.920  3869  4404 I SurfaceFlinger: id=203321 createSurf (0x0),-1 flag=24000, Surface(name=e251250 StatusBar)/@0x2cedeea - animation-leash#0
02-10 00:16:39.920  4224  7437 I SurfaceControl: nativeRelease nativeObject s[522491098528]
02-10 00:16:39.921  4224  7437 I SurfaceControl: nativeRelease nativeObject e[522491098528]
02-10 00:16:39.921  3869  4404 I SurfaceFlinger: id=203322 createSurf (0x0),-1 flag=24000, Surface(name=c590bf6 NavigationBar0)/@0x33ffa64 - animation-leash#1
02-10 00:16:39.923  4224  7437 V WindowManager: Relayout hash=4262695, pid=6225: mAttrs={(0,0)(fillxfill) sim={adjust=pan forwardNavigation} ty=BASE_APPLICATION wanim=0x1030001
02-10 00:16:39.923  4224  7437 V WindowManager:   fl=1810100
02-10 00:16:39.923  4224  7437 V WindowManager:   pfl=12020000
02-10 00:16:39.923  4224  7437 V WindowManager:   fitSides= naviIconColor=0}
02-10 00:16:39.923  4224  7437 I SurfaceControl: nativeRelease nativeObject s[524526818400]
02-10 00:16:39.923  4224  7437 I SurfaceControl: nativeRelease nativeObject e[524526818400]
02-10 00:16:39.926  3869  4404 I Layer   : id=203314 removeFromCurrentState Surface(name=e251250 StatusBar)/@0x2cedeea - animation-leash#1 (83)
02-10 00:16:39.926  3869  4404 I Layer   : id=203315 removeFromCurrentState Surface(name=c590bf6 NavigationBar0)/@0x33ffa64 - animation-leash#0 (83)
02-10 00:16:39.928  6225  6225 I SurfaceControl: assignNativeObject: nativeObject = 0 Surface(name=null)/@0xcf75ba3 / android.view.SurfaceControl.readFromParcel:1117 android.view.IWindowSession$Stub$Proxy.relayout:1820 android.view.ViewRootImpl.relayoutWindow:9005 android.view.ViewRootImpl.performTraversals:3360 android.view.ViewRootImpl.doTraversal:2618 android.view.ViewRootImpl$TraversalRunnable.run:9971 android.view.Choreographer$CallbackRecord.run:1010 android.view.Choreographer.doCallbacks:809 android.view.Choreographer.doFrame:744 android.view.Choreographer$FrameDisplayEventReceiver.run:995
02-10 00:16:39.930  6225  6225 I ViewRootImpl@df86ed2[InstrumentationActivityInvoker$EmptyActivity]: Relayout returned: old=(0,0,720,1560) new=(0,0,720,1560) req=(720,1560)0 dur=16 res=0x7 s={true 524540485632} ch=true fn=-1
02-10 00:16:39.934  3835  4018 D gralloc : [mali_gralloc_allocate] begin
02-10 00:16:39.934  3835  4018 D gralloc : buffer_descriptor: wh(720 1560) usage_pc(0x40000000000b00 0x40000000000b00) hal_format(0x1) layer_count(1) sizes(0 0 0) strde(0) byte_stride(0) alloc_wh(0 0) internal_format(0x0) alloc_format(0x0) fd_count(1) plane_count(0)
02-10 00:16:39.935  3835  4018 D gralloc : [mali_gralloc_allocate] allocation successful
02-10 00:16:39.935  6225  6225 I ViewRootImpl@df86ed2[InstrumentationActivityInvoker$EmptyActivity]: [DP] dp(1) 1 android.view.ViewRootImpl.reportNextDraw:10957 android.view.ViewRootImpl.performTraversals:3845 android.view.ViewRootImpl.doTraversal:2618
02-10 00:16:39.935  6225  6225 I ViewRootImpl@df86ed2[InstrumentationActivityInvoker$EmptyActivity]: [DP] pd() Asnyc report
02-10 00:16:39.939  3835  4018 D gralloc : [mali_gralloc_allocate] begin
02-10 00:16:39.939  3835  4018 D gralloc : buffer_descriptor: wh(720 1560) usage_pc(0x40000000000b00 0x40000000000b00) hal_format(0x1) layer_count(1) sizes(0 0 0) strde(0) byte_stride(0) alloc_wh(0 0) internal_format(0x0) alloc_format(0x0) fd_count(1) plane_count(0)
02-10 00:16:39.940  3835  4018 D gralloc : [mali_gralloc_allocate] allocation successful
02-10 00:16:39.940  3835  4018 D gralloc : [mali_gralloc_allocate] begin
02-10 00:16:39.940  3835  4018 D gralloc : buffer_descriptor: wh(720 1560) usage_pc(0x40000000000b00 0x40000000000b00) hal_format(0x1) layer_count(1) sizes(0 0 0) strde(0) byte_stride(0) alloc_wh(0 0) internal_format(0x0) alloc_format(0x0) fd_count(1) plane_count(0)
02-10 00:16:39.942  3835  4018 D gralloc : [mali_gralloc_allocate] allocation successful
02-10 00:16:40.005  6225  6225 I ViewRootImpl@df86ed2[InstrumentationActivityInvoker$EmptyActivity]: [DP] pdf(0) 1 android.view.ViewRootImpl.lambda$performDraw$1$ViewRootImpl:4668 android.view.-$$Lambda$ViewRootImpl$DJd0VUYJgsebcnSohO6h8zc_ONI.run:6 android.os.Handler.handleCallback:938
02-10 00:16:40.005  6225  6225 I ViewRootImpl@df86ed2[InstrumentationActivityInvoker$EmptyActivity]: [DP] rdf()
02-10 00:16:40.007  6225  6225 I ViewRootImpl@b914805[VerticalListActivity]: MSG_WINDOW_FOCUS_CHANGED 0 1
02-10 00:16:40.012  4224  4280 D PkgPredictorService: pkg:com.example.dogglers activity:androidx.test.core.app.InstrumentationActivityInvoker$EmptyActivity thisTime:248
02-10 00:16:40.013  4224  4280 I SemDvfsHyPerManager: acquire hyper - AMS_RESUME_TAIL/4224@18, type = -999
02-10 00:16:40.013  4224  4284 I ActivityTaskManager: Displayed com.example.dogglers/androidx.test.core.app.InstrumentationActivityInvoker$EmptyActivity: +248ms
02-10 00:16:40.013  4224  4280 I SemDvfsHyPerManager: acquire hyper - AMS_ACT_LAZY/4224@19, type = -999
02-10 00:16:40.013  3846  3877 I HYPER-HAL: [RequestManager.cpp]acquire(): Acquired ID : 8999421  [4224 / 18]    HINT : AMS_RESUME_TAIL    list :
02-10 00:16:40.014  3846  3877 E HYPER-HAL: [HandlerSysfs.cpp]doResourceHandling(): Couldn't Open Sysfs - /sys/power/cstate_control
02-10 00:16:40.014  3846  3877 I HYPER-HAL: [ResourceManager.cpp]updateResource(): [CPUMinFreq] UpdateResource Request ID : 8999421    Value : 1560000
02-10 00:16:40.014  3846  3877 I HYPER-HAL: [RequestManager.cpp]acquire(): Acquired ID : 9003665  [4224 / 19]    HINT :      list :
02-10 00:16:40.015  3846  3877 E HYPER-HAL: [Request.cpp]acquire(): Request:: id : 9003665, No Resource to set
02-10 00:16:40.015  3846  3877 E HYPER-HAL: [HandlerSysfs.cpp]doResourceHandling(): Couldn't Open Sysfs - /sys/power/cstate_control
02-10 00:16:40.015  3846  3877 I HYPER-HAL: [ResourceManager.cpp]removeResource(): [CPUMinFreq] RemoveResource Request ID : 8990936
02-10 00:16:40.015  3846  3877 I HYPER-HAL: [RequestManager.cpp]releaseLocked(): Released ID : 8990936
02-10 00:16:40.020  6225  6225 I SurfaceControl: nativeRelease nativeObject s[522849930720]
02-10 00:16:40.020  6225  6225 I SurfaceControl: nativeRelease nativeObject e[522849930720]
02-10 00:16:40.020  6225  6225 I SurfaceControl: nativeRelease nativeObject s[524525185376]
02-10 00:16:40.020  6225  6225 I SurfaceControl: nativeRelease nativeObject e[524525185376]
02-10 00:16:40.020  6225  6225 I SurfaceControl: nativeRelease nativeObject s[524525184800]
02-10 00:16:40.020  6225  6225 I SurfaceControl: nativeRelease nativeObject e[524525184800]
02-10 00:16:40.021  4224  4375 I InputDispatcher: Focus entered window (6225): 4262695 in display 0 0
02-10 00:16:40.021  3869  3911 I SurfaceFlinger: id=203315 Removed Surface(name=c590bf6 NavigationBar0)/@0x33ffa64 - animation-leash#0 (83)
02-10 00:16:40.021  3869  3910 I SurfaceFlinger: id=203314 Removed Surface(name=e251250 StatusBar)/@0x2cedeea - animation-leash#1 (83)
02-10 00:16:40.026  3869  3869 D SurfaceFlinger: Display 0 HWC layers:
02-10 00:16:40.026  3869  3869 D SurfaceFlinger:      DEVICE | 0x6fc1614080 | 0002 | RGBA_8888    |    0.0    0.0  720.0 1560.0 |    0    0  720 1560 | com.example.dogglers/androidx.test.c[...]ctivityInvoker$EmptyActivity$_6225#0
02-10 00:16:40.026  3869  3869 D SurfaceFlinger:      DEVICE | 0x704564f240 | 0000 | RGBA_8888    |    0.0    0.0  720.0   53.0 |    0    0  720   53 | StatusBar$_28160#0
02-10 00:16:40.026  3869  3869 D SurfaceFlinger:      DEVICE | 0x704564f880 | 0000 | RGBA_8888    |    0.0    0.0   67.0  228.0 |  653  560  720  788 | com.samsung.android.app.cocktailbars[...]rservice.CocktailBarService$_30944#0
02-10 00:16:40.026  3869  3869 D SurfaceFlinger:      DEVICE | 0x6fc1613cc0 | 0000 | RGBA_8888    |    0.0    0.0  720.0   84.0 |    0 1476  720 1560 | NavigationBar0$_28160#0
02-10 00:16:40.026  3869  3869 D SurfaceFlinger:      DEVICE | 0x6fc1613e00 | 0000 | RGBA_8888    |    0.0    0.0  720.0  101.0 |    0    0  720  101 | ScreenDecorOverlay$_28160#0
02-10 00:16:40.026  3869  3869 D SurfaceFlinger:      DEVICE | 0x704564e980 | 0000 | RGBA_8888    |    0.0    0.0  720.0  101.0 |    0 1459  720 1560 | ScreenDecorOverlayBottom$_28160#0
02-10 00:16:40.026  3869  3869 D SurfaceFlinger:
02-10 00:16:40.029  6225  6225 I ViewRootImpl@b914805[VerticalListActivity]: stopped(true) old=false
02-10 00:16:40.032  6225  6225 I SurfaceControl: nativeRelease nativeObject s[524422645888]
02-10 00:16:40.032  6225  6225 I SurfaceControl: nativeRelease nativeObject e[524422645888]
02-10 00:16:40.033  6225  6225 D LifecycleMonitor: Lifecycle status change: com.example.dogglers.VerticalListActivity@5b6afee in: STOPPED
02-10 00:16:40.033  4224  6802 I SemDvfsHyPerManager: acquire hyper - AMS_ACT_START/4224@16, type = -999
02-10 00:16:40.033  6225  6225 V ActivityScenario: Update currentActivityStage to STOPPED, currentActivity=com.example.dogglers.VerticalListActivity@5b6afee
02-10 00:16:40.034  3846  3877 I HYPER-HAL: [RequestManager.cpp]acquire(): Acquired ID : 8990936  [4224 / 16]    HINT : AMS_ACT_START    list :
02-10 00:16:40.034  3846  3877 E HYPER-HAL: [HandlerSysfs.cpp]doResourceHandling(): Couldn't Open Sysfs - /sys/power/cstate_control
02-10 00:16:40.034  3846  3877 I HYPER-HAL: [ResourceManager.cpp]updateResource(): [CPUMinFreq] UpdateResource Request ID : 8990936    Value : 1560000
02-10 00:16:40.036  3869  3869 I Layer   : id=203314[1] Destroyed Surface(name=e251250 StatusBar)/@0x2cedeea - animation-leash#1
02-10 00:16:40.036  3869  3869 I Layer   : id=203315[1] Destroyed Surface(name=c590bf6 NavigationBar0)/@0x33ffa64 - animation-leash#0
02-10 00:16:40.036  3869  4404 I SurfaceFlinger: id=203323 createSurf (0x0),-1 flag=80004, ActivityRecord{3fad950 u0 com.example.dogglers/androidx.test.core.app.InstrumentationActivityInvoker$EmptyActivity t5805}#0
02-10 00:16:40.038  6225  6225 D LifecycleMonitor: Lifecycle status change: com.example.dogglers.VerticalListActivity@5b6afee in: DESTROYED
02-10 00:16:40.039  6225  6225 V ActivityScenario: Update currentActivityStage to DESTROYED, currentActivity=null
02-10 00:16:40.048  3869  4404 E BufferQueueProducer: [com.example.dogglers/com.example.dogglers.VerticalListActivity$_6225#0](id:f1d0000b7d7,api:0,p:-1,c:3869) disconnect: not connected (req=1)
02-10 00:16:40.048  6225  6260 W libEGL  : EGLNativeWindowType 0x7a17e9f010 disconnect failed
02-10 00:16:40.049  6225  6225 I ViewRootImpl@b914805[VerticalListActivity]: dispatchDetachedFromWindow
02-10 00:16:40.049  4224  4375 D InputTransport: Input channel destroyed: '55e90c1', fd=662
02-10 00:16:40.049  4224  4375 I SurfaceControl: nativeRelease nativeObject s[524525188640]
02-10 00:16:40.049  4224  4375 I SurfaceControl: nativeRelease nativeObject e[524525188640]
02-10 00:16:40.050  4224  4375 D WindowManager: isScreenshotDisabledLocked - win: Window{55e90c1 u0 com.example.dogglers/com.example.dogglers.VerticalListActivity}
02-10 00:16:40.050  4224  4375 D WindowManager: isScreenshotDisabledLocked: userId = 0, disabled =false
02-10 00:16:40.050  4224  4375 I SurfaceControl: nativeRelease nativeObject s[524526811104]
02-10 00:16:40.050  4224  4375 I SurfaceControl: nativeRelease nativeObject e[524526811104]
02-10 00:16:40.050  3869  4404 I SurfaceFlinger: id=203324 createSurf (0x0),-1 flag=24004, Surface(name=7fb2291 InputMethod)/@0xe6a7df7 - animation-leash#1
02-10 00:16:40.051  4224  4375 I SurfaceControl: nativeRelease nativeObject s[524526817536]
02-10 00:16:40.051  4224  4375 I SurfaceControl: nativeRelease nativeObject e[524526817536]
02-10 00:16:40.052  3869  4404 I Layer   : id=203313 removeFromCurrentState com.example.dogglers/com.example.dogglers.VerticalListActivity$_6225#0 (83)
02-10 00:16:40.055  3869  4404 I SurfaceFlinger: id=203313 Removed com.example.dogglers/com.example.dogglers.VerticalListActivity$_6225#0 (83)
02-10 00:16:40.056  3869  4404 I Layer   : id=203312 removeFromCurrentState 55e90c1 com.example.dogglers/com.example.dogglers.VerticalListActivity#0 (83)
02-10 00:16:40.057  3869  4404 I Layer   : id=203317 removeFromCurrentState Surface(name=7fb2291 InputMethod)/@0xe6a7df7 - animation-leash#0 (83)
02-10 00:16:40.057  3869  4404 I SurfaceFlinger: id=203312 Removed 55e90c1 com.example.dogglers/com.example.dogglers.VerticalListActivity#0 (83)
02-10 00:16:40.058  6225  6225 D InputTransport: Input channel destroyed: '55e90c1', fd=80
02-10 00:16:40.060  4224  4375 I SurfaceControl: nativeRelease nativeObject s[522304750624]
02-10 00:16:40.060  4224  4375 I SurfaceControl: nativeRelease nativeObject e[522304750624]
02-10 00:16:40.064  6225  6225 I ViewRootImpl@df86ed2[InstrumentationActivityInvoker$EmptyActivity]: MSG_WINDOW_FOCUS_CHANGED 1 1
02-10 00:16:40.065  6225  6225 D InputMethodManager: prepareNavigationBarInfo() DecorView@9846607[InstrumentationActivityInvoker$EmptyActivity]
02-10 00:16:40.065  6225  6225 D InputMethodManager: getNavigationBarColor() -16711423
02-10 00:16:40.066  6225  6225 D InputMethodManager: prepareNavigationBarInfo() DecorView@9846607[InstrumentationActivityInvoker$EmptyActivity]
02-10 00:16:40.066  6225  6225 D InputMethodManager: getNavigationBarColor() -16711423
02-10 00:16:40.066  6225  6225 V InputMethodManager: Starting input: tba=com.example.dogglers ic=null mNaviBarColor -16711423 mIsGetNaviBarColorSuccess true , NavVisible : true , NavTrans : false
02-10 00:16:40.066  6225  6225 D InputMethodManager: startInputInner - Id : 0
02-10 00:16:40.066  6225  6225 I InputMethodManager: startInputInner - mService.startInputOrWindowGainedFocus
02-10 00:16:40.067  4224  6802 D InputMethodManagerService: mSecureKeypadEnabled = false
02-10 00:16:40.067  4224  6802 V InputMethodManagerService: hideCurrentInputLocked : shouldHideSoftInput is false
02-10 00:16:40.068  4224  6802 D InputMethodManagerService: mDesktopModeManager null!
02-10 00:16:40.068  4224  6802 V InputMethodManagerService: getDisplayIdOfInputMethodWindowToBeAdded : 0
02-10 00:16:40.068  4224  6802 D InputMethodManagerService: checkDisplayOfStartInputAndUpdateKeyboard display Id 0last 0
02-10 00:16:40.068  4224  6802 D InputTransport: Input channel constructed: 'ClientS', fd=662
02-10 00:16:40.068  4224  6802 D InputTransport: Input channel destroyed: 'ClientS', fd=662
02-10 00:16:40.068  6225  6225 D InputTransport: Input channel constructed: 'ClientS', fd=80
02-10 00:16:40.069  6225  6225 D InputTransport: Input channel destroyed: 'ClientS', fd=84
02-10 00:16:40.069  4224  6802 I SurfaceControl: nativeRelease nativeObject s[522491099200]
02-10 00:16:40.069  4224  6802 I SurfaceControl: nativeRelease nativeObject e[522491099200]
02-10 00:16:40.071  3869  3869 I Layer   : id=203313[1] Destroyed com.example.dogglers/com.example.dogglers.VerticalListActivity$_6225#0
02-10 00:16:40.071  3869  3869 I Layer   : id=203312[1] Destroyed 55e90c1 com.example.dogglers/com.example.dogglers.VerticalListActivity#0
02-10 00:16:40.072  3869  4404 I SurfaceFlinger: id=203325 createSurf (0x0),-1 flag=24004, Surface(name=7fb2291 InputMethod)/@0xe6a7df7 - animation-leash#0
02-10 00:16:40.074  8265  8265 I HBD     : HoneyBoardService onFinishInput
02-10 00:16:40.074  8265  8265 I HBD     : a IC have been unbinded,  InputConnectionWrapper{idHash=#2aa4a5f mMissingMethods=}
02-10 00:16:40.074  8265  8265 I HBD     : HoneyBoardService [PF_CL][onFinishInput]  568653 ns
02-10 00:16:40.075  8265  8265 I HBD     : HoneyBoardService [IMI] onStartInput - caller pid : 6225 , caller uid : 11512
02-10 00:16:40.075  3869  3910 I Layer   : id=203311 removeFromCurrentState ActivityRecord{bfcad92 u0 com.example.dogglers/.VerticalListActivity t5805}#0 (82)
02-10 00:16:40.075  3869  3910 I Layer   : id=203324 removeFromCurrentState Surface(name=7fb2291 InputMethod)/@0xe6a7df7 - animation-leash#1 (82)
02-10 00:16:40.075  8265  8265 I HBD     : i updateConfigs
02-10 00:16:40.075  8265  8265 I HBD     : i isEnabledNightMode : true
02-10 00:16:40.075  3869  3910 I SurfaceFlinger: id=203311 Removed ActivityRecord{bfcad92 u0 com.example.dogglers/.VerticalListActivity t5805}#0 (82)
02-10 00:16:40.075  8265  8265 I HBD     : a IC have been binded, InputConnectionWrapper{idHash=#2aa4a5f mMissingMethods=}
02-10 00:16:40.075  8265  8265 I HBD     : h [EditorInputType]setPrivateImeOptionsToTable privateImeOptions ( null )
02-10 00:16:40.075  8265  8265 I HBD     : b incognitoMode : false
02-10 00:16:40.076  8265  8265 I HBD     : a needOff = true , isForceOff = false, isNullInputClass : true
02-10 00:16:40.076  8265  8265 I HBD     : h getDefaultInputRange : UNKNOWN
02-10 00:16:40.076  8265  8265 I HBD     : h getDefaultInputRange : UNKNOWN
02-10 00:16:40.076  8265  8265 I HBD     : h getDefaultInputRange : UNKNOWN
02-10 00:16:40.077  6225  6225 D LifecycleMonitor: Lifecycle status change: androidx.test.core.app.InstrumentationActivityInvoker$EmptyActivity@bc22821 in: PAUSED
02-10 00:16:40.077  4224  4375 D SdpManagerService: Not an enterprise user : 0
02-10 00:16:40.077  4224  4375 D SdpManagerService: Not an enterprise user : 0
02-10 00:16:40.078  6225  6225 V ActivityScenario: Activity lifecycle changed event received but ignored because the intent does not match. startActivityIntent=Intent { act=android.intent.action.MAIN cat=[android.intent.category.LAUNCHER] cmp=com.example.dogglers/.VerticalListActivity }, activity.getIntent()=Intent { act=android.intent.action.MAIN cat=[android.intent.category.LAUNCHER] flg=0x10000000 cmp=com.example.dogglers/androidx.test.core.app.InstrumentationActivityInvoker$EmptyActivity }, activity=androidx.test.core.app.InstrumentationActivityInvoker$EmptyActivity@bc22821
02-10 00:16:40.079  8265  8265 I HBD     : h getDefaultInputRange : UNKNOWN
02-10 00:16:40.081  8265  8265 I HBD     : a currentState : 0
02-10 00:16:40.081  4224  6802 V WindowOrientationListener: getProposedRotation: -1
02-10 00:16:40.082  4224  6802 V WindowOrientationListener: getProposedRotation: -1
02-10 00:16:40.082  8265  8265 I HBD     : h load selected json info : {"version":"1.0","currentLanguageOrder":0,"selected":[{"activeOptionList":["auto_replace","auto_spacing"],"engName":"English","id":65538,"inputType":"qwerty","isUsed":true},{"activeOptionList":["auto_replace","auto_spacing"],"engName":"Arabic","id":5308416,"inputType":"qwerty","isUsed":true}]}
02-10 00:16:40.083  8265  8265 I HBD     : a [UpdatePolicy] [post] a: 0 cl: 65538 kit: [0/0] vt: 0 ir: 1
02-10 00:16:40.083  4224  6802 V WindowOrientationListener: getProposedRotation: -1
02-10 00:16:40.084  8265  8265 I HBD     : HoneyBoardService [PF_OP][onStartInput]  9090269 ns
02-10 00:16:40.085  4224  6802 D InputDispatcher: Focused application set to (0): 3fad950
02-10 00:16:40.086  3869  3869 I Layer   : id=203311[1] Destroyed ActivityRecord{bfcad92 u0 com.example.dogglers/.VerticalListActivity t5805}#0
02-10 00:16:40.096  4224  4279 I SemPersonaManager: SecureFolder personaId = 150
02-10 00:16:40.096  6225  6225 D LifecycleMonitor: Lifecycle status change: androidx.test.core.app.InstrumentationActivityInvoker$BootstrapActivity@ea0d9f in: DESTROYED
02-10 00:16:40.097  6225  6225 V ActivityScenario: Activity lifecycle changed event received but ignored because the intent does not match. startActivityIntent=Intent { act=android.intent.action.MAIN cat=[android.intent.category.LAUNCHER] cmp=com.example.dogglers/.VerticalListActivity }, activity.getIntent()=Intent { act=android.intent.action.MAIN cat=[android.intent.category.LAUNCHER] flg=0x10008000 cmp=com.example.dogglers/androidx.test.core.app.InstrumentationActivityInvoker$BootstrapActivity (has extras) }, activity=androidx.test.core.app.InstrumentationActivityInvoker$BootstrapActivity@ea0d9f
02-10 00:16:40.099  4224  4375 I SurfaceControl: nativeRelease nativeObject s[524525195168]
02-10 00:16:40.099  4224  4375 I SurfaceControl: nativeRelease nativeObject e[524525195168]
02-10 00:16:40.100  4224  7437 D SamsungIMMSHWKeyboard: isConnectedDexOnPC false
02-10 00:16:40.101  6225  6225 I SurfaceControl: nativeRelease nativeObject s[524525183072]
02-10 00:16:40.101  6225  6225 I SurfaceControl: nativeRelease nativeObject e[524525183072]
02-10 00:16:40.101  6225  6225 I SurfaceControl: nativeRelease nativeObject s[524525182976]
02-10 00:16:40.101  6225  6225 I SurfaceControl: nativeRelease nativeObject e[524525182976]
02-10 00:16:40.105  4224  7437 D InputMethodManagerService: isImeSwitcherDisabledPackage : false
02-10 00:16:40.107  3869  3911 I Layer   : id=203304 removeFromCurrentState ActivityRecord{d2b8b91 u0 com.example.dogglers/androidx.test.core.app.InstrumentationActivityInvoker$BootstrapActivity t5805}#0 (81)
02-10 00:16:40.107  3869  3911 I SurfaceFlinger: id=203304 Removed ActivityRecord{d2b8b91 u0 com.example.dogglers/androidx.test.core.app.InstrumentationActivityInvoker$BootstrapActivity t5805}#0 (81)
02-10 00:16:40.115  6225  6225 D LifecycleMonitor: Lifecycle status change: androidx.test.core.app.InstrumentationActivityInvoker$EmptyActivity@7efa315 in: PRE_ON_CREATE
02-10 00:16:40.116  6225  6225 V ActivityScenario: Activity lifecycle changed event received but ignored because the intent does not match. startActivityIntent=Intent { act=android.intent.action.MAIN cat=[android.intent.category.LAUNCHER] cmp=com.example.dogglers/.VerticalListActivity }, activity.getIntent()=Intent { act=android.intent.action.MAIN cat=[android.intent.category.LAUNCHER] flg=0x10000000 cmp=com.example.dogglers/androidx.test.core.app.InstrumentationActivityInvoker$EmptyActivity }, activity=androidx.test.core.app.InstrumentationActivityInvoker$EmptyActivity@7efa315
02-10 00:16:40.119  3869  3869 I Layer   : id=203304[1] Destroyed ActivityRecord{d2b8b91 u0 com.example.dogglers/androidx.test.core.app.InstrumentationActivityInvoker$BootstrapActivity t5805}#0
02-10 00:16:40.121  4224  7437 I InputDispatcher: Focus left window (6225): 4262695 in display 0 0
02-10 00:16:40.147  4224  4279 D EnterpriseDeviceManagerService: isMdmAdminPresentInternal() : MDM Admin Found - com.samsung.knox.securefolder
02-10 00:16:40.163  6225  6225 I DecorView: [INFO] isPopOver=false, config=true
02-10 00:16:40.163  6225  6225 I DecorView: updateCaptionType >> DecorView@a8a9c1b[], isFloating=false, isApplication=true, hasWindowDecorCaption=false, hasWindowControllerCallback=true
02-10 00:16:40.163  6225  6225 D DecorView: setCaptionType = 0, this = DecorView@a8a9c1b[]
02-10 00:16:40.171  6225  6225 D LifecycleMonitor: Lifecycle status change: androidx.test.core.app.InstrumentationActivityInvoker$EmptyActivity@7efa315 in: CREATED
02-10 00:16:40.171  6225  6225 V ActivityScenario: Activity lifecycle changed event received but ignored because the intent does not match. startActivityIntent=Intent { act=android.intent.action.MAIN cat=[android.intent.category.LAUNCHER] cmp=com.example.dogglers/.VerticalListActivity }, activity.getIntent()=Intent { act=android.intent.action.MAIN cat=[android.intent.category.LAUNCHER] flg=0x10000000 cmp=com.example.dogglers/androidx.test.core.app.InstrumentationActivityInvoker$EmptyActivity }, activity=androidx.test.core.app.InstrumentationActivityInvoker$EmptyActivity@7efa315
02-10 00:16:40.175  6225  6225 D LifecycleMonitor: Lifecycle status change: androidx.test.core.app.InstrumentationActivityInvoker$EmptyActivity@7efa315 in: STARTED
02-10 00:16:40.176  6225  6225 V ActivityScenario: Activity lifecycle changed event received but ignored because the intent does not match. startActivityIntent=Intent { act=android.intent.action.MAIN cat=[android.intent.category.LAUNCHER] cmp=com.example.dogglers/.VerticalListActivity }, activity.getIntent()=Intent { act=android.intent.action.MAIN cat=[android.intent.category.LAUNCHER] flg=0x10000000 cmp=com.example.dogglers/androidx.test.core.app.InstrumentationActivityInvoker$EmptyActivity }, activity=androidx.test.core.app.InstrumentationActivityInvoker$EmptyActivity@7efa315
02-10 00:16:40.179  6225  6225 D LifecycleMonitor: Lifecycle status change: androidx.test.core.app.InstrumentationActivityInvoker$EmptyActivity@7efa315 in: RESUMED
02-10 00:16:40.179  6225  6225 V ActivityScenario: Activity lifecycle changed event received but ignored because the intent does not match. startActivityIntent=Intent { act=android.intent.action.MAIN cat=[android.intent.category.LAUNCHER] cmp=com.example.dogglers/.VerticalListActivity }, activity.getIntent()=Intent { act=android.intent.action.MAIN cat=[android.intent.category.LAUNCHER] flg=0x10000000 cmp=com.example.dogglers/androidx.test.core.app.InstrumentationActivityInvoker$EmptyActivity }, activity=androidx.test.core.app.InstrumentationActivityInvoker$EmptyActivity@7efa315
02-10 00:16:40.181  3970  4780 I GNSS_MEMS: TGT_MEMS SCSCMemsReportSensorDrops: dropped 0 events (spam) 1 events (rate limit) out of 52 total for sensor 0 since last report
02-10 00:16:40.186  4224  6802 D InputTransport: Input channel constructed: '2409f0a', fd=680
02-10 00:16:40.186  4224  6802 D InputTransport: Input channel constructed: '2409f0a', fd=681
02-10 00:16:40.187  3869  4404 I SurfaceFlinger: id=203326 createSurf (0x0),-1 flag=80004, 2409f0a com.example.dogglers/androidx.test.core.app.InstrumentationActivityInvoker$EmptyActivity#0
02-10 00:16:40.188  4224  6802 D WindowManager: isScreenshotDisabledLocked - win: Window{2409f0a u0 com.example.dogglers/androidx.test.core.app.InstrumentationActivityInvoker$EmptyActivity}
02-10 00:16:40.188  4224  6802 D WindowManager: isScreenshotDisabledLocked: userId = 0, disabled =false
02-10 00:16:40.188  4224  6802 D InputTransport: Input channel destroyed: '2409f0a', fd=681
02-10 00:16:40.189  6225  6225 D InputTransport: Input channel constructed: '2409f0a', fd=84
02-10 00:16:40.191  6225  6225 I ViewRootImpl@ed75af6[InstrumentationActivityInvoker$EmptyActivity]: setView = com.android.internal.policy.DecorView@a8a9c1b TM=true
02-10 00:16:40.192 28160 28160 D KeyguardUpdateMonitor: updateBiometricListeningState()
02-10 00:16:40.192 28160 28160 D KeyguardFingerPrint: shouldListenForFingerprint ( isFingerprintEnabled = false , mKeyguardIsVisible = false , mDeviceInteractive = true , mBouncer = false , mGoingToSleep = false , mSwitchingUser = false , mKeyguardUnlocking = true , mKeyguardGoingAway = true , mKeyguardShowing = false , mKeyguardOccluded = false , mSystemReady = true , mHasFocus = false
02-10 00:16:40.192 28160 28160 D KeyguardFingerPrint: updateFingerprintListeningState#mFingerprintRunningState=0 shouldListenForFingerprint=false
02-10 00:16:40.192 28160 28160 D KeyguardFace: shouldListenForFace ( isFaceDefaultCondition = false , mKeyguardIsVisible = false , mDeviceInteractive = true , mBouncer = false , mSwitchingUser = false , mGoingToSleep = false , mKeyguardGoingAway = true , mKeyguardUnlocking = true , mIsPickedUp = false , mIsEarlyWakeUp = false , mIsScreenSaverRunning = false , mSystemReady = true)
02-10 00:16:40.192 28160 28160 D KeyguardFace: shouldListenForFace ( return false, Face is not default condition)
02-10 00:16:40.192 28160 28160 D KeyguardFace: Can't stop stopListeningForFace(), mFaceRunningState = 0
02-10 00:16:40.201  4224  6802 V WindowManager: Relayout Window{2409f0a u0 com.example.dogglers/androidx.test.core.app.InstrumentationActivityInvoker$EmptyActivity}: viewVisibility=0 req=720x1560
02-10 00:16:40.204  4224  6802 D WindowManager: isScreenshotDisabledLocked - win: Window{2409f0a u0 com.example.dogglers/androidx.test.core.app.InstrumentationActivityInvoker$EmptyActivity}
02-10 00:16:40.204  4224  6802 D WindowManager: isScreenshotDisabledLocked: userId = 0, disabled =false
02-10 00:16:40.205  3869  4404 I SurfaceFlinger: id=203327 createSurf (720x1560),1 flag=404, com.example.dogglers/androidx.test.core.app.InstrumentationActivityInvoker$EmptyActivity$_6225#1
02-10 00:16:40.208  4224  6802 I SurfaceControl: nativeRelease nativeObject s[522491099008]
02-10 00:16:40.208  4224  6802 I SurfaceControl: nativeRelease nativeObject e[522491099008]
02-10 00:16:40.208 30944 30944 I TrayStateController: systemUiVisibilityChanged : 0 0
02-10 00:16:40.208  3869  3911 I SurfaceFlinger: id=203328 createSurf (0x0),-1 flag=24000, Surface(name=e251250 StatusBar)/@0x2cedeea - animation-leash#1
02-10 00:16:40.209  4224  6802 I SurfaceControl: nativeRelease nativeObject s[522491103040]
02-10 00:16:40.209  4224  6802 I SurfaceControl: nativeRelease nativeObject e[522491103040]
02-10 00:16:40.209  3869  3911 I SurfaceFlinger: id=203329 createSurf (0x0),-1 flag=24000, Surface(name=c590bf6 NavigationBar0)/@0x33ffa64 - animation-leash#0
02-10 00:16:40.211  4224  6802 V WindowManager: Relayout hash=2409f0a, pid=6225: mAttrs={(0,0)(fillxfill) sim={adjust=pan forwardNavigation} ty=BASE_APPLICATION wanim=0x1030001
02-10 00:16:40.211  4224  6802 V WindowManager:   fl=1810100
02-10 00:16:40.211  4224  6802 V WindowManager:   pfl=12020000
02-10 00:16:40.211  4224  6802 V WindowManager:   fitSides= naviIconColor=0}
02-10 00:16:40.211  4224  6802 I SurfaceControl: nativeRelease nativeObject s[524525188832]
02-10 00:16:40.211  4224  6802 I SurfaceControl: nativeRelease nativeObject e[524525188832]
02-10 00:16:40.212  3869  3911 I Layer   : id=203321 removeFromCurrentState Surface(name=e251250 StatusBar)/@0x2cedeea - animation-leash#0 (84)
02-10 00:16:40.212  3869  3911 I Layer   : id=203322 removeFromCurrentState Surface(name=c590bf6 NavigationBar0)/@0x33ffa64 - animation-leash#1 (84)
