02-10 00:16:42.089  6225  6252 I TestRunner: started: vertical_scrolling(com.example.dogglers.VerticalListTests)
02-10 00:16:42.110  6225  6252 W Settings: Setting always_finish_activities has moved from android.provider.Settings.System to android.provider.Settings.Global, returning read-only value.
02-10 00:16:42.124  4224  5303 I SemDvfsHyPerManager: acquire hyper - AMS_APP_SWITCH/4224@20, type = -999
02-10 00:16:42.125  3846  3877 I HYPER-HAL: [RequestManager.cpp]acquire(): Acquired ID : 9007910  [4224 / 20]    HINT : AMS_APP_SWITCH    list :
02-10 00:16:42.125  3846  3877 E HYPER-HAL: [HandlerSysfs.cpp]doResourceHandling(): Couldn't Open Sysfs - /sys/power/cstate_control
02-10 00:16:42.126  6941  6941 I SemDvfsHyPerManager: acquire hyper - com.sec.android.sdhms/6941@9, type = -999
02-10 00:16:42.126  3869  4404 I SurfaceFlinger: id=203377 createSurf (0x0),-1 flag=24004, Task=5807#0
02-10 00:16:42.126  3846  3877 I HYPER-HAL: [ResourceManager.cpp]updateResource(): [CPUMinFreq] UpdateResource Request ID : 9007910    Value : 1560000
02-10 00:16:42.127  3846  3877 I HYPER-HAL: [RequestManager.cpp]acquire(): Acquired ID : 24154734  [6941 / 9]    HINT : APP_START    list :
02-10 00:16:42.127  3846  3877 E HYPER-HAL: [HandlerSysfs.cpp]doResourceHandling(): Couldn't Open Sysfs - /sys/kernel/mm/vmscan/am_app_launch
02-10 00:16:42.128  3846  3877 I HYPER-HAL: [ResourceManager.cpp]updateResource(): [CPUMaxFreq] UpdateResource Request ID : 24154734    Value : 1560000
02-10 00:16:42.129  3869  5906 I SurfaceFlinger: id=203378 createSurf (0x0),-1 flag=80004, ActivityRecord{431c32d u0 com.example.dogglers/androidx.test.core.app.InstrumentationActivityInvoker$BootstrapActivity t5807}#0
02-10 00:16:42.132  4224  4254 V WindowOrientationListener: getProposedRotation: -1
02-10 00:16:42.133  3803  3808 E statsd  : Predicate -7037417284711607308 dropping data for dimension key (10)0x2010101->11512[I] (10)0x30000->*launch*[S]
02-10 00:16:42.134  3803  3808 E statsd  : Predicate 5980654721335871649 dropping data for dimension key (10)0x2010101->11512[I] (10)0x30000->*launch*[S]
02-10 00:16:42.136  4224  4254 I SemDvfsHyPerManager: acquire hyper - AMS_APP_LAUNCH/4224@17, type = -999
02-10 00:16:42.136  3846  3877 I HYPER-HAL: [RequestManager.cpp]acquire(): Acquired ID : 8995178  [4224 / 17]    HINT : AMS_APP_LAUNCH    list :
02-10 00:16:42.136  3846  3877 E HYPER-HAL: [HandlerSysfs.cpp]doResourceHandling(): Couldn't Open Sysfs - /sys/power/cstate_control
02-10 00:16:42.136  3846  3877 I HYPER-HAL: [ResourceManager.cpp]updateResource(): [CPUMinFreq] UpdateResource Request ID : 8995178    Value : 1560000
02-10 00:16:42.137  8238  8238 I DragController: endDrag
02-10 00:16:42.138  8238  8238 I SPayUpdater: updateSpayHandler launcher activity is paused false
02-10 00:16:42.141  4224  4842 V WindowOrientationListener: getProposedRotation: -1
02-10 00:16:42.141  4224  4842 V WindowOrientationListener: getProposedRotation: -1
02-10 00:16:42.142  4224  4842 V WindowOrientationListener: getProposedRotation: -1
02-10 00:16:42.144  4224  4842 D InputDispatcher: Focused application set to (0): 431c32d
02-10 00:16:42.154  4224  4254 V WindowManager: Relayout Window{41122b u0 com.sec.android.app.launcher/com.sec.android.app.launcher.activities.LauncherActivity}: viewVisibility=0 req=720x1560
02-10 00:16:42.158  4224  4280 D InputTransport: Input channel constructed: 'ab7c0ae', fd=752
02-10 00:16:42.158  4224  4254 V WindowManager: Relayout hash=41122b, pid=8238: mAttrs={(0,0)(fillxfill) sim={adjust=nothing} layoutInDisplayCutoutMode=shortEdges ty=BASE_APPLICATION fmt=TRANSPARENT wanim=0x10302f2
02-10 00:16:42.158  4224  4254 V WindowManager:   fl=81910100
02-10 00:16:42.158  4224  4254 V WindowManager:   pfl=16020000
02-10 00:16:42.158  4224  4254 V WindowManager:   vsysui=1700
02-10 00:16:42.158  4224  4254 V WindowManager:   bhv=SHOW_TRANSIENT_BARS_BY_SWIPE
02-10 00:16:42.158  4224  4254 V WindowManager:   fitSides= naviIconColor=0}
02-10 00:16:42.158  4224  4280 D InputTransport: Input channel constructed: 'ab7c0ae', fd=753
02-10 00:16:42.158  4224  4254 I SurfaceControl: nativeRelease nativeObject s[522304756768]
02-10 00:16:42.158  4224  4254 I SurfaceControl: nativeRelease nativeObject e[522304756768]
02-10 00:16:42.159  3869  5906 I SurfaceFlinger: id=203379 createSurf (0x0),-1 flag=80004, ab7c0ae Splash Screen com.example.dogglers#0
02-10 00:16:42.160  8238  8238 I SurfaceControl: nativeRelease nativeObject s[524525046528]
02-10 00:16:42.160  8238  8238 I SurfaceControl: nativeRelease nativeObject e[524525046528]
02-10 00:16:42.160  8238  8238 I SurfaceControl: assignNativeObject: nativeObject = 0 Surface(name=null)/@0xda8b326 / android.view.SurfaceControl.readFromParcel:1117 android.view.IWindowSession$Stub$Proxy.relayout:1820 android.view.ViewRootImpl.relayoutWindow:9005 android.view.ViewRootImpl.performTraversals:3360 android.view.ViewRootImpl.doTraversal:2618 android.view.ViewRootImpl$TraversalRunnable.run:9971 android.view.Choreographer$CallbackRecord.run:1010 android.view.Choreographer.doCallbacks:809 android.view.Choreographer.doFrame:744 android.view.Choreographer$FrameDisplayEventReceiver.run:995
02-10 00:16:42.161  8238  8238 I SurfaceControl: nativeRelease nativeObject s[524539705664]
02-10 00:16:42.161  8238  8238 I SurfaceControl: nativeRelease nativeObject e[524539705664]
02-10 00:16:42.161  8238  8238 I SurfaceControl: nativeRelease nativeObject s[524539704992]
02-10 00:16:42.161  8238  8238 I SurfaceControl: nativeRelease nativeObject e[524539704992]
02-10 00:16:42.161  8238  8238 I SurfaceControl: nativeRelease nativeObject s[524539705472]
02-10 00:16:42.161  8238  8238 I SurfaceControl: nativeRelease nativeObject e[524539705472]
02-10 00:16:42.161  8238  8238 I ViewRootImpl@60176a2[LauncherActivity]: Relayout returned: old=(0,0,720,1560) new=(0,0,720,1560) req=(720,1560)0 dur=8 res=0x1 s={true 524422651904} ch=false fn=7
02-10 00:16:42.162  4224  4280 I ViewRootImpl@6946529[dogglers]: setView = com.android.internal.policy.DecorView@d3ec9dc TM=true
02-10 00:16:42.162  6225  6225 D LifecycleMonitor: Lifecycle status change: androidx.test.core.app.InstrumentationActivityInvoker$BootstrapActivity@193b6dc in: PRE_ON_CREATE
02-10 00:16:42.163  6225  6225 V ActivityScenario: Activity lifecycle changed event received but ignored because the intent does not match. startActivityIntent=Intent { act=android.intent.action.MAIN cat=[android.intent.category.LAUNCHER] cmp=com.example.dogglers/.VerticalListActivity }, activity.getIntent()=Intent { act=android.intent.action.MAIN cat=[android.intent.category.LAUNCHER] flg=0x10008000 cmp=com.example.dogglers/androidx.test.core.app.InstrumentationActivityInvoker$BootstrapActivity (has extras) }, activity=androidx.test.core.app.InstrumentationActivityInvoker$BootstrapActivity@193b6dc
02-10 00:16:42.168  4224  4280 V WindowManager: Relayout Window{ab7c0ae u0 Splash Screen com.example.dogglers}: viewVisibility=0 req=720x1560
02-10 00:16:42.170  4224  4280 D WindowManager: isScreenshotDisabledLocked - win: Window{ab7c0ae u0 Splash Screen com.example.dogglers}
02-10 00:16:42.170  4224  4280 D WindowManager: isScreenshotDisabledLocked: userId = 0, disabled =false
02-10 00:16:42.171  3869  4404 I SurfaceFlinger: id=203380 createSurf (720x1560),1 flag=404, Splash Screen com.example.dogglers#0
02-10 00:16:42.174  4224  4280 V WindowManager: Relayout hash=ab7c0ae, pid=4224: mAttrs={(0,0)(fillxfill) sim={adjust=pan} layoutInDisplayCutoutMode=shortEdges ty=APPLICATION_STARTING wanim=0x1030001
02-10 00:16:42.174  4224  4280 V WindowManager:   fl=1830118
02-10 00:16:42.174  4224  4280 V WindowManager:   pfl=12020011
02-10 00:16:42.174  4224  4280 V WindowManager:   fitSides= naviIconColor=0}
02-10 00:16:42.174  4224  4280 I ViewRootImpl@6946529[dogglers]: Relayout returned: old=(0,0,720,1560) new=(0,0,720,1560) req=(720,1560)0 dur=6 res=0x7 s={true 516798550016} ch=true fn=-1
02-10 00:16:42.174  4224  4277 D SehCodecSolutionService: Update top [com.example.dogglers]
02-10 00:16:42.175  4224  4487 I System.out: (HTTPLog)-Static: isSBSettingEnabled false
02-10 00:16:42.175  4224  4487 I System.out: (HTTPLog)-Static: isSBSettingEnabled false
02-10 00:16:42.176  4224  4498 D PkgPredictorService: com.example.dogglers go to foreground!
02-10 00:16:42.176  4224  4498 E PkgPredictorService-Collector: record changed bt=0  wifi=0 screen=0
02-10 00:16:42.176  4224  4498 D PkgPredictorService: previous pkgs: com.example.dogglers,com.example.dogglers,com.example.dogglers running pkg: com.example.dogglers, uid: 0 is system: false
02-10 00:16:42.176  4224  4280 I ViewRootImpl@6946529[dogglers]: [DP] dp(1) 1 android.view.ViewRootImpl.reportNextDraw:10957 android.view.ViewRootImpl.performTraversals:3845 android.view.ViewRootImpl.doTraversal:2618
02-10 00:16:42.177  4224  4498 D PkgPredictorService-Collector: save record...
02-10 00:16:42.177  4224  4498 D PkgPredictorService-Collector:  (hour:0 day:6 previous:[com.example.dogglers, com.example.dogglers, com.example.dogglers] activityName:unknown running:com.example.dogglers userId:0 screenOrientation:0 wifi:0 bt:0 predictTime:5 apkVersion:1.0 consumeTime:-1 preloaded:false>)
02-10 00:16:42.177  4224  4498 D PkgPredictorService-NapPreloadController: User using: com.example.dogglers
02-10 00:16:42.177  4224  4498 I PkgPredictorService-NapClassifier: RF predict version:1675904666358
02-10 00:16:42.177  3804  3832 E Netd    : getNetworkForDns: getNetId from enterpriseCtrl is netid 0
02-10 00:16:42.177  3835  4018 D gralloc : [mali_gralloc_allocate] begin
02-10 00:16:42.178  3835  4018 D gralloc : buffer_descriptor: wh(720 1560) usage_pc(0x966 0x906) hal_format(0x1) layer_count(1) sizes(0 0 0) strde(0) byte_stride(0) alloc_wh(0 0) internal_format(0x0) alloc_format(0x0) fd_count(1) plane_count(0)
02-10 00:16:42.178  4224  4498 D PkgPredictorService-NapClassifier: Predict result: 242.0,334.0,-1.0, - [0_&_com.snapchat.android, 0_&_com.spotify.music]
02-10 00:16:42.179  3835  4018 D gralloc : [mali_gralloc_allocate] allocation successful
02-10 00:16:42.179  3863  7628 V APM_AudioPolicyManager: setAppState(portId:28101, state:1)
02-10 00:16:42.180 31174 31435 I Rubin   : [630289] LoggingEventHelper.notifyUpdatedWithValue(LoggingEventHelper.java:58) : Notify AppUsageLogger's database is updated.
02-10 00:16:42.184  6225  6225 I DecorView: [INFO] isPopOver=false, config=true
02-10 00:16:42.184  6225  6225 I DecorView: updateCaptionType >> DecorView@4aa6eba[], isFloating=false, isApplication=true, hasWindowDecorCaption=false, hasWindowControllerCallback=true
02-10 00:16:42.185  6225  6225 D DecorView: setCaptionType = 0, this = DecorView@4aa6eba[]
02-10 00:16:42.186  4224  4254 I InputDispatcher: Focus left window (8238): 41122b  in display 0 0
02-10 00:16:42.187  8238  8238 I ViewRootImpl@60176a2[LauncherActivity]: MSG_WINDOW_FOCUS_CHANGED 0 1
02-10 00:16:42.188  4224  4280 I ViewRootImpl@6946529[dogglers]: [DP] pdf(0) 1 android.view.ViewRootImpl.performDraw:4809 android.view.ViewRootImpl.performTraversals:3866 android.view.ViewRootImpl.doTraversal:2618
02-10 00:16:42.188  4224  4280 I ViewRootImpl@6946529[dogglers]: [DP] rdf()
02-10 00:16:42.193  6225  6225 D LifecycleMonitor: Lifecycle status change: androidx.test.core.app.InstrumentationActivityInvoker$BootstrapActivity@193b6dc in: CREATED
02-10 00:16:42.193  6225  6225 V ActivityScenario: Activity lifecycle changed event received but ignored because the intent does not match. startActivityIntent=Intent { act=android.intent.action.MAIN cat=[android.intent.category.LAUNCHER] cmp=com.example.dogglers/.VerticalListActivity }, activity.getIntent()=Intent { act=android.intent.action.MAIN cat=[android.intent.category.LAUNCHER] flg=0x10008000 cmp=com.example.dogglers/androidx.test.core.app.InstrumentationActivityInvoker$BootstrapActivity (has extras) }, activity=androidx.test.core.app.InstrumentationActivityInvoker$BootstrapActivity@193b6dc
02-10 00:16:42.198 28160 29052 D WallpaperService: dispatchAppVisibility onVisibilityChanged(): false
02-10 00:16:42.199 28160 28160 D WallpaperService: reportVisibility onVisibilityChanged visible: false
02-10 00:16:42.199 28160 28270 I ImageWallpaper:  onVisibilityChanged false , 0
02-10 00:16:42.199 30944 30944 I TrayStateController: systemUiVisibilityChanged : 2 0
02-10 00:16:42.199  4224  4280 I SurfaceControl: nativeRelease nativeObject s[522491576256]
02-10 00:16:42.199  4224  4280 I SurfaceControl: nativeRelease nativeObject e[522491576256]
02-10 00:16:42.200  8238  8238 I BadgeRenderer: Invalid count : 0
02-10 00:16:42.202 31174 31435 I Rubin   : [630289] ExercisingWithCmhMonitor.isSatisfiedByCmh(ExercisingWithCmhMonitor.java:119) : isSatisfiedByCmh is false
02-10 00:16:42.204  3869  5906 I SurfaceFlinger: id=203381 createSurf (0x0),-1 flag=24000, Surface(name=e251250 StatusBar)/@0x2cedeea - animation-leash#0
02-10 00:16:42.205  4224  4280 I SurfaceControl: nativeRelease nativeObject s[522491580000]
02-10 00:16:42.205  4224  4280 I SurfaceControl: nativeRelease nativeObject e[522491580000]
02-10 00:16:42.205  3869  5906 I SurfaceFlinger: id=203382 createSurf (0x0),-1 flag=24000, Surface(name=c590bf6 NavigationBar0)/@0x33ffa64 - animation-leash#1
02-10 00:16:42.207 30944 30944 I TrayStateController: systemUiVisibilityChanged : 0 0
02-10 00:16:42.208  3869  5906 I Layer   : id=203370 removeFromCurrentState Surface(name=e251250 StatusBar)/@0x2cedeea - animation-leash#1 (97)
02-10 00:16:42.208  3869  5906 I Layer   : id=203371 removeFromCurrentState Surface(name=c590bf6 NavigationBar0)/@0x33ffa64 - animation-leash#0 (97)
02-10 00:16:42.208  3869  5906 I Layer   : id=43056 removeFromCurrentState c590bf6 NavigationBar0#0 (97)
02-10 00:16:42.208  3869  5906 I Layer   : id=43065 removeFromCurrentState NavigationBar0$_28160#0 (97)
02-10 00:16:42.208  3869  5906 I Layer   : id=43056 addToCurrentState c590bf6 NavigationBar0#0 (97)
02-10 00:16:42.208  3869  5906 I Layer   : id=43065 addToCurrentState NavigationBar0$_28160#0 (97)
02-10 00:16:42.209  4224  4279 I SemPersonaManager: SecureFolder personaId = 150
02-10 00:16:42.211  6225  6225 D LifecycleMonitor: Lifecycle status change: androidx.test.core.app.InstrumentationActivityInvoker$BootstrapActivity@193b6dc in: STARTED
02-10 00:16:42.212  6225  6225 V ActivityScenario: Activity lifecycle changed event received but ignored because the intent does not match. startActivityIntent=Intent { act=android.intent.action.MAIN cat=[android.intent.category.LAUNCHER] cmp=com.example.dogglers/.VerticalListActivity }, activity.getIntent()=Intent { act=android.intent.action.MAIN cat=[android.intent.category.LAUNCHER] flg=0x10008000 cmp=com.example.dogglers/androidx.test.core.app.InstrumentationActivityInvoker$BootstrapActivity (has extras) }, activity=androidx.test.core.app.InstrumentationActivityInvoker$BootstrapActivity@193b6dc
02-10 00:16:42.223  3869  4404 I SurfaceFlinger: id=203383 createSurf (0x0),-1 flag=80004, ActivityRecord{9b3ea99 u0 com.example.dogglers/.VerticalListActivity t5807}#0
02-10 00:16:42.226  3869  3869 D SurfaceFlinger: Display 0 HWC layers:
02-10 00:16:42.226  3869  3869 D SurfaceFlinger:      DEVICE | 0x6fc1613540 | 0002 | RGBA_8888    |    0.0    0.0  720.0 1560.0 |    0    0  720 1560 | Splash Screen com.example.dogglers#0
02-10 00:16:42.226  3869  3869 D SurfaceFlinger:      DEVICE | 0x6fc1614e40 | 0000 | RGBA_8888    |    0.0    0.0  720.0   53.0 |    0    0  720   53 | StatusBar$_28160#0
02-10 00:16:42.226  3869  3869 D SurfaceFlinger:      DEVICE | 0x704564f880 | 0000 | RGBA_8888    |    0.0    0.0   67.0  228.0 |  653  560  720  788 | com.samsung.android.app.cocktailbars[...]rservice.CocktailBarService$_30944#0
02-10 00:16:42.226  3869  3869 D SurfaceFlinger:      DEVICE | 0x6fc1614f80 | 0000 | RGBA_8888    |    0.0    0.0  720.0   84.0 |    0 1476  720 1560 | NavigationBar0$_28160#0
02-10 00:16:42.226  3869  3869 D SurfaceFlinger:      DEVICE | 0x6fc1613e00 | 0000 | RGBA_8888    |    0.0    0.0  720.0  101.0 |    0    0  720  101 | ScreenDecorOverlay$_28160#0
02-10 00:16:42.226  3869  3869 D SurfaceFlinger:      DEVICE | 0x704564e980 | 0000 | RGBA_8888    |    0.0    0.0  720.0  101.0 |    0 1459  720 1560 | ScreenDecorOverlayBottom$_28160#0
02-10 00:16:42.226  3869  3869 D SurfaceFlinger:
02-10 00:16:42.227  3869  4404 E BufferQueueProducer: [com.sec.android.app.launcher/com.sec.android.app.launcher.activities.LauncherActivity$_8238#0](id:f1d0000b7df,api:0,p:-1,c:3869) disconnect: not connected (req=1)
02-10 00:16:42.227  8238  8499 W libEGL  : EGLNativeWindowType 0x7a1a06a010 disconnect failed
02-10 00:16:42.230  6225  6225 D LifecycleMonitor: Lifecycle status change: androidx.test.core.app.InstrumentationActivityInvoker$BootstrapActivity@193b6dc in: RESUMED
02-10 00:16:42.231  6225  6225 V ActivityScenario: Activity lifecycle changed event received but ignored because the intent does not match. startActivityIntent=Intent { act=android.intent.action.MAIN cat=[android.intent.category.LAUNCHER] cmp=com.example.dogglers/.VerticalListActivity }, activity.getIntent()=Intent { act=android.intent.action.MAIN cat=[android.intent.category.LAUNCHER] flg=0x10008000 cmp=com.example.dogglers/androidx.test.core.app.InstrumentationActivityInvoker$BootstrapActivity (has extras) }, activity=androidx.test.core.app.InstrumentationActivityInvoker$BootstrapActivity@193b6dc
02-10 00:16:42.231  4224  4254 V WindowManager: Relayout Window{41122b u0 com.sec.android.app.launcher/com.sec.android.app.launcher.activities.LauncherActivity}: viewVisibility=8 req=720x1560
02-10 00:16:42.235  4224  4254 V WindowManager: Relayout hash=41122b, pid=8238: mAttrs={(0,0)(fillxfill) sim={adjust=nothing} layoutInDisplayCutoutMode=shortEdges ty=BASE_APPLICATION fmt=TRANSPARENT wanim=0x10302f2
02-10 00:16:42.235  4224  4254 V WindowManager:   fl=81910100
02-10 00:16:42.235  4224  4254 V WindowManager:   pfl=16020000
02-10 00:16:42.235  4224  4254 V WindowManager:   vsysui=1700
02-10 00:16:42.235  4224  4254 V WindowManager:   bhv=SHOW_TRANSIENT_BARS_BY_SWIPE
02-10 00:16:42.235  4224  4254 V WindowManager:   fitSides= naviIconColor=0}
02-10 00:16:42.236  4224  4280 I ViewRootImpl@6946529[dogglers]: MSG_RESIZED_REPORT: frame=(0,0,720,1560) ci=(0,53,0,84) vi=(0,53,0,84) or=1
02-10 00:16:42.236  4224  4280 I ViewRootImpl@6946529[dogglers]: [DP] dp(1) 1 android.view.ViewRootImpl.reportNextDraw:10957 android.view.ViewRootImpl.access$1200:256 android.view.ViewRootImpl$ViewRootHandler.handleMessage:6101
02-10 00:16:42.238  8238  8238 I SurfaceControl: nativeRelease nativeObject s[524525046720]
02-10 00:16:42.238  8238  8238 I SurfaceControl: nativeRelease nativeObject e[524525046720]
02-10 00:16:42.238  8238  8238 I SurfaceControl: assignNativeObject: nativeObject = 0 Surface(name=null)/@0x3c4e7d / android.view.SurfaceControl.readFromParcel:1117 android.view.IWindowSession$Stub$Proxy.relayout:1810 android.view.ViewRootImpl.relayoutWindow:9005 android.view.ViewRootImpl.performTraversals:3360 android.view.ViewRootImpl.doTraversal:2618 android.view.ViewRootImpl$TraversalRunnable.run:9971 android.view.Choreographer$CallbackRecord.run:1010 android.view.Choreographer.doCallbacks:809 android.view.Choreographer.doFrame:744 android.view.Choreographer$FrameDisplayEventReceiver.run:995
02-10 00:16:42.239  8238  8238 I SurfaceControl: assignNativeObject: nativeObject = 0 Surface(name=null)/@0xda8b326 / android.view.SurfaceControl.readFromParcel:1117 android.view.IWindowSession$Stub$Proxy.relayout:1820 android.view.ViewRootImpl.relayoutWindow:9005 android.view.ViewRootImpl.performTraversals:3360 android.view.ViewRootImpl.doTraversal:2618 android.view.ViewRootImpl$TraversalRunnable.run:9971 android.view.Choreographer$CallbackRecord.run:1010 android.view.Choreographer.doCallbacks:809 android.view.Choreographer.doFrame:744 android.view.Choreographer$FrameDisplayEventReceiver.run:995
02-10 00:16:42.240  6225  6225 D LifecycleMonitor: Lifecycle status change: androidx.test.core.app.InstrumentationActivityInvoker$BootstrapActivity@193b6dc in: PAUSED
02-10 00:16:42.240  3970  4780 I GNSS_MEMS: TGT_MEMS SCSCMemsReportSensorDrops: dropped 0 events (spam) 1 events (rate limit) out of 104 total for sensor 0 since last report
02-10 00:16:42.241  6225  6225 V ActivityScenario: Activity lifecycle changed event received but ignored because the intent does not match. startActivityIntent=Intent { act=android.intent.action.MAIN cat=[android.intent.category.LAUNCHER] cmp=com.example.dogglers/.VerticalListActivity }, activity.getIntent()=Intent { act=android.intent.action.MAIN cat=[android.intent.category.LAUNCHER] flg=0x10008000 cmp=com.example.dogglers/androidx.test.core.app.InstrumentationActivityInvoker$BootstrapActivity (has extras) }, activity=androidx.test.core.app.InstrumentationActivityInvoker$BootstrapActivity@193b6dc
02-10 00:16:42.241  8238  8238 I SurfaceControl: nativeRelease nativeObject s[524539695968]
02-10 00:16:42.241  8238  8238 I SurfaceControl: nativeRelease nativeObject e[524539695968]
02-10 00:16:42.241  8238  8238 I SurfaceControl: nativeRelease nativeObject s[524525046816]
02-10 00:16:42.241  8238  8238 I SurfaceControl: nativeRelease nativeObject e[524525046816]
02-10 00:16:42.241  8238  8238 I SurfaceControl: nativeRelease nativeObject s[524525046528]
02-10 00:16:42.241  8238  8238 I SurfaceControl: nativeRelease nativeObject e[524525046528]
02-10 00:16:42.241  8238  8238 I ViewRootImpl@60176a2[LauncherActivity]: Relayout returned: old=(0,0,720,1560) new=(0,0,720,1560) req=(720,1560)8 dur=11 res=0x5 s={false 0} ch=true fn=8
02-10 00:16:42.243  8238  8238 I SurfaceControl: nativeRelease nativeObject s[524525046720]
02-10 00:16:42.243  8238  8238 I SurfaceControl: nativeRelease nativeObject e[524525046720]
02-10 00:16:42.245  4224  6802 V WindowOrientationListener: getProposedRotation: -1
02-10 00:16:42.249  4224  6802 D InputDispatcher: Focused application set to (0): 9b3ea99
02-10 00:16:42.258  3869  4404 I SurfaceFlinger: id=203384 createSurf (0x0),-1 flag=24000, Surface(name=ActivityRecord{431c32d u0 com.example.dogglers/androidx.test.core.app.InstrumentationActivityInvoker$BootstrapActivity t5807})/@0xbe4e6a4 - animation-leash#0
02-10 00:16:42.259  3869  4404 I SurfaceFlinger: id=203385 createSurf (0x0),-1 flag=20004, Dim Layer for - Task=5807 - animating-dim#0
02-10 00:16:42.260  3869  4404 I SurfaceFlinger: id=203386 createSurf (0x0),-1 flag=24000, Surface(name=Dim Layer for - Task=5807 - animating-dim)/@0xedbc910 - animation-leash#0
02-10 00:16:42.262  3869  4404 I SurfaceFlinger: id=203387 createSurf (0x0),-1 flag=80004, Surface(name=ActivityRecord{431c32d u0 com.example.dogglers/androidx.test.core.app.InstrumentationActivityInvoker$BootstrapActivity t5807})/@0xbe4e6a4 - animation-bounds#0
02-10 00:16:42.263  4224  4279 D EnterpriseDeviceManagerService: isMdmAdminPresentInternal() : MDM Admin Found - com.samsung.knox.securefolder
02-10 00:16:42.263  4224  6802 I SurfaceControl: nativeRelease nativeObject s[522491103040]
02-10 00:16:42.263  4224  6802 I SurfaceControl: nativeRelease nativeObject e[522491103040]
02-10 00:16:42.265  3869  4404 I Layer   : id=203385 removeFromCurrentState Dim Layer for - Task=5807 - animating-dim#0 (102)
02-10 00:16:42.266  4224  4280 V WindowManager: Relayout Window{ab7c0ae u0 Splash Screen com.example.dogglers}: viewVisibility=0 req=720x1560
02-10 00:16:42.268  3846  6310 E HYPER-HAL: [HandlerSysfs.cpp]doResourceHandling(): Couldn't Open Sysfs - /sys/power/cstate_control
02-10 00:16:42.268  3846  6310 I HYPER-HAL: [ResourceManager.cpp]removeResource(): [CPUMinFreq] RemoveResource Request ID : 9058928
02-10 00:16:42.268  3846  6310 I HYPER-HAL: [RequestManager.cpp]releaseLocked(): Released ID : 9058928
02-10 00:16:42.269  3869  5127 I SurfaceFlinger: id=203385 Removed Dim Layer for - Task=5807 - animating-dim#0 (102)
02-10 00:16:42.270  4224  4280 I SurfaceControl: nativeRelease nativeObject s[524525188640]
02-10 00:16:42.270  4224  4280 I SurfaceControl: nativeRelease nativeObject e[524525188640]
02-10 00:16:42.271  4224  4280 V WindowManager: Relayout hash=ab7c0ae, pid=4224: mAttrs={(0,0)(fillxfill) sim={adjust=pan} layoutInDisplayCutoutMode=shortEdges ty=APPLICATION_STARTING wanim=0x1030001
02-10 00:16:42.271  4224  4280 V WindowManager:   fl=1830118
02-10 00:16:42.271  4224  4280 V WindowManager:   pfl=12020011
02-10 00:16:42.271  4224  4280 V WindowManager:   fitSides= naviIconColor=0}
02-10 00:16:42.272  4224  4280 I SurfaceControl: nativeRelease nativeObject s[522491576256]
02-10 00:16:42.272  4224  4280 I SurfaceControl: nativeRelease nativeObject e[522491576256]
02-10 00:16:42.272  4224  4280 I SurfaceControl: nativeRelease nativeObject s[522491580000]
02-10 00:16:42.272  4224  4280 I SurfaceControl: nativeRelease nativeObject e[522491580000]
02-10 00:16:42.272  4224  4280 I ViewRootImpl@6946529[dogglers]: Relayout returned: old=(0,0,720,1560) new=(0,0,720,1560) req=(720,1560)0 dur=21 res=0x1 s={true 516798550016} ch=false fn=2
02-10 00:16:42.272  3835  4018 D gralloc : [mali_gralloc_allocate] begin
02-10 00:16:42.272  3835  4018 D gralloc : buffer_descriptor: wh(720 1560) usage_pc(0x966 0x906) hal_format(0x1) layer_count(1) sizes(0 0 0) strde(0) byte_stride(0) alloc_wh(0 0) internal_format(0x0) alloc_format(0x0) fd_count(1) plane_count(0)
02-10 00:16:42.275  3835  4018 D gralloc : [mali_gralloc_allocate] allocation successful
02-10 00:16:42.282  6225  6225 D LifecycleMonitor: Lifecycle status change: com.example.dogglers.VerticalListActivity@a654947 in: PRE_ON_CREATE
02-10 00:16:42.283  6225  6225 V ActivityScenario: Activity lifecycle changed event received but ignored because the reported transition was not ON_CREATE while the last known transition was PRE_ON_CREATE
02-10 00:16:42.283  3869  3869 I Layer   : id=203385[1] Destroyed Dim Layer for - Task=5807 - animating-dim#0
02-10 00:16:42.287  4224  4280 I ViewRootImpl@6946529[dogglers]: [DP] pdf(0) 1 android.view.ViewRootImpl.performDraw:4809 android.view.ViewRootImpl.performTraversals:3866 android.view.ViewRootImpl.doTraversal:2618
02-10 00:16:42.287  4224  4280 I ViewRootImpl@6946529[dogglers]: [DP] rdf()
02-10 00:16:42.287  8238  8238 I ViewRootImpl@60176a2[LauncherActivity]: stopped(true) old=false
02-10 00:16:42.289  8238  8238 I StateManager: goToState isInState Normal
02-10 00:16:42.293  4224  4279 I SemPersonaManager: SecureFolder personaId = 150
02-10 00:16:42.294  3863  7628 V APM_AudioPolicyManager: setAppState(portId:28101, state:1)
02-10 00:16:42.295  3863  7628 V APM_AudioPolicyManager: setAppState(portId:28101, state:1)
02-10 00:16:42.299  8238  8238 W LauncherAppWidgetHost: setListenIfResumed, mFlags = 7
02-10 00:16:42.300  4224  6802 I AppWidgetServiceImpl: stopListening callbacks : null
02-10 00:16:42.303  6225  6225 I DecorView: [INFO] isPopOver=false, config=true
02-10 00:16:42.303  6225  6225 I DecorView: updateCaptionType >> DecorView@e208f0c[], isFloating=false, isApplication=true, hasWindowDecorCaption=false, hasWindowControllerCallback=true
02-10 00:16:42.303  6225  6225 D DecorView: setCaptionType = 0, this = DecorView@e208f0c[]
02-10 00:16:42.305  3846  6300 E HYPER-HAL: [HandlerSysfs.cpp]doResourceHandling(): Couldn't Open Sysfs - /sys/power/cstate_control
02-10 00:16:42.305  3846  6300 I HYPER-HAL: [ResourceManager.cpp]removeResource(): [CPUMinFreq] RemoveResource Request ID : 8999421
02-10 00:16:42.306  3846  6300 I HYPER-HAL: [RequestManager.cpp]releaseLocked(): Released ID : 8999421
02-10 00:16:42.306  8238  8238 W Launcher.NotificationListener: removeNotificationsChangedListener
02-10 00:16:42.306  8238  8238 I BadgeCountUpdaterImpl: onNotificationsChangedDisConnected
02-10 00:16:42.306  8238  8238 I Launcher.NotificationListener: unregisterObserver, this is not notificationService!!
02-10 00:16:42.308  8238  8238 I LiveIconUpdateEventHandler: cancelMinuteChangeAlarm
02-10 00:16:42.312  8238  8238 I LiveIconUpdateEventHandler: cancelDateChangeAlarm
02-10 00:16:42.335  6225  6225 D LifecycleMonitor: Lifecycle status change: com.example.dogglers.VerticalListActivity@a654947 in: CREATED
02-10 00:16:42.336  6225  6225 V ActivityScenario: Update currentActivityStage to CREATED, currentActivity=com.example.dogglers.VerticalListActivity@a654947
02-10 00:16:42.340  6225  6225 D LifecycleMonitor: Lifecycle status change: com.example.dogglers.VerticalListActivity@a654947 in: STARTED
02-10 00:16:42.340  6225  6225 V ActivityScenario: Update currentActivityStage to STARTED, currentActivity=com.example.dogglers.VerticalListActivity@a654947
02-10 00:16:42.343  6225  6225 D LifecycleMonitor: Lifecycle status change: com.example.dogglers.VerticalListActivity@a654947 in: RESUMED
02-10 00:16:42.343  6225  6225 V ActivityScenario: Update currentActivityStage to RESUMED, currentActivity=com.example.dogglers.VerticalListActivity@a654947
02-10 00:16:42.351  4224  4375 D InputTransport: Input channel constructed: 'b2f36be', fd=777
02-10 00:16:42.351  4224  4375 D InputTransport: Input channel constructed: 'b2f36be', fd=778
02-10 00:16:42.351  6225  6251 I xample.doggler: Waiting for a blocking GC ProfileSaver
02-10 00:16:42.351  4224  4279 D EnterpriseDeviceManagerService: isMdmAdminPresentInternal() : MDM Admin Found - com.samsung.knox.securefolder
02-10 00:16:42.352  3869  5127 I SurfaceFlinger: id=203388 createSurf (0x0),-1 flag=80004, b2f36be com.example.dogglers/com.example.dogglers.VerticalListActivity#0
02-10 00:16:42.352  4224  4375 D WindowManager: isScreenshotDisabledLocked - win: Window{b2f36be u0 com.example.dogglers/com.example.dogglers.VerticalListActivity}
02-10 00:16:42.352  4224  4375 D WindowManager: isScreenshotDisabledLocked: userId = 0, disabled =false
02-10 00:16:42.353  4224  4375 D InputTransport: Input channel destroyed: 'b2f36be', fd=778
02-10 00:16:42.353  6225  6225 D InputTransport: Input channel constructed: 'b2f36be', fd=80
02-10 00:16:42.356  6225  6225 I ViewRootImpl@3ac914b[VerticalListActivity]: setView = com.android.internal.policy.DecorView@e208f0c TM=true
02-10 00:16:42.360  8238  8238 I LiveIconUpdateEventHandler: unregisterReceiver
02-10 00:16:42.365 28160 28160 D KeyguardUpdateMonitor: updateBiometricListeningState()
02-10 00:16:42.365 28160 28160 D KeyguardFingerPrint: shouldListenForFingerprint ( isFingerprintEnabled = false , mKeyguardIsVisible = false , mDeviceInteractive = true , mBouncer = false , mGoingToSleep = false , mSwitchingUser = false , mKeyguardUnlocking = true , mKeyguardGoingAway = true , mKeyguardShowing = false , mKeyguardOccluded = false , mSystemReady = true , mHasFocus = false
02-10 00:16:42.365 28160 28160 D KeyguardFingerPrint: updateFingerprintListeningState#mFingerprintRunningState=0 shouldListenForFingerprint=false
02-10 00:16:42.365 28160 28160 D KeyguardFace: shouldListenForFace ( isFaceDefaultCondition = false , mKeyguardIsVisible = false , mDeviceInteractive = true , mBouncer = false , mSwitchingUser = false , mGoingToSleep = false , mKeyguardGoingAway = true , mKeyguardUnlocking = true , mIsPickedUp = false , mIsEarlyWakeUp = false , mIsScreenSaverRunning = false , mSystemReady = true)
02-10 00:16:42.365 28160 28160 D KeyguardFace: shouldListenForFace ( return false, Face is not default condition)
02-10 00:16:42.365 28160 28160 D KeyguardFace: Can't stop stopListeningForFace(), mFaceRunningState = 0
02-10 00:16:42.370  4224  6802 I SurfaceControl: nativeRelease nativeObject s[524526191648]
02-10 00:16:42.370  4224  6802 I SurfaceControl: nativeRelease nativeObject e[524526191648]
02-10 00:16:42.370  3869  5127 I Layer   : id=203369 removeFromCurrentState com.sec.android.app.launcher/com.sec.android.app.launcher.activities.LauncherActivity$_8238#0 (102)
02-10 00:16:42.374  4224  4375 V WindowManager: Relayout Window{b2f36be u0 com.example.dogglers/com.example.dogglers.VerticalListActivity}: viewVisibility=0 req=720x1560
02-10 00:16:42.378  4224  4375 D WindowManager: isScreenshotDisabledLocked - win: Window{b2f36be u0 com.example.dogglers/com.example.dogglers.VerticalListActivity}
02-10 00:16:42.378  4224  4375 D WindowManager: isScreenshotDisabledLocked: userId = 0, disabled =false
02-10 00:16:42.378  3869  4404 I SurfaceFlinger: id=203389 createSurf (720x1560),1 flag=404, com.example.dogglers/com.example.dogglers.VerticalListActivity$_6225#0
02-10 00:16:42.381  4224  4375 I SurfaceControl: nativeRelease nativeObject s[522304758208]
02-10 00:16:42.381  4224  4375 I SurfaceControl: nativeRelease nativeObject e[522304758208]
02-10 00:16:42.381 30944 30944 I TrayStateController: systemUiVisibilityChanged : 0 0
02-10 00:16:42.382  3869  5906 I SurfaceFlinger: id=203390 createSurf (0x0),-1 flag=24000, Surface(name=e251250 StatusBar)/@0x2cedeea - animation-leash#1
02-10 00:16:42.383  4224  4375 I SurfaceControl: nativeRelease nativeObject s[522304758304]
02-10 00:16:42.383  4224  4375 I SurfaceControl: nativeRelease nativeObject e[522304758304]
02-10 00:16:42.384  3869  5906 I SurfaceFlinger: id=203391 createSurf (0x0),-1 flag=24000, Surface(name=c590bf6 NavigationBar0)/@0x33ffa64 - animation-leash#0
02-10 00:16:42.386  4224  4375 V WindowManager: Relayout hash=b2f36be, pid=6225: mAttrs={(0,0)(fillxfill) sim={adjust=resize forwardNavigation} ty=BASE_APPLICATION wanim=0x1030304
02-10 00:16:42.386  4224  4375 V WindowManager:   fl=81810100
02-10 00:16:42.386  4224  4375 V WindowManager:   pfl=12020000
02-10 00:16:42.386  4224  4375 V WindowManager:   fitSides= naviIconColor=0}
02-10 00:16:42.386  3869  5906 I SurfaceFlinger: id=203369 Removed com.sec.android.app.launcher/com.sec.android.app.launcher.activities.LauncherActivity$_8238#0 (105)
02-10 00:16:42.387  4224  4375 I SurfaceControl: nativeRelease nativeObject s[522491099776]
02-10 00:16:42.387  4224  4375 I SurfaceControl: nativeRelease nativeObject e[522491099776]
02-10 00:16:42.388  3869  5906 I Layer   : id=203381 removeFromCurrentState Surface(name=e251250 StatusBar)/@0x2cedeea - animation-leash#0 (105)
02-10 00:16:42.388  3869  5906 I Layer   : id=203382 removeFromCurrentState Surface(name=c590bf6 NavigationBar0)/@0x33ffa64 - animation-leash#1 (105)
02-10 00:16:42.389  4224  4280 I SurfaceControl: nativeRelease nativeObject s[522491576160]
02-10 00:16:42.389  4224  4280 I SurfaceControl: nativeRelease nativeObject e[522491576160]
02-10 00:16:42.390  4224  4280 I SurfaceControl: nativeRelease nativeObject s[524525188640]
02-10 00:16:42.390  4224  4280 I SurfaceControl: nativeRelease nativeObject e[524525188640]
02-10 00:16:42.390  3869  5906 I SurfaceFlinger: id=203382 Removed Surface(name=c590bf6 NavigationBar0)/@0x33ffa64 - animation-leash#1 (105)
02-10 00:16:42.390  4224  4277 D SehCodecSolutionService: Update top [com.example.dogglers]
02-10 00:16:42.390  3869  4404 I SurfaceFlinger: id=203381 Removed Surface(name=e251250 StatusBar)/@0x2cedeea - animation-leash#0 (105)
02-10 00:16:42.391  6225  6225 I SurfaceControl: assignNativeObject: nativeObject = 0 Surface(name=null)/@0xfc0e728 / android.view.SurfaceControl.readFromParcel:1117 android.view.IWindowSession$Stub$Proxy.relayout:1820 android.view.ViewRootImpl.relayoutWindow:9005 android.view.ViewRootImpl.performTraversals:3360 android.view.ViewRootImpl.doTraversal:2618 android.view.ViewRootImpl$TraversalRunnable.run:9971 android.view.Choreographer$CallbackRecord.run:1010 android.view.Choreographer.doCallbacks:809 android.view.Choreographer.doFrame:744 android.view.Choreographer$FrameDisplayEventReceiver.run:995
02-10 00:16:42.392  6225  6225 I ViewRootImpl@3ac914b[VerticalListActivity]: Relayout returned: old=(0,0,720,1560) new=(0,0,720,1560) req=(720,1560)0 dur=18 res=0x7 s={true 524336402432} ch=true fn=-1
02-10 00:16:42.395  3835  4018 D gralloc : [mali_gralloc_allocate] begin
02-10 00:16:42.395  3835  4018 D gralloc : buffer_descriptor: wh(720 1560) usage_pc(0x40000000000b00 0x40000000000b00) hal_format(0x1) layer_count(1) sizes(0 0 0) strde(0) byte_stride(0) alloc_wh(0 0) internal_format(0x0) alloc_format(0x0) fd_count(1) plane_count(0)
02-10 00:16:42.399  3835  4018 D gralloc : [mali_gralloc_allocate] allocation successful
02-10 00:16:42.400  3835  4018 D gralloc : [mali_gralloc_allocate] begin
02-10 00:16:42.400  3835  4018 D gralloc : buffer_descriptor: wh(720 1560) usage_pc(0x40000000000b00 0x40000000000b00) hal_format(0x1) layer_count(1) sizes(0 0 0) strde(0) byte_stride(0) alloc_wh(0 0) internal_format(0x0) alloc_format(0x0) fd_count(1) plane_count(0)
02-10 00:16:42.401  3869  3869 I Layer   : id=203369[1] Destroyed com.sec.android.app.launcher/com.sec.android.app.launcher.activities.LauncherActivity$_8238#0
02-10 00:16:42.402  3869  3869 I Layer   : id=203381[1] Destroyed Surface(name=e251250 StatusBar)/@0x2cedeea - animation-leash#0
02-10 00:16:42.402  3869  3869 I Layer   : id=203382[1] Destroyed Surface(name=c590bf6 NavigationBar0)/@0x33ffa64 - animation-leash#1
02-10 00:16:42.405  3835  4018 D gralloc : [mali_gralloc_allocate] allocation successful
02-10 00:16:42.408  3835  4018 D gralloc : [mali_gralloc_allocate] begin
02-10 00:16:42.408  3835  4018 D gralloc : buffer_descriptor: wh(720 1560) usage_pc(0x40000000000b00 0x40000000000b00) hal_format(0x1) layer_count(1) sizes(0 0 0) strde(0) byte_stride(0) alloc_wh(0 0) internal_format(0x0) alloc_format(0x0) fd_count(1) plane_count(0)
02-10 00:16:42.409  3835  4018 D gralloc : [mali_gralloc_allocate] allocation successful
02-10 00:16:42.420 28160 28174 I ndroid.systemu: NativeAlloc concurrent copying GC freed 41373(2405KB) AllocSpace objects, 35(700KB) LOS objects, 49% free, 20MB/40MB, paused 289us total 462.853ms
02-10 00:16:42.422 28160 28176 W System  : A resource failed to call release.
02-10 00:16:42.422 28160 28176 I SurfaceControl: nativeRelease nativeObject s[524422645312]
02-10 00:16:42.422 28160 28176 I SurfaceControl: nativeRelease nativeObject e[524422645312]
02-10 00:16:42.423  3869  5906 I SurfaceFlinger: id=203362 Removed Surface(name=7fb2291 InputMethod)/@0xe6a7df7 - animation-leash#0 (102)
02-10 00:16:42.423 28160 28176 W System  : A resource failed to call release.
02-10 00:16:42.423 28160 28176 I SurfaceControl: nativeRelease nativeObject s[522230872192]
02-10 00:16:42.423 28160 28176 I SurfaceControl: nativeRelease nativeObject e[522230872192]
02-10 00:16:42.423  3869  5906 I SurfaceFlinger: id=203330 Removed Surface(name=7fb2291 InputMethod)/@0xe6a7df7 - animation-leash#1 (102)
02-10 00:16:42.423 28160 28176 W System  : A resource failed to call release.
02-10 00:16:42.423 28160 28176 I SurfaceControl: nativeRelease nativeObject s[524537207584]
02-10 00:16:42.423 28160 28176 I SurfaceControl: nativeRelease nativeObject e[524537207584]
02-10 00:16:42.423  3869  5906 I SurfaceFlinger: id=203324 Removed Surface(name=7fb2291 InputMethod)/@0xe6a7df7 - animation-leash#1 (102)
02-10 00:16:42.424 28160 28176 W System  : A resource failed to call release.
02-10 00:16:42.424 28160 28176 I SurfaceControl: nativeRelease nativeObject s[522231961600]
02-10 00:16:42.424 28160 28176 I SurfaceControl: nativeRelease nativeObject e[522231961600]
02-10 00:16:42.425  3869  5906 I SurfaceFlinger: id=203294 Removed Surface(name=7fb2291 InputMethod)/@0xe6a7df7 - animation-leash#0 (102)
02-10 00:16:42.433  3869  3869 I Layer   : id=203362[1] Destroyed Surface(name=7fb2291 InputMethod)/@0xe6a7df7 - animation-leash#0
02-10 00:16:42.433  3869  3869 I Layer   : id=203294[1] Destroyed Surface(name=7fb2291 InputMethod)/@0xe6a7df7 - animation-leash#0
02-10 00:16:42.434  3869  3869 I Layer   : id=203324[1] Destroyed Surface(name=7fb2291 InputMethod)/@0xe6a7df7 - animation-leash#1
02-10 00:16:42.434  3869  3869 I Layer   : id=203330[1] Destroyed Surface(name=7fb2291 InputMethod)/@0xe6a7df7 - animation-leash#1
02-10 00:16:42.467  4224  4280 I SurfaceControl: nativeRelease nativeObject s[522491099008]
02-10 00:16:42.467  4224  4280 I SurfaceControl: nativeRelease nativeObject e[522491099008]
02-10 00:16:42.467  4224  4280 I SurfaceControl: nativeRelease nativeObject s[522491099488]
02-10 00:16:42.467  4224  4280 I SurfaceControl: nativeRelease nativeObject e[522491099488]
02-10 00:16:42.484  3869  4404 I Layer   : id=203384 removeFromCurrentState Surface(name=ActivityRecord{431c32d u0 com.example.dogglers/androidx.test.core.app.InstrumentationActivityInvoker$BootstrapActivity t5807})/@0xbe4e6a4 - animation-leash#0 (98)
02-10 00:16:42.484  3869  4404 I Layer   : id=203387 removeFromCurrentState Surface(name=ActivityRecord{431c32d u0 com.example.dogglers/androidx.test.core.app.InstrumentationActivityInvoker$BootstrapActivity t5807})/@0xbe4e6a4 - animation-bounds#0 (98)
02-10 00:16:42.484  3869  4404 I SurfaceFlinger: id=203384 Removed Surface(name=ActivityRecord{431c32d u0 com.example.dogglers/androidx.test.core.app.InstrumentationActivityInvoker$BootstrapActivity t5807})/@0xbe4e6a4 - animation-leash#0 (98)
02-10 00:16:42.485  3869  5906 I SurfaceFlinger: id=203387 Removed Surface(name=ActivityRecord{431c32d u0 com.example.dogglers/androidx.test.core.app.InstrumentationActivityInvoker$BootstrapActivity t5807})/@0xbe4e6a4 - animation-bounds#0 (98)
02-10 00:16:42.491  6225  6225 I ViewRootImpl@3ac914b[VerticalListActivity]: [DP] dp(1) 1 android.view.ViewRootImpl.reportNextDraw:10957 android.view.ViewRootImpl.performTraversals:3845 android.view.ViewRootImpl.doTraversal:2618
02-10 00:16:42.491  6225  6225 I ViewRootImpl@3ac914b[VerticalListActivity]: [DP] pd() Asnyc report
02-10 00:16:42.500  3869  3869 I Layer   : id=203387[1] Destroyed Surface(name=ActivityRecord{431c32d u0 com.example.dogglers/androidx.test.core.app.InstrumentationActivityInvoker$BootstrapActivity t5807})/@0xbe4e6a4 - animation-bounds#0
02-10 00:16:42.500  3869  3869 I Layer   : id=203384[1] Destroyed Surface(name=ActivityRecord{431c32d u0 com.example.dogglers/androidx.test.core.app.InstrumentationActivityInvoker$BootstrapActivity t5807})/@0xbe4e6a4 - animation-leash#0
02-10 00:16:42.516  6225  6225 I ViewRootImpl@3ac914b[VerticalListActivity]: [DP] pdf(0) 1 android.view.ViewRootImpl.lambda$performDraw$1$ViewRootImpl:4668 android.view.-$$Lambda$ViewRootImpl$DJd0VUYJgsebcnSohO6h8zc_ONI.run:6 android.os.Handler.handleCallback:938
02-10 00:16:42.516  6225  6225 I ViewRootImpl@3ac914b[VerticalListActivity]: [DP] rdf()
02-10 00:16:42.521  4224  4280 D PkgPredictorService: pkg:com.example.dogglers activity:com.example.dogglers.VerticalListActivity thisTime:397
02-10 00:16:42.521  4224  4280 D PkgPredictorService-Collector: update activity launch time: VerticalListActivity : 397
02-10 00:16:42.521  4224  4280 I SemDvfsHyPerManager: acquire hyper - AMS_RESUME_TAIL/4224@18, type = -999
02-10 00:16:42.521  4224  4280 I SemDvfsHyPerManager: acquire hyper - AMS_ACT_LAZY/4224@19, type = -999
02-10 00:16:42.522  4224  4284 D ArtManagerInternalImpl: /data/misc/iorapd/com.example.dogglers/1/com.example.dogglers.VerticalListActivity/compiled_traces/compiled_trace.pb doesn't exist
02-10 00:16:42.525  4224  4284 I ActivityTaskManager: Displayed com.example.dogglers/.VerticalListActivity: +397ms
02-10 00:16:42.527  3846  3877 I HYPER-HAL: [RequestManager.cpp]acquire(): Acquired ID : 8999421  [4224 / 18]    HINT : AMS_RESUME_TAIL    list :
02-10 00:16:42.528  3846  3877 E HYPER-HAL: [HandlerSysfs.cpp]doResourceHandling(): Couldn't Open Sysfs - /sys/power/cstate_control
02-10 00:16:42.528  3846  3877 I HYPER-HAL: [ResourceManager.cpp]updateResource(): [CPUMinFreq] UpdateResource Request ID : 8999421    Value : 1560000
02-10 00:16:42.528  3846  3877 I HYPER-HAL: [RequestManager.cpp]acquire(): Acquired ID : 9003665  [4224 / 19]    HINT :      list :
02-10 00:16:42.529  3846  3877 E HYPER-HAL: [Request.cpp]acquire(): Request:: id : 9003665, No Resource to set
02-10 00:16:42.529  3846  3877 E HYPER-HAL: [HandlerSysfs.cpp]doResourceHandling(): Couldn't Open Sysfs - /sys/power/cstate_control
02-10 00:16:42.529  3846  3877 I HYPER-HAL: [ResourceManager.cpp]removeResource(): [CPUMinFreq] RemoveResource Request ID : 9007910
02-10 00:16:42.529  3846  3877 I HYPER-HAL: [RequestManager.cpp]releaseLocked(): Released ID : 9007910
02-10 00:16:42.531  4224  4487 W SemWifiTransportLayerUtils: getApplicationCategory - IOException com.example.dogglers
02-10 00:16:42.531  4224  4487 W System.err: java.io.FileNotFoundException: https://play.google.com/store/apps/details?id=com.example.dogglers&hl=en
02-10 00:16:42.531  4224  4487 W System.err: 	at com.android.okhttp.internal.huc.HttpURLConnectionImpl.getInputStream(HttpURLConnectionImpl.java:255)
02-10 00:16:42.531  4224  4487 W System.err: 	at com.android.okhttp.internal.huc.DelegatingHttpsURLConnection.getInputStream(DelegatingHttpsURLConnection.java:211)
02-10 00:16:42.531  4224  4487 W System.err: 	at com.android.okhttp.internal.huc.HttpsURLConnectionImpl.getInputStream(HttpsURLConnectionImpl.java:30)
02-10 00:16:42.531  4224  4487 W System.err: 	at com.samsung.android.server.wifi.tcp.SemWifiTransportLayerUtils.getApplicationCategory(SemWifiTransportLayerUtils.java:103)
02-10 00:16:42.531  4224  4487 W System.err: 	at com.samsung.android.server.wifi.tcp.SemWifiTransportLayerMonitor$TcpMonitorHandler.handleMessage(SemWifiTransportLayerMonitor.java:242)
02-10 00:16:42.531  4224  4487 W System.err: 	at android.os.Handler.dispatchMessage(Handler.java:106)
02-10 00:16:42.531  4224  4487 W System.err: 	at android.os.Looper.loop(Looper.java:246)
02-10 00:16:42.531  4224  4487 W System.err: 	at android.os.HandlerThread.run(HandlerThread.java:67)
02-10 00:16:42.532  4224  4487 D SemWifiPackageInfo: isSkipCategory - skip:FAILED
02-10 00:16:42.532  4224  4280 D ViewRootImpl@6946529[dogglers]: dispatchDetachedFromWindow: reset blurmask
02-10 00:16:42.532  4224  4487 D SemWifiTransportLayerMonitor.TcpMonitorHandler: MSG_SAVE_PACKAGE_INFO
02-10 00:16:42.532  4224  4487 D SemWifiTransportLayerFileManager: saveWifiPackageInfoToFile
02-10 00:16:42.532  4224  4487 D SemWifiTransportLayerFileManager: writeWifiPackageInfoList
02-10 00:16:42.532  4224  4280 I ViewRootImpl@6946529[dogglers]: dispatchDetachedFromWindow
02-10 00:16:42.534  4224  4280 I SurfaceControl: nativeRelease nativeObject s[522304756480]
02-10 00:16:42.534  4224  4280 I SurfaceControl: nativeRelease nativeObject e[522304756480]
02-10 00:16:42.534  4224  4280 D InputTransport: Input channel destroyed: 'ab7c0ae', fd=752
02-10 00:16:42.536  4224  4375 I InputDispatcher: Focus entered window (6225): b2f36be in display 0 0
02-10 00:16:42.537  3869  3910 I SurfaceFlinger: id=203392 createSurf (0x0),-1 flag=24000, Surface(name=ab7c0ae Splash Screen com.example.dogglers)/@0xe6bb15e - animation-leash#0
02-10 00:16:42.541  4224  4280 D InputTransport: Input channel destroyed: 'ab7c0ae', fd=753
02-10 00:16:42.543  6225  6225 I ViewRootImpl@3ac914b[VerticalListActivity]: MSG_WINDOW_FOCUS_CHANGED 1 1
02-10 00:16:42.544  6225  6225 D InputMethodManager: prepareNavigationBarInfo() DecorView@e208f0c[VerticalListActivity]
02-10 00:16:42.544  6225  6225 D InputMethodManager: getNavigationBarColor() -16711423
02-10 00:16:42.546  4001  4494 I bauth_FPBAuthService: pcf : 0x1012, 0 ,2 ,0 ,0 ,0 ,2, 5.1.0.6
02-10 00:16:42.546  4001  4494 I bauth_FPBAuthService: thread id : 2, preenroll_flag : 0, nd cnt : 1, cso : 1, et : 0
02-10 00:16:42.546  6225  6225 D InputMethodManager: prepareNavigationBarInfo() DecorView@e208f0c[VerticalListActivity]
02-10 00:16:42.546  4001  4494 I bauth_FPBAuthService: FPBAuthService, 11593
02-10 00:16:42.546  6225  6225 D InputMethodManager: getNavigationBarColor() -16711423
02-10 00:16:42.546  6225  6225 V InputMethodManager: Starting input: tba=com.example.dogglers ic=null mNaviBarColor -16711423 mIsGetNaviBarColorSuccess true , NavVisible : true , NavTrans : false
02-10 00:16:42.546  6225  6225 D InputMethodManager: startInputInner - Id : 0
02-10 00:16:42.546  6225  6225 I InputMethodManager: startInputInner - mService.startInputOrWindowGainedFocus
02-10 00:16:42.547  4224  4375 D InputMethodManagerService: mSecureKeypadEnabled = false
02-10 00:16:42.548  4224  4375 V InputMethodManagerService: hideCurrentInputLocked : shouldHideSoftInput is false
02-10 00:16:42.548  4224  4375 D InputMethodManagerService: mDesktopModeManager null!
02-10 00:16:42.548  4224  4375 V InputMethodManagerService: getDisplayIdOfInputMethodWindowToBeAdded : 0
02-10 00:16:42.549  4224  4375 D SamsungIMMSHWKeyboard: isConnectedDexOnPC false
02-10 00:16:42.549  4224  4375 D InputMethodManagerService: isImeSwitcherDisabledPackage : false
02-10 00:16:42.551  4224  4375 D InputMethodManagerService: checkDisplayOfStartInputAndUpdateKeyboard display Id 0last 0
02-10 00:16:42.551  4224  4375 D InputTransport: Input channel constructed: 'ClientS', fd=749
02-10 00:16:42.551  4224  4375 D InputTransport: Input channel destroyed: 'ClientS', fd=749
02-10 00:16:42.551  6225  6225 D InputTransport: Input channel constructed: 'ClientS', fd=86
02-10 00:16:42.558  6225  6225 I ViewInteraction: Performing 'fast swipe' action on view view.getId() is <2131231206/com.example.dogglers:id/vertical_recycler_view>
02-10 00:16:42.560  4224  4375 I SurfaceControl: nativeRelease nativeObject s[522491580096]
02-10 00:16:42.560  4224  4375 I SurfaceControl: nativeRelease nativeObject e[522491580096]
02-10 00:16:42.561  3869  3911 I SurfaceFlinger: id=203393 createSurf (0x0),-1 flag=24004, Surface(name=7fb2291 InputMethod)/@0xe6a7df7 - animation-leash#0
02-10 00:16:42.562  8265  8265 I HBD     : HoneyBoardService onFinishInput
02-10 00:16:42.563  8265  8265 I HBD     : a IC have been unbinded,  InputConnectionWrapper{idHash=#dd2657 mMissingMethods=}
02-10 00:16:42.563  8265  8265 I HBD     : HoneyBoardService [PF_CL][onFinishInput]  476807 ns
02-10 00:16:42.563  8265  8265 I HBD     : HoneyBoardService [IMI] onStartInput - caller pid : 6225 , caller uid : 11512
02-10 00:16:42.563  8265  8265 I HBD     : i updateConfigs
02-10 00:16:42.563  8265  8265 I HBD     : i isEnabledNightMode : true
02-10 00:16:42.564  8265  8265 I HBD     : a IC have been binded, InputConnectionWrapper{idHash=#8af262d mMissingMethods=}
