02-10 00:16:41.081  8265  8265 I HBD     : a needOff = true , isForceOff = false, isNullInputClass : true
02-10 00:16:41.081  8265  8265 I HBD     : h getDefaultInputRange : UNKNOWN
02-10 00:16:41.081  8265  8265 I HBD     : h getDefaultInputRange : UNKNOWN
02-10 00:16:41.081  8265  8265 I HBD     : h getDefaultInputRange : UNKNOWN
02-10 00:16:41.082  4224  4842 D SdpManagerService: Not an enterprise user : 0
02-10 00:16:41.082  4224  4842 D SdpManagerService: Not an enterprise user : 0
02-10 00:16:41.083  8265  8265 I HBD     : h getDefaultInputRange : UNKNOWN
02-10 00:16:41.083  8265  8265 I HBD     : a currentState : 0
02-10 00:16:41.085  3869  3911 I Layer   : id=203338 removeFromCurrentState Surface(name=7fb2291 InputMethod)/@0xe6a7df7 - animation-leash#0 (92)
02-10 00:16:41.086  4224  4280 I SurfaceControl: nativeRelease nativeObject s[522304755808]
02-10 00:16:41.086  4224  4280 I SurfaceControl: nativeRelease nativeObject e[522304755808]
02-10 00:16:41.087  8238  8238 I SurfaceControl: nativeRelease nativeObject s[524525046528]
02-10 00:16:41.087  8238  8238 I SurfaceControl: nativeRelease nativeObject e[524525046528]
02-10 00:16:41.096  8265  8265 I HBD     : h load selected json info : {"version":"1.0","currentLanguageOrder":0,"selected":[{"activeOptionList":["auto_replace","auto_spacing"],"engName":"English","id":65538,"inputType":"qwerty","isUsed":true},{"activeOptionList":["auto_replace","auto_spacing"],"engName":"Arabic","id":5308416,"inputType":"qwerty","isUsed":true}]}
02-10 00:16:41.097  8265  8265 I HBD     : a [UpdatePolicy] [post] a: 0 cl: 65538 kit: [0/0] vt: 0 ir: 1
02-10 00:16:41.098  8265  8265 I HBD     : HoneyBoardService [PF_OP][onStartInput]  17220270 ns
02-10 00:16:41.102  3869  5127 I Layer   : id=203348 removeFromCurrentState Surface(name=Dim Layer for - Task=5806 - animating-dim)/@0x7e5e4b8 - animation-leash#0 (92)
02-10 00:16:41.102  3869  5127 I SurfaceFlinger: id=203348 Removed Surface(name=Dim Layer for - Task=5806 - animating-dim)/@0x7e5e4b8 - animation-leash#0 (92)
02-10 00:16:41.103  4224  4280 I SurfaceControl: nativeRelease nativeObject s[522491105344]
02-10 00:16:41.103  4224  4280 I SurfaceControl: nativeRelease nativeObject e[522491105344]
02-10 00:16:41.104  4224  4280 I SurfaceControl: nativeRelease nativeObject s[522304753600]
02-10 00:16:41.104  4224  4280 I SurfaceControl: nativeRelease nativeObject e[522304753600]
02-10 00:16:41.105  3869  5127 I Layer   : id=203342 removeFromCurrentState Splash Screen com.example.dogglers#0 (92)
02-10 00:16:41.105  4224  4280 I SurfaceControl: nativeRelease nativeObject s[524526817344]
02-10 00:16:41.105  4224  4280 I SurfaceControl: nativeRelease nativeObject e[524526817344]
02-10 00:16:41.108  3869  5127 I Layer   : id=203341 removeFromCurrentState 6d377b1 Splash Screen com.example.dogglers#0 (92)
02-10 00:16:41.108  3869  5127 I Layer   : id=203354 removeFromCurrentState Surface(name=6d377b1 Splash Screen com.example.dogglers)/@0x19699d2 - animation-leash#0 (92)
02-10 00:16:41.108  3869  5127 I SurfaceFlinger: id=203341 Removed 6d377b1 Splash Screen com.example.dogglers#0 (92)
02-10 00:16:41.109  3869  4404 I SurfaceFlinger: id=203354 Removed Surface(name=6d377b1 Splash Screen com.example.dogglers)/@0x19699d2 - animation-leash#0 (92)
02-10 00:16:41.109  3869  3911 I SurfaceFlinger: id=203342 Removed Splash Screen com.example.dogglers#0 (92)
02-10 00:16:41.110  3869  3869 D SurfaceFlinger: Display 0 HWC layers:
02-10 00:16:41.110  3869  3869 D SurfaceFlinger:      DEVICE | 0x704564d440 | 0002 | RGBA_8888    |    0.0    0.0  720.0 1560.0 |    0    0  720 1560 | com.example.dogglers/com.example.dogglers.VerticalListActivity$_6225#0
02-10 00:16:41.110  3869  3869 D SurfaceFlinger:      DEVICE | 0x6fc1615200 | 0002 | RGBA_8888    |    0.0    0.0  720.0 1560.0 |    0    0  720 1560 | Splash Screen com.example.dogglers#0
02-10 00:16:41.110  3869  3869 D SurfaceFlinger:      DEVICE | 0x704564fc40 | 0000 | RGBA_8888    |    0.0    0.0  720.0   53.0 |    0    0  720   53 | StatusBar$_28160#0
02-10 00:16:41.110  3869  3869 D SurfaceFlinger:      DEVICE | 0x704564f880 | 0000 | RGBA_8888    |    0.0    0.0   67.0  228.0 |  653  560  720  788 | com.samsung.android.app.cocktailbars[...]rservice.CocktailBarService$_30944#0
02-10 00:16:41.110  3869  3869 D SurfaceFlinger:      DEVICE | 0x6fc1613cc0 | 0000 | RGBA_8888    |    0.0    0.0  720.0   84.0 |    0 1476  720 1560 | NavigationBar0$_28160#0
02-10 00:16:41.110  3869  3869 D SurfaceFlinger:      DEVICE | 0x6fc1613e00 | 0000 | RGBA_8888    |    0.0    0.0  720.0  101.0 |    0    0  720  101 | ScreenDecorOverlay$_28160#0
02-10 00:16:41.110  3869  3869 D SurfaceFlinger:      DEVICE | 0x704564e980 | 0000 | RGBA_8888    |    0.0    0.0  720.0  101.0 |    0 1459  720 1560 | ScreenDecorOverlayBotto
02-10 00:16:41.110  3869  3869 D SurfaceFlinger: m$_28160#0
02-10 00:16:41.110  3869  3869 D SurfaceFlinger:
02-10 00:16:41.123  3869  3869 I Layer   : id=203354[1] Destroyed Surface(name=6d377b1 Splash Screen com.example.dogglers)/@0x19699d2 - animation-leash#0
02-10 00:16:41.123  3869  3869 I Layer   : id=203341[1] Destroyed 6d377b1 Splash Screen com.example.dogglers#0
02-10 00:16:41.123  3869  3869 I Layer   : id=203348[1] Destroyed Surface(name=Dim Layer for - Task=5806 - animating-dim)/@0x7e5e4b8 - animation-leash#0
02-10 00:16:41.126  3869  3869 I Layer   : id=203342[1] Destroyed Splash Screen com.example.dogglers#0
02-10 00:16:41.130  3869  3869 D SurfaceFlinger: Display 0 HWC layers:
02-10 00:16:41.130  3869  3869 D SurfaceFlinger:      DEVICE | 0x704564d440 | 0002 | RGBA_8888    |    0.0    0.0  720.0 1560.0 |    0    0  720 1560 | com.example.dogglers/com.example.dogglers.VerticalListActivity$_6225#0
02-10 00:16:41.130  3869  3869 D SurfaceFlinger:      DEVICE | 0x704564fc40 | 0000 | RGBA_8888    |    0.0    0.0  720.0   53.0 |    0    0  720   53 | StatusBar$_28160#0
02-10 00:16:41.130  3869  3869 D SurfaceFlinger:      DEVICE | 0x704564f880 | 0000 | RGBA_8888    |    0.0    0.0   67.0  228.0 |  653  560  720  788 | com.samsung.android.app.cocktailbars[...]rservice.CocktailBarService$_30944#0
02-10 00:16:41.130  3869  3869 D SurfaceFlinger:      DEVICE | 0x6fc1613cc0 | 0000 | RGBA_8888    |    0.0    0.0  720.0   84.0 |    0 1476  720 1560 | NavigationBar0$_28160#0
02-10 00:16:41.130  3869  3869 D SurfaceFlinger:      DEVICE | 0x6fc1613e00 | 0000 | RGBA_8888    |    0.0    0.0  720.0  101.0 |    0    0  720  101 | ScreenDecorOverlay$_28160#0
02-10 00:16:41.130  3869  3869 D SurfaceFlinger:      DEVICE | 0x704564e980 | 0000 | RGBA_8888    |    0.0    0.0  720.0  101.0 |    0 1459  720 1560 | ScreenDecorOverlayBottom$_28160#0
02-10 00:16:41.130  3869  3869 D SurfaceFlinger:
02-10 00:16:41.253  4224  4842 D SamsungIMMSHWKeyboard: isConnectedDexOnPC false
02-10 00:16:41.253  4224  4842 D InputMethodManagerService: isImeSwitcherDisabledPackage : false
02-10 00:16:41.254  6225  6225 I SurfaceControl: nativeRelease nativeObject s[524525186624]
02-10 00:16:41.254  6225  6225 I SurfaceControl: nativeRelease nativeObject e[524525186624]
02-10 00:16:41.254  6225  6225 I SurfaceControl: nativeRelease nativeObject s[524525185376]
02-10 00:16:41.254  6225  6225 I SurfaceControl: nativeRelease nativeObject e[524525185376]
02-10 00:16:41.260  3803  3808 E statsd  : Predicate -7037417284711607308 dropping data for dimension key (10)0x2010101->11512[I] (10)0x30000->*launch*[S]
02-10 00:16:41.260  3803  3808 E statsd  : Predicate 5980654721335871649 dropping data for dimension key (10)0x2010101->11512[I] (10)0x30000->*launch*[S]
02-10 00:16:41.264  6225  6225 D LifecycleMonitor: Lifecycle status change: androidx.test.core.app.InstrumentationActivityInvoker$BootstrapActivity@ee82fd0 in: STOPPED
02-10 00:16:41.265  6225  6225 V ActivityScenario: Activity lifecycle changed event received but ignored because the intent does not match. startActivityIntent=Intent { act=android.intent.action.MAIN cat=[android.intent.category.LAUNCHER] cmp=com.example.dogglers/.VerticalListActivity }, activity.getIntent()=Intent { act=android.intent.action.MAIN cat=[android.intent.category.LAUNCHER] flg=0x10008000 cmp=com.example.dogglers/androidx.test.core.app.InstrumentationActivityInvoker$BootstrapActivity (has extras) }, activity=androidx.test.core.app.InstrumentationActivityInvoker$BootstrapActivity@ee82fd0
02-10 00:16:41.279  6225  6225 I ViewInteraction: Checking 'MatchesViewAssertion{viewMatcher=(view has effective visibility <VISIBLE> and view.getGlobalVisibleRect() to return non-empty rectangle)}' assertion on view an instance of android.widget.TextView and view.getText() with or without transformation to match: is "Bella"
02-10 00:16:41.281 28160 28225 D NetworkController.SecMobileSignalController(0/1): onDataActivity: direction=3
02-10 00:16:41.282 28160 28225 D MobileSignalIconsSelector: getDataIconGroup(): connected=true,enabled=true,level=4,inetCondition=1,dataIconGroup=DataIconGroup(4G),activityIn=true,activityOut=true,lastModified=02-10 00:16:41.281,dataSim=true,networkName=Ooredoo,networkNameData=Ooredoo,dataConnected=true,roaming=false,isDefault=true,isEmergency=false,airplaneMode=false,carrierNetworkChangeMode=false,userSetup=true,defaultDataOff=false,cdmaEriIconIndex=-1,cdmaEriIconMode=-1,callState=0,voWifiConnected=false,shouldShowDisabledDataIcon=false,bluetoothTethered=false,isLTEFemtoCell=false,cardOperator=OTHERS,optionalRadioTech=0,isCAIndicator=false,isLimitedStateForCTCSlaveVoLTE=false,isSWRoaming=false,isMobileDataSettingEnabled=false,nwBoosterRilEnabled=false,nwBoosterSettingEnabled=false,emergencyModeActivated=false,ismmW5G=false,slotId=0,simState=null, iconSet = [I@82713d7
02-10 00:16:41.282 28160 28160 D StatusbarSignalPolicy: setMobileDataIndicators state = MobileIconState(subId=1, strengthId=2131233571, roaming=false, typeId=2131233363, visible=true, activityId=2131233454, roamingId=0, slotId=0)
02-10 00:16:41.292  4224  6873 I SemDvfsHyPerManager: acquire hyper - AMS_ACT_START/4224@16, type = -999
02-10 00:16:41.292  3846  3877 I HYPER-HAL: [RequestManager.cpp]acquire(): Acquired ID : 8990936  [4224 / 16]    HINT : AMS_ACT_START    list :
02-10 00:16:41.293  3846  3877 E HYPER-HAL: [HandlerSysfs.cpp]doResourceHandling(): Couldn't Open Sysfs - /sys/power/cstate_control
02-10 00:16:41.293  3846  3877 I HYPER-HAL: [ResourceManager.cpp]updateResource(): [CPUMinFreq] UpdateResource Request ID : 8990936    Value : 1560000
02-10 00:16:41.294  3869  3911 I SurfaceFlinger: id=203356 createSurf (0x0),-1 flag=80004, ActivityRecord{5cae4e1 u0 com.example.dogglers/androidx.test.core.app.InstrumentationActivityInvoker$EmptyActivity t5806}#0
02-10 00:16:41.298  3803  3808 E statsd  : Predicate -7037417284711607308 dropping data for dimension key (10)0x2010101->11512[I] (10)0x30000->*launch*[S]
02-10 00:16:41.298  3803  3808 E statsd  : Predicate 5980654721335871649 dropping data for dimension key (10)0x2010101->11512[I] (10)0x30000->*launch*[S]
02-10 00:16:41.304  6225  6225 D LifecycleMonitor: Lifecycle status change: com.example.dogglers.VerticalListActivity@6c6c20b in: PAUSED
02-10 00:16:41.305  6225  6225 V ActivityScenario: Update currentActivityStage to PAUSED, currentActivity=com.example.dogglers.VerticalListActivity@6c6c20b
02-10 00:16:41.308  4224  4254 V WindowOrientationListener: getProposedRotation: -1
02-10 00:16:41.308  4224  4254 V WindowOrientationListener: getProposedRotation: -1
02-10 00:16:41.309  4224  4254 V WindowOrientationListener: getProposedRotation: -1
02-10 00:16:41.311  4224  4254 D InputDispatcher: Focused application set to (0): 5cae4e1
02-10 00:16:41.324  4224  4279 I SemPersonaManager: SecureFolder personaId = 150
02-10 00:16:41.327  6225  6225 D LifecycleMonitor: Lifecycle status change: androidx.test.core.app.InstrumentationActivityInvoker$EmptyActivity@c68b9bd in: PRE_ON_CREATE
02-10 00:16:41.328  6225  6225 V ActivityScenario: Activity lifecycle changed event received but ignored because the intent does not match. startActivityIntent=Intent { act=android.intent.action.MAIN cat=[android.intent.category.LAUNCHER] cmp=com.example.dogglers/.VerticalListActivity }, activity.getIntent()=Intent { act=android.intent.action.MAIN cat=[android.intent.category.LAUNCHER] flg=0x10000000 cmp=com.example.dogglers/androidx.test.core.app.InstrumentationActivityInvoker$EmptyActivity }, activity=androidx.test.core.app.InstrumentationActivityInvoker$EmptyActivity@c68b9bd
02-10 00:16:41.336  4224  4842 I InputDispatcher: Focus left window (6225): 2d452e7 in display 0 0
02-10 00:16:41.356  3804  3830 E TetherController: Error processing tether stats from BPF maps: Get firstKey map -1 failed: Function not implemented
02-10 00:16:41.376  4224  4279 D EnterpriseDeviceManagerService: isMdmAdminPresentInternal() : MDM Admin Found - com.samsung.knox.securefolder
02-10 00:16:41.388  6225  6225 I DecorView: [INFO] isPopOver=false, config=true
02-10 00:16:41.388  6225  6225 I DecorView: updateCaptionType >> DecorView@e25f703[], isFloating=false, isApplication=true, hasWindowDecorCaption=false, hasWindowControllerCallback=true
02-10 00:16:41.388  6225  6225 D DecorView: setCaptionType = 0, this = DecorView@e25f703[]
02-10 00:16:41.395  6225  6225 D LifecycleMonitor: Lifecycle status change: androidx.test.core.app.InstrumentationActivityInvoker$EmptyActivity@c68b9bd in: CREATED
02-10 00:16:41.396  6225  6225 V ActivityScenario: Activity lifecycle changed event received but ignored because the intent does not match. startActivityIntent=Intent { act=android.intent.action.MAIN cat=[android.intent.category.LAUNCHER] cmp=com.example.dogglers/.VerticalListActivity }, activity.getIntent()=Intent { act=android.intent.action.MAIN cat=[android.intent.category.LAUNCHER] flg=0x10000000 cmp=com.example.dogglers/androidx.test.core.app.InstrumentationActivityInvoker$EmptyActivity }, activity=androidx.test.core.app.InstrumentationActivityInvoker$EmptyActivity@c68b9bd
02-10 00:16:41.399  6225  6225 D LifecycleMonitor: Lifecycle status change: androidx.test.core.app.InstrumentationActivityInvoker$EmptyActivity@c68b9bd in: STARTED
02-10 00:16:41.399  6225  6225 V ActivityScenario: Activity lifecycle changed event received but ignored because the intent does not match. startActivityIntent=Intent { act=android.intent.action.MAIN cat=[android.intent.category.LAUNCHER] cmp=com.example.dogglers/.VerticalListActivity }, activity.getIntent()=Intent { act=android.intent.action.MAIN cat=[android.intent.category.LAUNCHER] flg=0x10000000 cmp=com.example.dogglers/androidx.test.core.app.InstrumentationActivityInvoker$EmptyActivity }, activity=androidx.test.core.app.InstrumentationActivityInvoker$EmptyActivity@c68b9bd
02-10 00:16:41.402  6225  6225 D LifecycleMonitor: Lifecycle status change: androidx.test.core.app.InstrumentationActivityInvoker$EmptyActivity@c68b9bd in: RESUMED
02-10 00:16:41.403  6225  6225 V ActivityScenario: Activity lifecycle changed event received but ignored because the intent does not match. startActivityIntent=Intent { act=android.intent.action.MAIN cat=[android.intent.category.LAUNCHER] cmp=com.example.dogglers/.VerticalListActivity }, activity.getIntent()=Intent { act=android.intent.action.MAIN cat=[android.intent.category.LAUNCHER] flg=0x10000000 cmp=com.example.dogglers/androidx.test.core.app.InstrumentationActivityInvoker$EmptyActivity }, activity=androidx.test.core.app.InstrumentationActivityInvoker$EmptyActivity@c68b9bd
02-10 00:16:41.409  4224  4585 D InputTransport: Input channel constructed: 'beb0978', fd=713
02-10 00:16:41.409  4224  4585 D InputTransport: Input channel constructed: 'beb0978', fd=714
02-10 00:16:41.410  3869  5906 I SurfaceFlinger: id=203357 createSurf (0x0),-1 flag=80004, beb0978 com.example.dogglers/androidx.test.core.app.InstrumentationActivityInvoker$EmptyActivity#0
02-10 00:16:41.410  4224  4585 D WindowManager: isScreenshotDisabledLocked - win: Window{beb0978 u0 com.example.dogglers/androidx.test.core.app.InstrumentationActivityInvoker$EmptyActivity}
02-10 00:16:41.410  4224  4585 D WindowManager: isScreenshotDisabledLocked: userId = 0, disabled =false
02-10 00:16:41.411  4224  4585 D InputTransport: Input channel destroyed: 'beb0978', fd=714
02-10 00:16:41.411  6225  6225 D InputTransport: Input channel constructed: 'beb0978', fd=88
02-10 00:16:41.413  6225  6225 I ViewRootImpl@5b900fe[InstrumentationActivityInvoker$EmptyActivity]: setView = com.android.internal.policy.DecorView@e25f703 TM=true
02-10 00:16:41.417 28160 28160 D KeyguardUpdateMonitor: updateBiometricListeningState()
02-10 00:16:41.417 28160 28160 D KeyguardFingerPrint: shouldListenForFingerprint ( isFingerprintEnabled = false , mKeyguardIsVisible = false , mDeviceInteractive = true , mBouncer = false , mGoingToSleep = false , mSwitchingUser = false , mKeyguardUnlocking = true , mKeyguardGoingAway = true , mKeyguardShowing = false , mKeyguardOccluded = false , mSystemReady = true , mHasFocus = false
02-10 00:16:41.417 28160 28160 D KeyguardFingerPrint: updateFingerprintListeningState#mFingerprintRunningState=0 shouldListenForFingerprint=false
02-10 00:16:41.417 28160 28160 D KeyguardFace: shouldListenForFace ( isFaceDefaultCondition = false , mKeyguardIsVisible = false , mDeviceInteractive = true , mBouncer = false , mSwitchingUser = false , mGoingToSleep = false , mKeyguardGoingAway = true , mKeyguardUnlocking = true , mIsPickedUp = false , mIsEarlyWakeUp = false , mIsScreenSaverRunning = false , mSystemReady = true)
02-10 00:16:41.417 28160 28160 D KeyguardFace: shouldListenForFace ( return false, Face is not default condition)
02-10 00:16:41.418 28160 28160 D KeyguardFace: Can't stop stopListeningForFace(), mFaceRunningState = 0
02-10 00:16:41.425  4224  4585 V WindowManager: Relayout Window{beb0978 u0 com.example.dogglers/androidx.test.core.app.InstrumentationActivityInvoker$EmptyActivity}: viewVisibility=0 req=720x1560
02-10 00:16:41.426  4224  4585 D WindowManager: isScreenshotDisabledLocked - win: Window{beb0978 u0 com.example.dogglers/androidx.test.core.app.InstrumentationActivityInvoker$EmptyActivity}
02-10 00:16:41.427  4224  4585 D WindowManager: isScreenshotDisabledLocked: userId = 0, disabled =false
02-10 00:16:41.427  3869  5906 I SurfaceFlinger: id=203358 createSurf (720x1560),1 flag=404, com.example.dogglers/androidx.test.core.app.InstrumentationActivityInvoker$EmptyActivity$_6225#0
02-10 00:16:41.430  4224  4585 I SurfaceControl: nativeRelease nativeObject s[524526191744]
02-10 00:16:41.430  4224  4585 I SurfaceControl: nativeRelease nativeObject e[524526191744]
02-10 00:16:41.430 30944 30944 I TrayStateController: systemUiVisibilityChanged : 0 0
02-10 00:16:41.430  3869  3911 I SurfaceFlinger: id=203359 createSurf (0x0),-1 flag=24000, Surface(name=e251250 StatusBar)/@0x2cedeea - animation-leash#1
02-10 00:16:41.431  4224  4585 I SurfaceControl: nativeRelease nativeObject s[524526192416]
02-10 00:16:41.431  4224  4585 I SurfaceControl: nativeRelease nativeObject e[524526192416]
02-10 00:16:41.431  3869  3911 I SurfaceFlinger: id=203360 createSurf (0x0),-1 flag=24000, Surface(name=c590bf6 NavigationBar0)/@0x33ffa64 - animation-leash#0
02-10 00:16:41.433  4224  4585 V WindowManager: Relayout hash=beb0978, pid=6225: mAttrs={(0,0)(fillxfill) sim={adjust=pan forwardNavigation} ty=BASE_APPLICATION wanim=0x1030001
02-10 00:16:41.433  4224  4585 V WindowManager:   fl=1810100
02-10 00:16:41.433  4224  4585 V WindowManager:   pfl=12020000
02-10 00:16:41.433  4224  4585 V WindowManager:   fitSides= naviIconColor=0}
02-10 00:16:41.434  4224  4585 I SurfaceControl: nativeRelease nativeObject s[522491103136]
02-10 00:16:41.434  4224  4585 I SurfaceControl: nativeRelease nativeObject e[522491103136]
02-10 00:16:41.436  3869  3911 I Layer   : id=203352 removeFromCurrentState Surface(name=e251250 StatusBar)/@0x2cedeea - animation-leash#0 (93)
02-10 00:16:41.436  3869  3911 I Layer   : id=203353 removeFromCurrentState Surface(name=c590bf6 NavigationBar0)/@0x33ffa64 - animation-leash#1 (93)
02-10 00:16:41.437  6225  6225 I SurfaceControl: assignNativeObject: nativeObject = 0 Surface(name=null)/@0x87005f / android.view.SurfaceControl.readFromParcel:1117 android.view.IWindowSession$Stub$Proxy.relayout:1820 android.view.ViewRootImpl.relayoutWindow:9005 android.view.ViewRootImpl.performTraversals:3360 android.view.ViewRootImpl.doTraversal:2618 android.view.ViewRootImpl$TraversalRunnable.run:9971 android.view.Choreographer$CallbackRecord.run:1010 android.view.Choreographer.doCallbacks:809 android.view.Choreographer.doFrame:744 android.view.Choreographer$FrameDisplayEventReceiver.run:995
02-10 00:16:41.440  6225  6225 I ViewRootImpl@5b900fe[InstrumentationActivityInvoker$EmptyActivity]: Relayout returned: old=(0,0,720,1560) new=(0,0,720,1560) req=(720,1560)0 dur=13 res=0x7 s={true 524336394240} ch=true fn=-1
02-10 00:16:41.443  3835  4018 D gralloc : [mali_gralloc_allocate] begin
02-10 00:16:41.443  3835  4018 D gralloc : buffer_descriptor: wh(720 1560) usage_pc(0x40000000000b00 0x40000000000b00) hal_format(0x1) layer_count(1) sizes(0 0 0) strde(0) byte_stride(0) alloc_wh(0 0) internal_format(0x0) alloc_format(0x0) fd_count(1) plane_count(0)
02-10 00:16:41.444  6225  6225 I ViewRootImpl@5b900fe[InstrumentationActivityInvoker$EmptyActivity]: [DP] dp(1) 1 android.view.ViewRootImpl.reportNextDraw:10957 android.view.ViewRootImpl.performTraversals:3845 android.view.ViewRootImpl.doTraversal:2618
02-10 00:16:41.444  6225  6225 I ViewRootImpl@5b900fe[InstrumentationActivityInvoker$EmptyActivity]: [DP] pd() Asnyc report
02-10 00:16:41.445  3835  4018 D gralloc : [mali_gralloc_allocate] allocation successful
02-10 00:16:41.446  3835  4018 D gralloc : [mali_gralloc_allocate] begin
02-10 00:16:41.446  3835  4018 D gralloc : buffer_descriptor: wh(720 1560) usage_pc(0x40000000000b00 0x40000000000b00) hal_format(0x1) layer_count(1) sizes(0 0 0) strde(0) byte_stride(0) alloc_wh(0 0) internal_format(0x0) alloc_format(0x0) fd_count(1) plane_count(0)
02-10 00:16:41.449  3835  4018 D gralloc : [mali_gralloc_allocate] allocation successful
02-10 00:16:41.450  3835  4018 D gralloc : [mali_gralloc_allocate] begin
02-10 00:16:41.450  3835  4018 D gralloc : buffer_descriptor: wh(720 1560) usage_pc(0x40000000000b00 0x40000000000b00) hal_format(0x1) layer_count(1) sizes(0 0 0) strde(0) byte_stride(0) alloc_wh(0 0) internal_format(0x0) alloc_format(0x0) fd_count(1) plane_count(0)
02-10 00:16:41.454  6225  6225 I ViewRootImpl@5b900fe[InstrumentationActivityInvoker$EmptyActivity]: [DP] pdf(0) 1 android.view.ViewRootImpl.lambda$performDraw$1$ViewRootImpl:4668 android.view.-$$Lambda$ViewRootImpl$DJd0VUYJgsebcnSohO6h8zc_ONI.run:6 android.os.Handler.handleCallback:938
02-10 00:16:41.454  6225  6225 I ViewRootImpl@5b900fe[InstrumentationActivityInvoker$EmptyActivity]: [DP] rdf()
02-10 00:16:41.455  3835  4018 D gralloc : [mali_gralloc_allocate] allocation successful
02-10 00:16:41.456  6225  6225 I ViewRootImpl@a89d7cf[VerticalListActivity]: MSG_WINDOW_FOCUS_CHANGED 0 1
02-10 00:16:41.460  4224  4280 D PkgPredictorService: pkg:com.example.dogglers activity:androidx.test.core.app.InstrumentationActivityInvoker$EmptyActivity thisTime:169
02-10 00:16:41.461  4224  4280 I SemDvfsHyPerManager: acquire hyper - AMS_RESUME_TAIL/4224@18, type = -999
02-10 00:16:41.461  4224  4284 I ActivityTaskManager: Displayed com.example.dogglers/androidx.test.core.app.InstrumentationActivityInvoker$EmptyActivity: +169ms
02-10 00:16:41.462  4224  4280 I SemDvfsHyPerManager: acquire hyper - AMS_ACT_LAZY/4224@19, type = -999
02-10 00:16:41.462  3846  3877 I HYPER-HAL: [RequestManager.cpp]acquire(): Acquired ID : 8999421  [4224 / 18]    HINT : AMS_RESUME_TAIL    list :
02-10 00:16:41.462  3846  3877 E HYPER-HAL: [HandlerSysfs.cpp]doResourceHandling(): Couldn't Open Sysfs - /sys/power/cstate_control
02-10 00:16:41.462  3846  3877 I HYPER-HAL: [ResourceManager.cpp]updateResource(): [CPUMinFreq] UpdateResource Request ID : 8999421    Value : 1560000
02-10 00:16:41.462  3846  3877 I HYPER-HAL: [RequestManager.cpp]acquire(): Acquired ID : 9003665  [4224 / 19]    HINT :      list :
02-10 00:16:41.463  3846  3877 E HYPER-HAL: [Request.cpp]acquire(): Request:: id : 9003665, No Resource to set
02-10 00:16:41.463  3846  3877 E HYPER-HAL: [HandlerSysfs.cpp]doResourceHandling(): Couldn't Open Sysfs - /sys/power/cstate_control
02-10 00:16:41.463  3846  3877 I HYPER-HAL: [ResourceManager.cpp]removeResource(): [CPUMinFreq] RemoveResource Request ID : 8990936
02-10 00:16:41.463  3846  3877 I HYPER-HAL: [RequestManager.cpp]releaseLocked(): Released ID : 8990936
02-10 00:16:41.468  6225  6225 I SurfaceControl: nativeRelease nativeObject s[524525184800]
02-10 00:16:41.468  6225  6225 I SurfaceControl: nativeRelease nativeObject e[524525184800]
02-10 00:16:41.468  6225  6225 I SurfaceControl: nativeRelease nativeObject s[524525187200]
02-10 00:16:41.468  6225  6225 I SurfaceControl: nativeRelease nativeObject e[524525187200]
02-10 00:16:41.468  6225  6225 I SurfaceControl: nativeRelease nativeObject s[524525187104]
02-10 00:16:41.468  6225  6225 I SurfaceControl: nativeRelease nativeObject e[524525187104]
02-10 00:16:41.475  3869  3911 I SurfaceFlinger: id=203353 Removed Surface(name=c590bf6 NavigationBar0)/@0x33ffa64 - animation-leash#1 (93)
02-10 00:16:41.475  3869  4404 I SurfaceFlinger: id=203352 Removed Surface(name=e251250 StatusBar)/@0x2cedeea - animation-leash#0 (93)
02-10 00:16:41.476  4224  4254 I InputDispatcher: Focus entered window (6225): beb0978 in display 0 0
02-10 00:16:41.483  6225  6225 I ViewRootImpl@a89d7cf[VerticalListActivity]: stopped(true) old=false
02-10 00:16:41.486  6225  6225 I SurfaceControl: nativeRelease nativeObject s[524538187520]
02-10 00:16:41.486  6225  6225 I SurfaceControl: nativeRelease nativeObject e[524538187520]
02-10 00:16:41.487  3869  3869 D SurfaceFlinger: Display 0 HWC layers:
02-10 00:16:41.487  3869  3869 D SurfaceFlinger:      CLIENT | 0x704564ed40 | 0002 | RGBA_8888    |    0.0    0.0  720.0 1560.0 |    0    0  720 1560 | com.example.dogglers/androidx.test.c[...]ctivityInvoker$EmptyActivity$_6225#0
02-10 00:16:41.487  3869  3869 D SurfaceFlinger:      CLIENT | 0x6fc1614e40 | 0000 | RGBA_8888    |    0.0    0.0  720.0   53.0 |    0    0  720   53 | StatusBar$_28160#0
02-10 00:16:41.487  3869  3869 D SurfaceFlinger:      CLIENT | 0x704564f880 | 0000 | RGBA_8888    |    0.0    0.0   67.0  228.0 |  653  560  720  788 | com.samsung.android.app.cocktailbars[...]rservice.CocktailBarService$_30944#0
02-10 00:16:41.487  3869  3869 D SurfaceFlinger:      CLIENT | 0x6fc1613cc0 | 0000 | RGBA_8888    |    0.0    0.0  720.0   84.0 |    0 1476  720 1560 | NavigationBar0$_28160#0
02-10 00:16:41.487  3869  3869 D SurfaceFlinger:      CLIENT | 0x6fc1613e00 | 0000 | RGBA_8888    |    0.0    0.0  720.0  101.0 |    0    0  720  101 | ScreenDecorOverlay$_28160#0
02-10 00:16:41.487  3869  3869 D SurfaceFlinger:      CLIENT | 0x704564e980 | 0000 | RGBA_8888    |    0.0    0.0  720.0  101.0 |    0 1459  720 1560 | ScreenDecorOverlayBottom$_28160#0
02-10 00:16:41.487  3869  3869 D SurfaceFlinger:
02-10 00:16:41.487  6225  6225 D LifecycleMonitor: Lifecycle status change: com.example.dogglers.VerticalListActivity@6c6c20b in: STOPPED
02-10 00:16:41.488  6225  6225 V ActivityScenario: Update currentActivityStage to STOPPED, currentActivity=com.example.dogglers.VerticalListActivity@6c6c20b
02-10 00:16:41.488  3869  3869 I Layer   : id=203352[1] Destroyed Surface(name=e251250 StatusBar)/@0x2cedeea - animation-leash#0
02-10 00:16:41.488  3869  3869 I Layer   : id=203353[1] Destroyed Surface(name=c590bf6 NavigationBar0)/@0x33ffa64 - animation-leash#1
02-10 00:16:41.494  4224  6873 I SemDvfsHyPerManager: acquire hyper - AMS_ACT_START/4224@16, type = -999
02-10 00:16:41.494  3846  3877 I HYPER-HAL: [RequestManager.cpp]acquire(): Acquired ID : 8990936  [4224 / 16]    HINT : AMS_ACT_START    list :
02-10 00:16:41.495  3846  3877 E HYPER-HAL: [HandlerSysfs.cpp]doResourceHandling(): Couldn't Open Sysfs - /sys/power/cstate_control
02-10 00:16:41.496  3846  3877 I HYPER-HAL: [ResourceManager.cpp]updateResource(): [CPUMinFreq] UpdateResource Request ID : 8990936    Value : 1560000
02-10 00:16:41.496  3869  3911 I SurfaceFlinger: id=203361 createSurf (0x0),-1 flag=80004, ActivityRecord{3c988e u0 com.example.dogglers/androidx.test.core.app.InstrumentationActivityInvoker$EmptyActivity t5806}#0
02-10 00:16:41.496  6225  6225 D LifecycleMonitor: Lifecycle status change: com.example.dogglers.VerticalListActivity@6c6c20b in: DESTROYED
02-10 00:16:41.497  6225  6225 V ActivityScenario: Update currentActivityStage to DESTROYED, currentActivity=null
02-10 00:16:41.513  3869  3911 E BufferQueueProducer: [com.example.dogglers/com.example.dogglers.VerticalListActivity$_6225#0](id:f1d0000b7dc,api:0,p:-1,c:3869) disconnect: not connected (req=1)
02-10 00:16:41.513  6225  6260 W libEGL  : EGLNativeWindowType 0x7a210e8010 disconnect failed
02-10 00:16:41.513  6225  6225 I ViewRootImpl@a89d7cf[VerticalListActivity]: dispatchDetachedFromWindow
02-10 00:16:41.514  4224  4585 D InputTransport: Input channel destroyed: '2d452e7', fd=726
02-10 00:16:41.514  4224  4585 I SurfaceControl: nativeRelease nativeObject s[522306337344]
02-10 00:16:41.514  4224  4585 I SurfaceControl: nativeRelease nativeObject e[522306337344]
02-10 00:16:41.514  4224  4585 D WindowManager: isScreenshotDisabledLocked - win: Window{2d452e7 u0 com.example.dogglers/com.example.dogglers.VerticalListActivity}
02-10 00:16:41.514  4224  4585 D WindowManager: isScreenshotDisabledLocked: userId = 0, disabled =false
02-10 00:16:41.514  4224  4585 I SurfaceControl: nativeRelease nativeObject s[524526191648]
02-10 00:16:41.514  4224  4585 I SurfaceControl: nativeRelease nativeObject e[524526191648]
02-10 00:16:41.515  3869  3911 I SurfaceFlinger: id=203362 createSurf (0x0),-1 flag=24004, Surface(name=7fb2291 InputMethod)/@0xe6a7df7 - animation-leash#0
02-10 00:16:41.516  4224  4585 I SurfaceControl: nativeRelease nativeObject s[522491100256]
02-10 00:16:41.516  4224  4585 I SurfaceControl: nativeRelease nativeObject e[522491100256]
02-10 00:16:41.516  3869  3911 I Layer   : id=203351 removeFromCurrentState com.example.dogglers/com.example.dogglers.VerticalListActivity$_6225#0 (93)
02-10 00:16:41.516  3869  3911 I SurfaceFlinger: id=203351 Removed com.example.dogglers/com.example.dogglers.VerticalListActivity$_6225#0 (93)
02-10 00:16:41.519  3869  3869 I Layer   : id=203351[1] Destroyed com.example.dogglers/com.example.dogglers.VerticalListActivity$_6225#0
02-10 00:16:41.519  3869  3911 I Layer   : id=203350 removeFromCurrentState 2d452e7 com.example.dogglers/com.example.dogglers.VerticalListActivity#0 (92)
02-10 00:16:41.520  3869  3911 I Layer   : id=203355 removeFromCurrentState Surface(name=7fb2291 InputMethod)/@0xe6a7df7 - animation-leash#1 (92)
02-10 00:16:41.520  3869  5906 I SurfaceFlinger: id=203350 Removed 2d452e7 com.example.dogglers/com.example.dogglers.VerticalListActivity#0 (92)
02-10 00:16:41.521  6225  6225 D InputTransport: Input channel destroyed: '2d452e7', fd=80
02-10 00:16:41.523  4224  6873 I SurfaceControl: nativeRelease nativeObject s[522491099680]
02-10 00:16:41.523  4224  6873 I SurfaceControl: nativeRelease nativeObject e[522491099680]
02-10 00:16:41.532  6225  6225 D LifecycleMonitor: Lifecycle status change: androidx.test.core.app.InstrumentationActivityInvoker$EmptyActivity@c68b9bd in: PAUSED
02-10 00:16:41.533  6225  6225 V ActivityScenario: Activity lifecycle changed event received but ignored because the intent does not match. startActivityIntent=Intent { act=android.intent.action.MAIN cat=[android.intent.category.LAUNCHER] cmp=com.example.dogglers/.VerticalListActivity }, activity.getIntent()=Intent { act=android.intent.action.MAIN cat=[android.intent.category.LAUNCHER] flg=0x10000000 cmp=com.example.dogglers/androidx.test.core.app.InstrumentationActivityInvoker$EmptyActivity }, activity=androidx.test.core.app.InstrumentationActivityInvoker$EmptyActivity@c68b9bd
02-10 00:16:41.535  3869  3869 I Layer   : id=203350[1] Destroyed 2d452e7 com.example.dogglers/com.example.dogglers.VerticalListActivity#0
02-10 00:16:41.536  4224  6873 V WindowOrientationListener: getProposedRotation: -1
02-10 00:16:41.536  4224  6873 V WindowOrientationListener: getProposedRotation: -1
02-10 00:16:41.537  4224  6873 V WindowOrientationListener: getProposedRotation: -1
02-10 00:16:41.539  4224  6873 D InputDispatcher: Focused application set to (0): 3c988e
02-10 00:16:41.545  3869  5906 I Layer   : id=203345 removeFromCurrentState ActivityRecord{8f93634 u0 com.example.dogglers/.VerticalListActivity t5806}#0 (91)
02-10 00:16:41.546  4001  4494 I bauth_FPBAuthService: pcf : 0x1012, 0 ,2 ,0 ,0 ,0 ,2, 5.1.0.6
02-10 00:16:41.546  4001  4494 I bauth_FPBAuthService: thread id : 2, preenroll_flag : 0, nd cnt : 1, cso : 1, et : 0
02-10 00:16:41.546  4001  4494 I bauth_FPBAuthService: FPBAuthService, 11593
02-10 00:16:41.546  3869  5906 I SurfaceFlinger: id=203345 Removed ActivityRecord{8f93634 u0 com.example.dogglers/.VerticalListActivity t5806}#0 (91)
02-10 00:16:41.546  6225  6225 I ViewRootImpl@5b900fe[InstrumentationActivityInvoker$EmptyActivity]: MSG_WINDOW_FOCUS_CHANGED 1 1
02-10 00:16:41.547  6225  6225 D InputMethodManager: prepareNavigationBarInfo() DecorView@e25f703[InstrumentationActivityInvoker$EmptyActivity]
02-10 00:16:41.547  6225  6225 D InputMethodManager: getNavigationBarColor() -16711423
02-10 00:16:41.548  6225  6225 D InputMethodManager: prepareNavigationBarInfo() DecorView@e25f703[InstrumentationActivityInvoker$EmptyActivity]
02-10 00:16:41.548  6225  6225 D InputMethodManager: getNavigationBarColor() -16711423
02-10 00:16:41.548  6225  6225 V InputMethodManager: Starting input: tba=com.example.dogglers ic=null mNaviBarColor -16711423 mIsGetNaviBarColorSuccess true , NavVisible : true , NavTrans : false
02-10 00:16:41.548  6225  6225 D InputMethodManager: startInputInner - Id : 0
02-10 00:16:41.548  6225  6225 I InputMethodManager: startInputInner - mService.startInputOrWindowGainedFocus
02-10 00:16:41.549  4224  4585 D InputMethodManagerService: mSecureKeypadEnabled = false
02-10 00:16:41.550  4224  4585 V InputMethodManagerService: hideCurrentInputLocked : shouldHideSoftInput is false
02-10 00:16:41.550  4224  4585 D InputMethodManagerService: mDesktopModeManager null!
02-10 00:16:41.550  4224  4585 V InputMethodManagerService: getDisplayIdOfInputMethodWindowToBeAdded : 0
02-10 00:16:41.550  4224  4585 D InputMethodManagerService: checkDisplayOfStartInputAndUpdateKeyboard display Id 0last 0
02-10 00:16:41.550  4224  4585 D InputTransport: Input channel constructed: 'ClientS', fd=714
02-10 00:16:41.551  4224  4585 D InputTransport: Input channel destroyed: 'ClientS', fd=714
02-10 00:16:41.551  6225  6225 D InputTransport: Input channel constructed: 'ClientS', fd=80
02-10 00:16:41.551  6225  6225 D InputTransport: Input channel destroyed: 'ClientS', fd=86
02-10 00:16:41.551  3869  3869 I Layer   : id=203345[1] Destroyed ActivityRecord{8f93634 u0 com.example.dogglers/.VerticalListActivity t5806}#0
02-10 00:16:41.553  4224  4585 I SurfaceControl: nativeRelease nativeObject s[522304756192]
02-10 00:16:41.553  4224  4585 I SurfaceControl: nativeRelease nativeObject e[522304756192]
02-10 00:16:41.554  3869  5906 I SurfaceFlinger: id=203363 createSurf (0x0),-1 flag=24004, Surface(name=7fb2291 InputMethod)/@0xe6a7df7 - animation-leash#1
02-10 00:16:41.555  8265  8265 I HBD     : HoneyBoardService onFinishInput
02-10 00:16:41.556  8265  8265 I HBD     : a IC have been unbinded,  InputConnectionWrapper{idHash=#fe80798 mMissingMethods=}
02-10 00:16:41.556  6225  6225 D LifecycleMonitor: Lifecycle status change: androidx.test.core.app.InstrumentationActivityInvoker$BootstrapActivity@ee82fd0 in: DESTROYED
02-10 00:16:41.556  8265  8265 I HBD     : HoneyBoardService [PF_CL][onFinishInput]  626692 ns
02-10 00:16:41.556  8265  8265 I HBD     : HoneyBoardService [IMI] onStartInput - caller pid : 6225 , caller uid : 11512
02-10 00:16:41.556  8265  8265 I HBD     : i updateConfigs
02-10 00:16:41.557  8265  8265 I HBD     : i isEnabledNightMode : true
02-10 00:16:41.557  6225  6225 V ActivityScenario: Activity lifecycle changed event received but ignored because the intent does not match. startActivityIntent=Intent { act=android.intent.action.MAIN cat=[android.intent.category.LAUNCHER] cmp=com.example.dogglers/.VerticalListActivity }, activity.getIntent()=Intent { act=android.intent.action.MAIN cat=[android.intent.category.LAUNCHER] flg=0x10008000 cmp=com.example.dogglers/androidx.test.core.app.InstrumentationActivityInvoker$BootstrapActivity (has extras) }, activity=androidx.test.core.app.InstrumentationActivityInvoker$BootstrapActivity@ee82fd0
02-10 00:16:41.557  8265  8265 I HBD     : a IC have been binded, InputConnectionWrapper{idHash=#fe80798 mMissingMethods=}
02-10 00:16:41.557  8265  8265 I HBD     : h [EditorInputType]setPrivateImeOptionsToTable privateImeOptions ( null )
02-10 00:16:41.557  8265  8265 I HBD     : b incognitoMode : false
02-10 00:16:41.557  8265  8265 I HBD     : a needOff = true , isForceOff = false, isNullInputClass : true
02-10 00:16:41.557  8265  8265 I HBD     : h getDefaultInputRange : UNKNOWN
02-10 00:16:41.557  8265  8265 I HBD     : h getDefaultInputRange : UNKNOWN
02-10 00:16:41.557  8265  8265 I HBD     : h getDefaultInputRange : UNKNOWN
02-10 00:16:41.558  4224  6873 I SurfaceControl: nativeRelease nativeObject s[524525183648]
02-10 00:16:41.558  4224  6873 I SurfaceControl: nativeRelease nativeObject e[524525183648]
02-10 00:16:41.558  4224  4279 I SemPersonaManager: SecureFolder personaId = 150
02-10 00:16:41.558  4224  4585 D SdpManagerService: Not an enterprise user : 0
02-10 00:16:41.558  4224  4585 D SdpManagerService: Not an enterprise user : 0
02-10 00:16:41.560  8265  8265 I HBD     : h getDefaultInputRange : UNKNOWN
02-10 00:16:41.560  8265  8265 I HBD     : a currentState : 0
02-10 00:16:41.562  8265  8265 I HBD     : h load selected json info : {"version":"1.0","currentLanguageOrder":0,"selected":[{"activeOptionList":["auto_replace","auto_spacing"],"engName":"English","id":65538,"inputType":"qwerty","isUsed":true},{"activeOptionList":["auto_replace","auto_spacing"],"engName":"Arabic","id":5308416,"inputType":"qwerty","isUsed":true}]}
02-10 00:16:41.563  3869  5906 I Layer   : id=203362 removeFromCurrentState Surface(name=7fb2291 InputMethod)/@0xe6a7df7 - animation-leash#0 (91)
02-10 00:16:41.563  8265  8265 I HBD     : a [UpdatePolicy] [post] a: 0 cl: 65538 kit: [0/0] vt: 0 ir: 1
02-10 00:16:41.563  3869  5906 I Layer   : id=203340 removeFromCurrentState ActivityRecord{407736c u0 com.example.dogglers/androidx.test.core.app.InstrumentationActivityInvoker$BootstrapActivity t5806}#0 (91)
02-10 00:16:41.563  3869  5906 I SurfaceFlinger: id=203340 Removed ActivityRecord{407736c u0 com.example.dogglers/androidx.test.core.app.InstrumentationActivityInvoker$BootstrapActivity t5806}#0 (91)
02-10 00:16:41.564  8265  8265 I HBD     : HoneyBoardService [PF_OP][onStartInput]  7304885 ns
02-10 00:16:41.566  6225  6225 D LifecycleMonitor: Lifecycle status change: androidx.test.core.app.InstrumentationActivityInvoker$EmptyActivity@532c1f1 in: PRE_ON_CREATE
02-10 00:16:41.567  6225  6225 V ActivityScenario: Activity lifecycle changed event received but ignored because the intent does not match. startActivityIntent=Intent { act=android.intent.action.MAIN cat=[android.intent.category.LAUNCHER] cmp=com.example.dogglers/.VerticalListActivity }, activity.getIntent()=Intent { act=android.intent.action.MAIN cat=[android.intent.category.LAUNCHER] flg=0x10000000 cmp=com.example.dogglers/androidx.test.core.app.InstrumentationActivityInvoker$EmptyActivity }, activity=androidx.test.core.app.InstrumentationActivityInvoker$EmptyActivity@532c1f1
02-10 00:16:41.568  3869  3869 I Layer   : id=203340[1] Destroyed ActivityRecord{407736c u0 com.example.dogglers/androidx.test.core.app.InstrumentationActivityInvoker$BootstrapActivity t5806}#0
02-10 00:16:41.569  4224  4842 I InputDispatcher: Focus left window (6225): beb0978 in display 0 0
02-10 00:16:41.615  4224  4279 D EnterpriseDeviceManagerService: isMdmAdminPresentInternal() : MDM Admin Found - com.samsung.knox.securefolder
02-10 00:16:41.627  6225  6225 I DecorView: [INFO] isPopOver=false, config=true
02-10 00:16:41.627  6225  6225 I DecorView: updateCaptionType >> DecorView@ada9c57[], isFloating=false, isApplication=true, hasWindowDecorCaption=false, hasWindowControllerCallback=true
02-10 00:16:41.627  6225  6225 D DecorView: setCaptionType = 0, this = DecorView@ada9c57[]
02-10 00:16:41.634  6225  6225 D LifecycleMonitor: Lifecycle status change: androidx.test.core.app.InstrumentationActivityInvoker$EmptyActivity@532c1f1 in: CREATED
02-10 00:16:41.634  6225  6225 V ActivityScenario: Activity lifecycle changed event received but ignored because the intent does not match. startActivityIntent=Intent { act=android.intent.action.MAIN cat=[android.intent.category.LAUNCHER] cmp=com.example.dogglers/.VerticalListActivity }, activity.getIntent()=Intent { act=android.intent.action.MAIN cat=[android.intent.category.LAUNCHER] flg=0x10000000 cmp=com.example.dogglers/androidx.test.core.app.InstrumentationActivityInvoker$EmptyActivity }, activity=androidx.test.core.app.InstrumentationActivityInvoker$EmptyActivity@532c1f1
02-10 00:16:41.637  6225  6225 D LifecycleMonitor: Lifecycle status change: androidx.test.core.app.InstrumentationActivityInvoker$EmptyActivity@532c1f1 in: STARTED
02-10 00:16:41.638  6225  6225 V ActivityScenario: Activity lifecycle changed event received but ignored because the intent does not match. startActivityIntent=Intent { act=android.intent.action.MAIN cat=[android.intent.category.LAUNCHER] cmp=com.example.dogglers/.VerticalListActivity }, activity.getIntent()=Intent { act=android.intent.action.MAIN cat=[android.intent.category.LAUNCHER] flg=0x10000000 cmp=com.example.dogglers/androidx.test.core.app.InstrumentationActivityInvoker$EmptyActivity }, activity=androidx.test.core.app.InstrumentationActivityInvoker$EmptyActivity@532c1f1
02-10 00:16:41.641  6225  6225 D LifecycleMonitor: Lifecycle status change: androidx.test.core.app.InstrumentationActivityInvoker$EmptyActivity@532c1f1 in: RESUMED
02-10 00:16:41.641  6225  6225 V ActivityScenario: Activity lifecycle changed event received but ignored because the intent does not match. startActivityIntent=Intent { act=android.intent.action.MAIN cat=[android.intent.category.LAUNCHER] cmp=com.example.dogglers/.VerticalListActivity }, activity.getIntent()=Intent { act=android.intent.action.MAIN cat=[android.intent.category.LAUNCHER] flg=0x10000000 cmp=com.example.dogglers/androidx.test.core.app.InstrumentationActivityInvoker$EmptyActivity }, activity=androidx.test.core.app.InstrumentationActivityInvoker$EmptyActivity@532c1f1
02-10 00:16:41.645 28160 28160 D KeyguardUpdateMonitor: updateBiometricListeningState()
02-10 00:16:41.645 28160 28160 D KeyguardFingerPrint: shouldListenForFingerprint ( isFingerprintEnabled = false , mKeyguardIsVisible = false , mDeviceInteractive = true , mBouncer = false , mGoingToSleep = false , mSwitchingUser = false , mKeyguardUnlocking = true , mKeyguardGoingAway = true , mKeyguardShowing = false , mKeyguardOccluded = false , mSystemReady = true , mHasFocus = false
02-10 00:16:41.645 28160 28160 D KeyguardFingerPrint: updateFingerprintListeningState#mFingerprintRunningState=0 shouldListenForFingerprint=false
02-10 00:16:41.645 28160 28160 D KeyguardFace: shouldListenForFace ( isFaceDefaultCondition = false , mKeyguardIsVisible = false , mDeviceInteractive = true , mBouncer = false , mSwitchingUser = false , mGoingToSleep = false , mKeyguardGoingAway = true , mKeyguardUnlocking = true , mIsPickedUp = false , mIsEarlyWakeUp = false , mIsScreenSaverRunning = false , mSystemReady = true)
02-10 00:16:41.645 28160 28160 D KeyguardFace: shouldListenForFace ( return false, Face is not default condition)
02-10 00:16:41.646 28160 28160 D KeyguardFace: Can't stop stopListeningForFace(), mFaceRunningState = 0
02-10 00:16:41.648  4224  6873 D InputTransport: Input channel constructed: 'eb4e1a2', fd=739
02-10 00:16:41.648  4224  6873 D InputTransport: Input channel constructed: 'eb4e1a2', fd=743
02-10 00:16:41.649  3869  3911 I SurfaceFlinger: id=203364 createSurf (0x0),-1 flag=80004, eb4e1a2 com.example.dogglers/androidx.test.core.app.InstrumentationActivityInvoker$EmptyActivity#0
02-10 00:16:41.650  4224  6873 D WindowManager: isScreenshotDisabledLocked - win: Window{eb4e1a2 u0 com.example.dogglers/androidx.test.core.app.InstrumentationActivityInvoker$EmptyActivity}
02-10 00:16:41.650  4224  6873 D WindowManager: isScreenshotDisabledLocked: userId = 0, disabled =false
02-10 00:16:41.650  4224  6873 D InputTransport: Input channel destroyed: 'eb4e1a2', fd=743
02-10 00:16:41.652  6225  6225 D InputTransport: Input channel constructed: 'eb4e1a2', fd=86
02-10 00:16:41.654  6225  6225 I ViewRootImpl@4df9562[InstrumentationActivityInvoker$EmptyActivity]: setView = com.android.internal.policy.DecorView@ada9c57 TM=true
02-10 00:16:41.658  4224  6873 D SamsungIMMSHWKeyboard: isConnectedDexOnPC false
02-10 00:16:41.658  4224  6873 D InputMethodManagerService: isImeSwitcherDisabledPackage : false
02-10 00:16:41.658  6225  6225 I SurfaceControl: nativeRelease nativeObject s[524525186144]
02-10 00:16:41.658  6225  6225 I SurfaceControl: nativeRelease nativeObject e[524525186144]
02-10 00:16:41.658  6225  6225 I SurfaceControl: nativeRelease nativeObject s[524525186048]
02-10 00:16:41.658  6225  6225 I SurfaceControl: nativeRelease nativeObject e[524525186048]
02-10 00:16:41.667  4224  4842 V WindowManager: Relayout Window{eb4e1a2 u0 com.example.dogglers/androidx.test.core.app.InstrumentationActivityInvoker$EmptyActivity}: viewVisibility=0 req=720x1560
02-10 00:16:41.670  4224  4842 D WindowManager: isScreenshotDisabledLocked - win: Window{eb4e1a2 u0 com.example.dogglers/androidx.test.core.app.InstrumentationActivityInvoker$EmptyActivity}
02-10 00:16:41.670  4224  4842 D WindowManager: isScreenshotDisabledLocked: userId = 0, disabled =false
02-10 00:16:41.671  3869  3911 I SurfaceFlinger: id=203365 createSurf (720x1560),1 flag=404, com.example.dogglers/androidx.test.core.app.InstrumentationActivityInvoker$EmptyActivity$_6225#1
02-10 00:16:41.674  4224  4842 I SurfaceControl: nativeRelease nativeObject s[522304756768]
02-10 00:16:41.674  4224  4842 I SurfaceControl: nativeRelease nativeObject e[522304756768]
02-10 00:16:41.674 30944 30944 I TrayStateController: systemUiVisibilityChanged : 0 0
02-10 00:16:41.674  3869  3911 I SurfaceFlinger: id=203366 createSurf (0x0),-1 flag=24000, Surface(name=e251250 StatusBar)/@0x2cedeea - animation-leash#0
02-10 00:16:41.675  4224  4842 I SurfaceControl: nativeRelease nativeObject s[522304756864]
02-10 00:16:41.675  4224  4842 I SurfaceControl: nativeRelease nativeObject e[522304756864]
02-10 00:16:41.676  3869  3911 I SurfaceFlinger: id=203367 createSurf (0x0),-1 flag=24000, Surface(name=c590bf6 NavigationBar0)/@0x33ffa64 - animation-leash#1
02-10 00:16:41.678  4224  4842 V WindowManager: Relayout hash=eb4e1a2, pid=6225: mAttrs={(0,0)(fillxfill) sim={adjust=pan forwardNavigation} ty=BASE_APPLICATION wanim=0x1030001
02-10 00:16:41.678  4224  4842 V WindowManager:   fl=1810100
02-10 00:16:41.678  4224  4842 V WindowManager:   pfl=12020000
02-10 00:16:41.678  4224  4842 V WindowManager:   fitSides= naviIconColor=0}
02-10 00:16:41.678  4224  4842 I SurfaceControl: nativeRelease nativeObject s[524526191264]
02-10 00:16:41.678  4224  4842 I SurfaceControl: nativeRelease nativeObject e[524526191264]
02-10 00:16:41.681  6225  6225 I SurfaceControl: assignNativeObject: nativeObject = 0 Surface(name=null)/@0xe82a6f3 / android.view.SurfaceControl.readFromParcel:1117 android.view.IWindowSession$Stub$Proxy.relayout:1820 android.view.ViewRootImpl.relayoutWindow:9005 android.view.ViewRootImpl.performTraversals:3360 android.view.ViewRootImpl.doTraversal:2618 android.view.ViewRootImpl$TraversalRunnable.run:9971 android.view.Choreographer$CallbackRecord.run:1010 android.view.Choreographer.doCallbacks:809 android.view.Choreographer.doFrame:744 android.view.Choreographer$FrameDisplayEventReceiver.run:995
02-10 00:16:41.683  6225  6225 I ViewRootImpl@4df9562[InstrumentationActivityInvoker$EmptyActivity]: Relayout returned: old=(0,0,720,1560) new=(0,0,720,1560) req=(720,1560)0 dur=15 res=0x7 s={true 524336402432} ch=true fn=-1
02-10 00:16:41.687  3835  4018 D gralloc : [mali_gralloc_allocate] begin
02-10 00:16:41.687  3835  4018 D gralloc : buffer_descriptor: wh(720 1560) usage_pc(0x40000000000b00 0x40000000000b00) hal_format(0x1) layer_count(1) sizes(0 0 0) strde(0) byte_stride(0) alloc_wh(0 0) internal_format(0x0) alloc_format(0x0) fd_count(1) plane_count(0)
02-10 00:16:41.687  3869  3911 I Layer   : id=203359 removeFromCurrentState Surface(name=e251250 StatusBar)/@0x2cedeea - animation-leash#1 (94)
02-10 00:16:41.688  3835  4018 D gralloc : [mali_gralloc_allocate] allocation successful
02-10 00:16:41.688  3869  3911 I Layer   : id=203360 removeFromCurrentState Surface(name=c590bf6 NavigationBar0)/@0x33ffa64 - animation-leash#0 (94)
02-10 00:16:41.689  3835  4018 D gralloc : [mali_gralloc_allocate] begin
02-10 00:16:41.689  3835  4018 D gralloc : buffer_descriptor: wh(720 1560) usage_pc(0x40000000000b00 0x40000000000b00) hal_format(0x1) layer_count(1) sizes(0 0 0) strde(0) byte_stride(0) alloc_wh(0 0) internal_format(0x0) alloc_format(0x0) fd_count(1) plane_count(0)
02-10 00:16:41.690  3835  4018 D gralloc : [mali_gralloc_allocate] allocation successful
02-10 00:16:41.690  6225  6225 I ViewRootImpl@4df9562[InstrumentationActivityInvoker$EmptyActivity]: [DP] dp(1) 1 android.view.ViewRootImpl.reportNextDraw:10957 android.view.ViewRootImpl.performTraversals:3845 android.view.ViewRootImpl.doTraversal:2618
02-10 00:16:41.690  6225  6225 I ViewRootImpl@4df9562[InstrumentationActivityInvoker$EmptyActivity]: [DP] pd() Asnyc report
