02-10 00:16:43.310  3835  4018 D gralloc : buffer_descriptor: wh(720 1560) usage_pc(0x40000000000b00 0x40000000000b00) hal_format(0x1) layer_count(1) sizes(0 0 0) strde(0) byte_stride(0) alloc_wh(0 0) internal_format(0x0) alloc_format(0x0) fd_count(1) plane_count(0)
02-10 00:16:43.310  6225  6225 I ViewRootImpl@800ca53[InstrumentationActivityInvoker$EmptyActivity]: [DP] pd() Asnyc report
02-10 00:16:43.311  3835  4018 D gralloc : [mali_gralloc_allocate] allocation successful
02-10 00:16:43.312  3835  4018 D gralloc : [mali_gralloc_allocate] begin
02-10 00:16:43.312  3835  4018 D gralloc : buffer_descriptor: wh(720 1560) usage_pc(0x40000000000b00 0x40000000000b00) hal_format(0x1) layer_count(1) sizes(0 0 0) strde(0) byte_stride(0) alloc_wh(0 0) internal_format(0x0) alloc_format(0x0) fd_count(1) plane_count(0)
02-10 00:16:43.312  3835  4018 D gralloc : [mali_gralloc_allocate] allocation successful
02-10 00:16:43.319  6225  6225 I ViewRootImpl@800ca53[InstrumentationActivityInvoker$EmptyActivity]: [DP] pdf(0) 1 android.view.ViewRootImpl.lambda$performDraw$1$ViewRootImpl:4668 android.view.-$$Lambda$ViewRootImpl$DJd0VUYJgsebcnSohO6h8zc_ONI.run:6 android.os.Handler.handleCallback:938
02-10 00:16:43.319  6225  6225 I ViewRootImpl@800ca53[InstrumentationActivityInvoker$EmptyActivity]: [DP] rdf()
02-10 00:16:43.320  6225  6225 I ViewRootImpl@548e1bf[InstrumentationActivityInvoker$EmptyActivity]: MSG_WINDOW_FOCUS_CHANGED 0 1
02-10 00:16:43.324  4224  4280 D PkgPredictorService: pkg:com.example.dogglers activity:androidx.test.core.app.InstrumentationActivityInvoker$EmptyActivity thisTime:183
02-10 00:16:43.326  4224  4280 I SemDvfsHyPerManager: acquire hyper - AMS_RESUME_TAIL/4224@18, type = -999
02-10 00:16:43.326  4224  4284 I ActivityTaskManager: Displayed com.example.dogglers/androidx.test.core.app.InstrumentationActivityInvoker$EmptyActivity: +183ms
02-10 00:16:43.326  4224  4280 I SemDvfsHyPerManager: acquire hyper - AMS_ACT_LAZY/4224@19, type = -999
02-10 00:16:43.326  3846  3877 I HYPER-HAL: [RequestManager.cpp]acquire(): Acquired ID : 8999421  [4224 / 18]    HINT : AMS_RESUME_TAIL    list :
02-10 00:16:43.326  3846  3877 E HYPER-HAL: [HandlerSysfs.cpp]doResourceHandling(): Couldn't Open Sysfs - /sys/power/cstate_control
02-10 00:16:43.326  3846  3877 I HYPER-HAL: [ResourceManager.cpp]updateResource(): [CPUMinFreq] UpdateResource Request ID : 8999421    Value : 1560000
02-10 00:16:43.326  3846  3877 I HYPER-HAL: [RequestManager.cpp]acquire(): Acquired ID : 9003665  [4224 / 19]    HINT :      list :
02-10 00:16:43.327  3846  3877 E HYPER-HAL: [Request.cpp]acquire(): Request:: id : 9003665, No Resource to set
02-10 00:16:43.327  3846  3877 E HYPER-HAL: [HandlerSysfs.cpp]doResourceHandling(): Couldn't Open Sysfs - /sys/power/cstate_control
02-10 00:16:43.327  3846  3877 I HYPER-HAL: [ResourceManager.cpp]removeResource(): [CPUMinFreq] RemoveResource Request ID : 8990936
02-10 00:16:43.327  3846  3877 I HYPER-HAL: [RequestManager.cpp]releaseLocked(): Released ID : 8990936
02-10 00:16:43.330  6225  6225 I SurfaceControl: nativeRelease nativeObject s[524525186624]
02-10 00:16:43.330  6225  6225 I SurfaceControl: nativeRelease nativeObject e[524525186624]
02-10 00:16:43.331  6225  6225 I SurfaceControl: nativeRelease nativeObject s[524525186336]
02-10 00:16:43.331  6225  6225 I SurfaceControl: nativeRelease nativeObject e[524525186336]
02-10 00:16:43.331  6225  6225 I SurfaceControl: nativeRelease nativeObject s[524525186240]
02-10 00:16:43.331  6225  6225 I SurfaceControl: nativeRelease nativeObject e[524525186240]
02-10 00:16:43.331  3869  5906 I SurfaceFlinger: id=203398 Removed Surface(name=c590bf6 NavigationBar0)/@0x33ffa64 - animation-leash#1 (100)
02-10 00:16:43.331  3869  5906 I SurfaceFlinger: id=203397 Removed Surface(name=e251250 StatusBar)/@0x2cedeea - animation-leash#0 (100)
02-10 00:16:43.332  3869  3869 I Layer   : id=203397[1] Destroyed Surface(name=e251250 StatusBar)/@0x2cedeea - animation-leash#0
02-10 00:16:43.332  3869  3869 I Layer   : id=203398[1] Destroyed Surface(name=c590bf6 NavigationBar0)/@0x33ffa64 - animation-leash#1
02-10 00:16:43.334  4224  4585 I InputDispatcher: Focus entered window (6225): a9a962e in display 0 0
02-10 00:16:43.339  3869  3869 D SurfaceFlinger: Display 0 HWC layers:
02-10 00:16:43.339  3869  3869 D SurfaceFlinger:      DEVICE | 0x704564f100 | 0002 | RGBA_8888    |    0.0    0.0  720.0 1560.0 |    0    0  720 1560 | com.example.dogglers/androidx.test.c[...]ctivityInvoker$EmptyActivity$_6225#1
02-10 00:16:43.339  3869  3869 D SurfaceFlinger:      DEVICE | 0x6fc1614e40 | 0000 | RGBA_8888    |    0.0    0.0  720.0   53.0 |    0    0  720   53 | StatusBar$_28160#0
02-10 00:16:43.339  3869  3869 D SurfaceFlinger:      DEVICE | 0x704564f880 | 0000 | RGBA_8888    |    0.0    0.0   67.0  228.0 |  653  560  720  788 | com.samsung.android.app.cocktailbars[...]rservice.CocktailBarService$_30944#0
02-10 00:16:43.339  3869  3869 D SurfaceFlinger:      DEVICE | 0x6fc1613cc0 | 0000 | RGBA_8888    |    0.0    0.0  720.0   84.0 |    0 1476  720 1560 | NavigationBar0$_28160#0
02-10 00:16:43.339  3869  3869 D SurfaceFlinger:      DEVICE | 0x6fc1613e00 | 0000 | RGBA_8888    |    0.0    0.0  720.0  101.0 |    0    0  720  101 | ScreenDecorOverlay$_28160#0
02-10 00:16:43.339  3869  3869 D SurfaceFlinger:      DEVICE | 0x704564e980 | 0000 | RGBA_8888    |    0.0    0.0  720.0  101.0 |    0 1459  720 1560 | ScreenDecorOverlayBottom$_28160#0
02-10 00:16:43.339  3869  3869 D SurfaceFlinger:
02-10 00:16:43.340  4224  4842 D InputDispatcher: Focused application set to (0): 78224db
02-10 00:16:43.348  4224  4279 D PersonaActivityHelper: Activity not in resumed state, do not run immediate lock
02-10 00:16:43.351  3869  3911 E BufferQueueProducer: [com.example.dogglers/androidx.test.core.app.InstrumentationActivityInvoker$EmptyActivity$_6225#0](id:f1d0000b7e2,api:0,p:-1,c:3869) disconnect: not connected (req=1)
02-10 00:16:43.351  6225  6260 W libEGL  : EGLNativeWindowType 0x79a20de010 disconnect failed
02-10 00:16:43.354  4224  4585 V WindowManager: Relayout Window{c2e98ce u0 com.example.dogglers/androidx.test.core.app.InstrumentationActivityInvoker$EmptyActivity}: viewVisibility=8 req=720x1560
02-10 00:16:43.356  4224  4585 V WindowManager: Relayout hash=c2e98ce, pid=6225: mAttrs={(0,0)(fillxfill) sim={adjust=pan forwardNavigation} ty=BASE_APPLICATION wanim=0x1030001
02-10 00:16:43.356  4224  4585 V WindowManager:   fl=1810100
02-10 00:16:43.356  4224  4585 V WindowManager:   pfl=12020000
02-10 00:16:43.356  4224  4585 V WindowManager:   fitSides= naviIconColor=0}
02-10 00:16:43.359  6225  6225 I SurfaceControl: nativeRelease nativeObject s[524336788000]
02-10 00:16:43.359  6225  6225 I SurfaceControl: nativeRelease nativeObject e[524336788000]
02-10 00:16:43.360  6225  6225 I SurfaceControl: assignNativeObject: nativeObject = 0 Surface(name=null)/@0x46b0089 / android.view.SurfaceControl.readFromParcel:1117 android.view.IWindowSession$Stub$Proxy.relayout:1810 android.view.ViewRootImpl.relayoutWindow:9005 android.view.ViewRootImpl.performTraversals:3360 android.view.ViewRootImpl.doTraversal:2618 android.view.ViewRootImpl$TraversalRunnable.run:9971 android.view.Choreographer$CallbackRecord.run:1010 android.view.Choreographer.doCallbacks:809 android.view.Choreographer.doFrame:744 android.view.Choreographer$FrameDisplayEventReceiver.run:995
02-10 00:16:43.360  6225  6225 I SurfaceControl: assignNativeObject: nativeObject = 0 Surface(name=null)/@0xd8a808c / android.view.SurfaceControl.readFromParcel:1117 android.view.IWindowSession$Stub$Proxy.relayout:1820 android.view.ViewRootImpl.relayoutWindow:9005 android.view.ViewRootImpl.performTraversals:3360 android.view.ViewRootImpl.doTraversal:2618 android.view.ViewRootImpl$TraversalRunnable.run:9971 android.view.Choreographer$CallbackRecord.run:1010 android.view.Choreographer.doCallbacks:809 android.view.Choreographer.doFrame:744 android.view.Choreographer$FrameDisplayEventReceiver.run:995
02-10 00:16:43.361  6225  6225 I SurfaceControl: nativeRelease nativeObject s[524525185952]
02-10 00:16:43.361  6225  6225 I SurfaceControl: nativeRelease nativeObject e[524525185952]
02-10 00:16:43.362  6225  6225 I ViewRootImpl@548e1bf[InstrumentationActivityInvoker$EmptyActivity]: Relayout returned: old=(0,0,720,1560) new=(0,0,720,1560) req=(720,1560)8 dur=8 res=0x5 s={false 0} ch=true fn=2
02-10 00:16:43.364  6225  6225 I ViewRootImpl@548e1bf[InstrumentationActivityInvoker$EmptyActivity]: stopped(true) old=false
02-10 00:16:43.364  6225  6225 D LifecycleMonitor: Lifecycle status change: androidx.test.core.app.InstrumentationActivityInvoker$EmptyActivity@8c8f892 in: STOPPED
02-10 00:16:43.365  6225  6225 V ActivityScenario: Activity lifecycle changed event received but ignored because the intent does not match. startActivityIntent=Intent { act=android.intent.action.MAIN cat=[android.intent.category.LAUNCHER] cmp=com.example.dogglers/.VerticalListActivity }, activity.getIntent()=Intent { act=android.intent.action.MAIN cat=[android.intent.category.LAUNCHER] flg=0x10000000 cmp=com.example.dogglers/androidx.test.core.app.InstrumentationActivityInvoker$EmptyActivity }, activity=androidx.test.core.app.InstrumentationActivityInvoker$EmptyActivity@8c8f892
02-10 00:16:43.367  4224  4585 I InputDispatcher: Focus left window (6225): a9a962e in display 0 0
02-10 00:16:43.368  6225  6225 D LifecycleMonitor: Lifecycle status change: androidx.test.core.app.InstrumentationActivityInvoker$EmptyActivity@8c8f892 in: DESTROYED
02-10 00:16:43.368  6225  6225 V ActivityScenario: Activity lifecycle changed event received but ignored because the intent does not match. startActivityIntent=Intent { act=android.intent.action.MAIN cat=[android.intent.category.LAUNCHER] cmp=com.example.dogglers/.VerticalListActivity }, activity.getIntent()=Intent { act=android.intent.action.MAIN cat=[android.intent.category.LAUNCHER] flg=0x10000000 cmp=com.example.dogglers/androidx.test.core.app.InstrumentationActivityInvoker$EmptyActivity }, activity=androidx.test.core.app.InstrumentationActivityInvoker$EmptyActivity@8c8f892
02-10 00:16:43.370  6225  6225 I ViewRootImpl@548e1bf[InstrumentationActivityInvoker$EmptyActivity]: dispatchDetachedFromWindow
02-10 00:16:43.370  4224  4585 D InputTransport: Input channel destroyed: 'c2e98ce', fd=761
02-10 00:16:43.371  4224  4585 I SurfaceControl: nativeRelease nativeObject s[524526817824]
02-10 00:16:43.371  4224  4585 I SurfaceControl: nativeRelease nativeObject e[524526817824]
02-10 00:16:43.371  4224  4585 D WindowManager: isScreenshotDisabledLocked - win: Window{c2e98ce u0 com.example.dogglers/androidx.test.core.app.InstrumentationActivityInvoker$EmptyActivity}
02-10 00:16:43.371  4224  4585 D WindowManager: isScreenshotDisabledLocked: userId = 0, disabled =false
02-10 00:16:43.371  4224  4585 I SurfaceControl: nativeRelease nativeObject s[522306337344]
02-10 00:16:43.371  4224  4585 I SurfaceControl: nativeRelease nativeObject e[522306337344]
02-10 00:16:43.371  3869  5906 I SurfaceFlinger: id=203406 createSurf (0x0),-1 flag=24004, Surface(name=7fb2291 InputMethod)/@0xe6a7df7 - animation-leash#1
02-10 00:16:43.373  4224  4585 I SurfaceControl: nativeRelease nativeObject s[524525195168]
02-10 00:16:43.373  4224  4585 I SurfaceControl: nativeRelease nativeObject e[524525195168]
02-10 00:16:43.373  3869  5906 I Layer   : id=203396 removeFromCurrentState com.example.dogglers/androidx.test.core.app.InstrumentationActivityInvoker$EmptyActivity$_6225#0 (99)
02-10 00:16:43.373  3869  5906 I SurfaceFlinger: id=203396 Removed com.example.dogglers/androidx.test.core.app.InstrumentationActivityInvoker$EmptyActivity$_6225#0 (99)
02-10 00:16:43.375  3869  5906 I Layer   : id=203395 removeFromCurrentState c2e98ce com.example.dogglers/androidx.test.core.app.InstrumentationActivityInvoker$EmptyActivity#0 (99)
02-10 00:16:43.375  3869  5906 I Layer   : id=203401 removeFromCurrentState Surface(name=7fb2291 InputMethod)/@0xe6a7df7 - animation-leash#0 (99)
02-10 00:16:43.376  3869  5906 I SurfaceFlinger: id=203395 Removed c2e98ce com.example.dogglers/androidx.test.core.app.InstrumentationActivityInvoker$EmptyActivity#0 (99)
02-10 00:16:43.377  6225  6225 D InputTransport: Input channel destroyed: 'c2e98ce', fd=89
02-10 00:16:43.378  6225  6225 I ViewRootImpl@800ca53[InstrumentationActivityInvoker$EmptyActivity]: MSG_WINDOW_FOCUS_CHANGED 0 1
02-10 00:16:43.378  4224  4842 I SurfaceControl: nativeRelease nativeObject s[524526191648]
02-10 00:16:43.378  4224  4842 I SurfaceControl: nativeRelease nativeObject e[524526191648]
02-10 00:16:43.381  6225  6225 D LifecycleMonitor: Lifecycle status change: androidx.test.core.app.InstrumentationActivityInvoker$EmptyActivity@bd5b8b6 in: PAUSED
02-10 00:16:43.381  6225  6225 V ActivityScenario: Activity lifecycle changed event received but ignored because the intent does not match. startActivityIntent=Intent { act=android.intent.action.MAIN cat=[android.intent.category.LAUNCHER] cmp=com.example.dogglers/.VerticalListActivity }, activity.getIntent()=Intent { act=android.intent.action.MAIN cat=[android.intent.category.LAUNCHER] flg=0x10000000 cmp=com.example.dogglers/androidx.test.core.app.InstrumentationActivityInvoker$EmptyActivity }, activity=androidx.test.core.app.InstrumentationActivityInvoker$EmptyActivity@bd5b8b6
02-10 00:16:43.383  3869  3869 I Layer   : id=203395[1] Destroyed c2e98ce com.example.dogglers/androidx.test.core.app.InstrumentationActivityInvoker$EmptyActivity#0
02-10 00:16:43.383  3869  3869 I Layer   : id=203396[1] Destroyed com.example.dogglers/androidx.test.core.app.InstrumentationActivityInvoker$EmptyActivity$_6225#0
02-10 00:16:43.384  4224  4585 I SemDvfsHyPerManager: acquire hyper - AMS_APP_HOME/4224@32, type = -999
02-10 00:16:43.386  3803  3808 E statsd  : Predicate -7037417284711607308 dropping data for dimension key (10)0x2010101->11512[I] (10)0x30000->*launch*[S]
02-10 00:16:43.386  3803  3808 E statsd  : Predicate 5980654721335871649 dropping data for dimension key (10)0x2010101->11512[I] (10)0x30000->*launch*[S]
02-10 00:16:43.386  3846  3877 I HYPER-HAL: [RequestManager.cpp]acquire(): Acquired ID : 9058928  [4224 / 32]    HINT : AMS_APP_HOME    list :
02-10 00:16:43.387  3846  3877 E HYPER-HAL: [HandlerSysfs.cpp]doResourceHandling(): Couldn't Open Sysfs - /sys/power/cstate_control
02-10 00:16:43.387  3846  3877 I HYPER-HAL: [ResourceManager.cpp]updateResource(): [CPUMinFreq] UpdateResource Request ID : 9058928    Value : 1560000
02-10 00:16:43.388  6941  6941 I SemDvfsHyPerManager: acquire hyper - com.sec.android.sdhms/6941@9, type = -999
02-10 00:16:43.389  3846  3877 I HYPER-HAL: [RequestManager.cpp]acquire(): Acquired ID : 24154734  [6941 / 9]    HINT : APP_START    list :
02-10 00:16:43.389  3846  3877 E HYPER-HAL: [HandlerSysfs.cpp]doResourceHandling(): Couldn't Open Sysfs - /sys/kernel/mm/vmscan/am_app_launch
02-10 00:16:43.389  3846  3877 I HYPER-HAL: [ResourceManager.cpp]updateResource(): [CPUMaxFreq] UpdateResource Request ID : 24154734    Value : 1560000
02-10 00:16:43.390  4224  4585 V WindowOrientationListener: getProposedRotation: -1
02-10 00:16:43.390  4224  4585 V WindowOrientationListener: getProposedRotation: -1
02-10 00:16:43.391  4224  4585 V WindowOrientationListener: getProposedRotation: -1
02-10 00:16:43.396  3869  5906 I Layer   : id=203394 removeFromCurrentState ActivityRecord{fa2facc u0 com.example.dogglers/androidx.test.core.app.InstrumentationActivityInvoker$EmptyActivity t5807}#0 (97)
02-10 00:16:43.397  3869  3911 I SurfaceFlinger: id=203394 Removed ActivityRecord{fa2facc u0 com.example.dogglers/androidx.test.core.app.InstrumentationActivityInvoker$EmptyActivity t5807}#0 (97)
02-10 00:16:43.398  6225  6225 I ViewRootImpl@800ca53[InstrumentationActivityInvoker$EmptyActivity]: MSG_WINDOW_FOCUS_CHANGED 0 1
02-10 00:16:43.399  3869  3869 I Layer   : id=203394[1] Destroyed ActivityRecord{fa2facc u0 com.example.dogglers/androidx.test.core.app.InstrumentationActivityInvoker$EmptyActivity t5807}#0
02-10 00:16:43.400  6225  6252 I TestRunner: finished: vertical_scrolling(com.example.dogglers.VerticalListTests)
