02-10 00:16:44.255  3869  3869 D SurfaceFlinger:      DEVICE | 0x704564f880 | 0000 | RGBA_8888    |    0.0    0.0   67.0  228.0 |  653  560  720  788 | com.samsung.android.app.cocktailbars[...]rservice.CocktailBarService$_30944#0
02-10 00:16:44.255  3869  3869 D SurfaceFlinger:      DEVICE | 0x6fc1614f80 | 0000 | RGBA_8888    |    0.0    0.0  720.0   84.0 |    0 1476  720 1560 | NavigationBar0$_28160#0
02-10 00:16:44.255  3869  3869 D SurfaceFlinger:      DEVICE | 0x6fc1613e00 | 0000 | RGBA_8888    |    0.0    0.0  720.0  101.0 |    0    0  720  101 | ScreenDecorOverlay$_28160#0
02-10 00:16:44.255  3869  3869 D SurfaceFlinger:      DEVICE | 0x704564e980 | 0000 | RGBA_8888    |    0.0    0.0  720.0  101.0 |    0 1459  720 1560 | ScreenDecorOverlayBottom$_28160#0
02-10 00:16:44.255  3869  3869 D SurfaceFlinger:
02-10 00:16:44.332 28160 28225 D NetworkController.SecMobileSignalController(0/1): onDataActivity: direction=0
02-10 00:16:44.333 28160 28225 D MobileSignalIconsSelector: getDataIconGroup(): connected=true,enabled=true,level=4,inetCondition=1,dataIconGroup=DataIconGroup(4G),activityIn=false,activityOut=false,lastModified=02-10 00:16:44.332,dataSim=true,networkName=Ooredoo,networkNameData=Ooredoo,dataConnected=true,roaming=false,isDefault=true,isEmergency=false,airplaneMode=false,carrierNetworkChangeMode=false,userSetup=true,defaultDataOff=false,cdmaEriIconIndex=-1,cdmaEriIconMode=-1,callState=0,voWifiConnected=false,shouldShowDisabledDataIcon=false,bluetoothTethered=false,isLTEFemtoCell=false,cardOperator=OTHERS,optionalRadioTech=0,isCAIndicator=false,isLimitedStateForCTCSlaveVoLTE=false,isSWRoaming=false,isMobileDataSettingEnabled=false,nwBoosterRilEnabled=false,nwBoosterSettingEnabled=false,emergencyModeActivated=false,ismmW5G=false,slotId=0,simState=null, iconSet = [I@82713d7
02-10 00:16:44.333 28160 28160 D StatusbarSignalPolicy: setMobileDataIndicators state = MobileIconState(subId=1, strengthId=2131233571, roaming=false, typeId=2131233363, visible=true, activityId=2131233447, roamingId=0, slotId=0)
02-10 00:16:44.397  6225  6225 I ViewInteraction: Checking 'MatchesViewAssertion{viewMatcher=(view has effective visibility <VISIBLE> and view.getGlobalVisibleRect() to return non-empty rectangle)}' assertion on view has drawable resource 2131165345
02-10 00:16:44.399  4224  6873 D SamsungIMMSHWKeyboard: isConnectedDexOnPC false
02-10 00:16:44.399  4224  6873 D InputMethodManagerService: isImeSwitcherDisabledPackage : false
02-10 00:16:44.400  6225  6225 I SurfaceControl: nativeRelease nativeObject s[524525186528]
02-10 00:16:44.400  6225  6225 I SurfaceControl: nativeRelease nativeObject e[524525186528]
02-10 00:16:44.400  6225  6225 I SurfaceControl: nativeRelease nativeObject s[524525186048]
02-10 00:16:44.400  6225  6225 I SurfaceControl: nativeRelease nativeObject e[524525186048]
02-10 00:16:44.411  4224  6873 I SemDvfsHyPerManager: acquire hyper - AMS_ACT_START/4224@16, type = -999
02-10 00:16:44.411  3846  3877 I HYPER-HAL: [RequestManager.cpp]acquire(): Acquired ID : 8990936  [4224 / 16]    HINT : AMS_ACT_START    list :
02-10 00:16:44.412  3846  3877 E HYPER-HAL: [HandlerSysfs.cpp]doResourceHandling(): Couldn't Open Sysfs - /sys/power/cstate_control
02-10 00:16:44.412  3846  3877 I HYPER-HAL: [ResourceManager.cpp]updateResource(): [CPUMinFreq] UpdateResource Request ID : 8990936    Value : 1560000
02-10 00:16:44.412  3869  5906 I SurfaceFlinger: id=203428 createSurf (0x0),-1 flag=80004, ActivityRecord{238f131 u0 com.example.dogglers/androidx.test.core.app.InstrumentationActivityInvoker$EmptyActivity t5808}#0
02-10 00:16:44.416  3803  3808 E statsd  : Predicate -7037417284711607308 dropping data for dimension key (10)0x2010101->11512[I] (10)0x30000->*launch*[S]
02-10 00:16:44.417  3803  3808 E statsd  : Predicate 5980654721335871649 dropping data for dimension key (10)0x2010101->11512[I] (10)0x30000->*launch*[S]
02-10 00:16:44.424  6225  6225 D LifecycleMonitor: Lifecycle status change: com.example.dogglers.VerticalListActivity@f034f54 in: PAUSED
02-10 00:16:44.424  6225  6225 V ActivityScenario: Update currentActivityStage to PAUSED, currentActivity=com.example.dogglers.VerticalListActivity@f034f54
02-10 00:16:44.428  4224  4585 V WindowOrientationListener: getProposedRotation: -1
02-10 00:16:44.428  4224  4585 V WindowOrientationListener: getProposedRotation: -1
02-10 00:16:44.429  4224  4585 V WindowOrientationListener: getProposedRotation: -1
02-10 00:16:44.431  4224  4585 D InputDispatcher: Focused application set to (0): 238f131
02-10 00:16:44.441  4224  4279 I SemPersonaManager: SecureFolder personaId = 150
02-10 00:16:44.446  6225  6225 D LifecycleMonitor: Lifecycle status change: androidx.test.core.app.InstrumentationActivityInvoker$EmptyActivity@54542b0 in: PRE_ON_CREATE
02-10 00:16:44.447  6225  6225 V ActivityScenario: Activity lifecycle changed event received but ignored because the intent does not match. startActivityIntent=Intent { act=android.intent.action.MAIN cat=[android.intent.category.LAUNCHER] cmp=com.example.dogglers/.VerticalListActivity }, activity.getIntent()=Intent { act=android.intent.action.MAIN cat=[android.intent.category.LAUNCHER] flg=0x10000000 cmp=com.example.dogglers/androidx.test.core.app.InstrumentationActivityInvoker$EmptyActivity }, activity=androidx.test.core.app.InstrumentationActivityInvoker$EmptyActivity@54542b0
02-10 00:16:44.466  4224  4842 I InputDispatcher: Focus left window (6225): d8e1042 in display 0 0
02-10 00:16:44.492  4224  4279 D EnterpriseDeviceManagerService: isMdmAdminPresentInternal() : MDM Admin Found - com.samsung.knox.securefolder
02-10 00:16:44.504  6225  6225 I DecorView: [INFO] isPopOver=false, config=true
02-10 00:16:44.504  6225  6225 I DecorView: updateCaptionType >> DecorView@ac250ae[], isFloating=false, isApplication=true, hasWindowDecorCaption=false, hasWindowControllerCallback=true
02-10 00:16:44.504  6225  6225 D DecorView: setCaptionType = 0, this = DecorView@ac250ae[]
02-10 00:16:44.510  6225  6225 D LifecycleMonitor: Lifecycle status change: androidx.test.core.app.InstrumentationActivityInvoker$EmptyActivity@54542b0 in: CREATED
02-10 00:16:44.511  6225  6225 V ActivityScenario: Activity lifecycle changed event received but ignored because the intent does not match. startActivityIntent=Intent { act=android.intent.action.MAIN cat=[android.intent.category.LAUNCHER] cmp=com.example.dogglers/.VerticalListActivity }, activity.getIntent()=Intent { act=android.intent.action.MAIN cat=[android.intent.category.LAUNCHER] flg=0x10000000 cmp=com.example.dogglers/androidx.test.core.app.InstrumentationActivityInvoker$EmptyActivity }, activity=androidx.test.core.app.InstrumentationActivityInvoker$EmptyActivity@54542b0
02-10 00:16:44.514  6225  6225 D LifecycleMonitor: Lifecycle status change: androidx.test.core.app.InstrumentationActivityInvoker$EmptyActivity@54542b0 in: STARTED
02-10 00:16:44.515  6225  6225 V ActivityScenario: Activity lifecycle changed event received but ignored because the intent does not match. startActivityIntent=Intent { act=android.intent.action.MAIN cat=[android.intent.category.LAUNCHER] cmp=com.example.dogglers/.VerticalListActivity }, activity.getIntent()=Intent { act=android.intent.action.MAIN cat=[android.intent.category.LAUNCHER] flg=0x10000000 cmp=com.example.dogglers/androidx.test.core.app.InstrumentationActivityInvoker$EmptyActivity }, activity=androidx.test.core.app.InstrumentationActivityInvoker$EmptyActivity@54542b0
02-10 00:16:44.518  6225  6225 D LifecycleMonitor: Lifecycle status change: androidx.test.core.app.InstrumentationActivityInvoker$EmptyActivity@54542b0 in: RESUMED
02-10 00:16:44.519  6225  6225 V ActivityScenario: Activity lifecycle changed event received but ignored because the intent does not match. startActivityIntent=Intent { act=android.intent.action.MAIN cat=[android.intent.category.LAUNCHER] cmp=com.example.dogglers/.VerticalListActivity }, activity.getIntent()=Intent { act=android.intent.action.MAIN cat=[android.intent.category.LAUNCHER] flg=0x10000000 cmp=com.example.dogglers/androidx.test.core.app.InstrumentationActivityInvoker$EmptyActivity }, activity=androidx.test.core.app.InstrumentationActivityInvoker$EmptyActivity@54542b0
02-10 00:16:44.525  4224  4375 D InputTransport: Input channel constructed: '4255908', fd=628
02-10 00:16:44.525  4224  4375 D InputTransport: Input channel constructed: '4255908', fd=645
02-10 00:16:44.527  3869  5906 I SurfaceFlinger: id=203429 createSurf (0x0),-1 flag=80004, 4255908 com.example.dogglers/androidx.test.core.app.InstrumentationActivityInvoker$EmptyActivity#0
02-10 00:16:44.528  4224  4375 D WindowManager: isScreenshotDisabledLocked - win: Window{4255908 u0 com.example.dogglers/androidx.test.core.app.InstrumentationActivityInvoker$EmptyActivity}
02-10 00:16:44.528  4224  4375 D WindowManager: isScreenshotDisabledLocked: userId = 0, disabled =false
02-10 00:16:44.528  4224  4375 D InputTransport: Input channel destroyed: '4255908', fd=645
02-10 00:16:44.529  6225  6225 D InputTransport: Input channel constructed: '4255908', fd=86
02-10 00:16:44.531  6225  6225 I ViewRootImpl@a9cfae5[InstrumentationActivityInvoker$EmptyActivity]: setView = com.android.internal.policy.DecorView@ac250ae TM=true
02-10 00:16:44.537 28160 28160 D KeyguardUpdateMonitor: updateBiometricListeningState()
02-10 00:16:44.537 28160 28160 D KeyguardFingerPrint: shouldListenForFingerprint ( isFingerprintEnabled = false , mKeyguardIsVisible = false , mDeviceInteractive = true , mBouncer = false , mGoingToSleep = false , mSwitchingUser = false , mKeyguardUnlocking = true , mKeyguardGoingAway = true , mKeyguardShowing = false , mKeyguardOccluded = false , mSystemReady = true , mHasFocus = false
02-10 00:16:44.537 28160 28160 D KeyguardFingerPrint: updateFingerprintListeningState#mFingerprintRunningState=0 shouldListenForFingerprint=false
02-10 00:16:44.538 28160 28160 D KeyguardFace: shouldListenForFace ( isFaceDefaultCondition = false , mKeyguardIsVisible = false , mDeviceInteractive = true , mBouncer = false , mSwitchingUser = false , mGoingToSleep = false , mKeyguardGoingAway = true , mKeyguardUnlocking = true , mIsPickedUp = false , mIsEarlyWakeUp = false , mIsScreenSaverRunning = false , mSystemReady = true)
02-10 00:16:44.538 28160 28160 D KeyguardFace: shouldListenForFace ( return false, Face is not default condition)
02-10 00:16:44.538 28160 28160 D KeyguardFace: Can't stop stopListeningForFace(), mFaceRunningState = 0
02-10 00:16:44.543  4224  4375 V WindowManager: Relayout Window{4255908 u0 com.example.dogglers/androidx.test.core.app.InstrumentationActivityInvoker$EmptyActivity}: viewVisibility=0 req=720x1560
02-10 00:16:44.546  4224  4375 D WindowManager: isScreenshotDisabledLocked - win: Window{4255908 u0 com.example.dogglers/androidx.test.core.app.InstrumentationActivityInvoker$EmptyActivity}
02-10 00:16:44.546  4224  4375 D WindowManager: isScreenshotDisabledLocked: userId = 0, disabled =false
02-10 00:16:44.546  4001  4494 I bauth_FPBAuthService: pcf : 0x1012, 0 ,2 ,0 ,0 ,0 ,2, 5.1.0.6
02-10 00:16:44.546  3869  5127 I SurfaceFlinger: id=203430 createSurf (720x1560),1 flag=404, com.example.dogglers/androidx.test.core.app.InstrumentationActivityInvoker$EmptyActivity$_6225#0
02-10 00:16:44.546  4001  4494 I bauth_FPBAuthService: thread id : 2, preenroll_flag : 0, nd cnt : 1, cso : 1, et : 0
02-10 00:16:44.546  4001  4494 I bauth_FPBAuthService: FPBAuthService, 11593
02-10 00:16:44.549  4224  4375 I SurfaceControl: nativeRelease nativeObject s[522306337248]
02-10 00:16:44.549  4224  4375 I SurfaceControl: nativeRelease nativeObject e[522306337248]
02-10 00:16:44.549 30944 30944 I TrayStateController: systemUiVisibilityChanged : 0 0
02-10 00:16:44.549  3869  4404 I SurfaceFlinger: id=203431 createSurf (0x0),-1 flag=24000, Surface(name=e251250 StatusBar)/@0x2cedeea - animation-leash#1
02-10 00:16:44.550  4224  4375 I SurfaceControl: nativeRelease nativeObject s[522304757056]
02-10 00:16:44.550  4224  4375 I SurfaceControl: nativeRelease nativeObject e[522304757056]
02-10 00:16:44.551  3869  5127 I SurfaceFlinger: id=203432 createSurf (0x0),-1 flag=24000, Surface(name=c590bf6 NavigationBar0)/@0x33ffa64 - animation-leash#0
02-10 00:16:44.553  4224  4375 V WindowManager: Relayout hash=4255908, pid=6225: mAttrs={(0,0)(fillxfill) sim={adjust=pan forwardNavigation} ty=BASE_APPLICATION wanim=0x1030001
02-10 00:16:44.553  4224  4375 V WindowManager:   fl=1810100
02-10 00:16:44.553  4224  4375 V WindowManager:   pfl=12020000
02-10 00:16:44.553  4224  4375 V WindowManager:   fitSides= naviIconColor=0}
02-10 00:16:44.553  4224  4375 I SurfaceControl: nativeRelease nativeObject s[522491580096]
02-10 00:16:44.553  4224  4375 I SurfaceControl: nativeRelease nativeObject e[522491580096]
02-10 00:16:44.556  3869  5127 I Layer   : id=203424 removeFromCurrentState Surface(name=e251250 StatusBar)/@0x2cedeea - animation-leash#0 (93)
02-10 00:16:44.556  3869  5127 I Layer   : id=203425 removeFromCurrentState Surface(name=c590bf6 NavigationBar0)/@0x33ffa64 - animation-leash#1 (93)
02-10 00:16:44.556  6225  6225 I SurfaceControl: assignNativeObject: nativeObject = 0 Surface(name=null)/@0xb66c9ba / android.view.SurfaceControl.readFromParcel:1117 android.view.IWindowSession$Stub$Proxy.relayout:1820 android.view.ViewRootImpl.relayoutWindow:9005 android.view.ViewRootImpl.performTraversals:3360 android.view.ViewRootImpl.doTraversal:2618 android.view.ViewRootImpl$TraversalRunnable.run:9971 android.view.Choreographer$CallbackRecord.run:1010 android.view.Choreographer.doCallbacks:809 android.view.Choreographer.doFrame:744 android.view.Choreographer$FrameDisplayEventReceiver.run:995
02-10 00:16:44.558  6225  6225 I ViewRootImpl@a9cfae5[InstrumentationActivityInvoker$EmptyActivity]: Relayout returned: old=(0,0,720,1560) new=(0,0,720,1560) req=(720,1560)0 dur=14 res=0x7 s={true 524336386048} ch=true fn=-1
02-10 00:16:44.562  3835  4018 D gralloc : [mali_gralloc_allocate] begin
02-10 00:16:44.562  3835  4018 D gralloc : buffer_descriptor: wh(720 1560) usage_pc(0x40000000000b00 0x40000000000b00) hal_format(0x1) layer_count(1) sizes(0 0 0) strde(0) byte_stride(0) alloc_wh(0 0) internal_format(0x0) alloc_format(0x0) fd_count(1) plane_count(0)
02-10 00:16:44.563  3835  4018 D gralloc : [mali_gralloc_allocate] allocation successful
02-10 00:16:44.563  6225  6225 I ViewRootImpl@a9cfae5[InstrumentationActivityInvoker$EmptyActivity]: [DP] dp(1) 1 android.view.ViewRootImpl.reportNextDraw:10957 android.view.ViewRootImpl.performTraversals:3845 android.view.ViewRootImpl.doTraversal:2618
02-10 00:16:44.563  6225  6225 I ViewRootImpl@a9cfae5[InstrumentationActivityInvoker$EmptyActivity]: [DP] pd() Asnyc report
02-10 00:16:44.563  3835  4018 D gralloc : [mali_gralloc_allocate] begin
02-10 00:16:44.563  3835  4018 D gralloc : buffer_descriptor: wh(720 1560) usage_pc(0x40000000000b00 0x40000000000b00) hal_format(0x1) layer_count(1) sizes(0 0 0) strde(0) byte_stride(0) alloc_wh(0 0) internal_format(0x0) alloc_format(0x0) fd_count(1) plane_count(0)
02-10 00:16:44.565  3835  4018 D gralloc : [mali_gralloc_allocate] allocation successful
02-10 00:16:44.566  3835  4018 D gralloc : [mali_gralloc_allocate] begin
02-10 00:16:44.566  3835  4018 D gralloc : buffer_descriptor: wh(720 1560) usage_pc(0x40000000000b00 0x40000000000b00) hal_format(0x1) layer_count(1) sizes(0 0 0) strde(0) byte_stride(0) alloc_wh(0 0) internal_format(0x0) alloc_format(0x0) fd_count(1) plane_count(0)
02-10 00:16:44.568  3835  4018 D gralloc : [mali_gralloc_allocate] allocation successful
02-10 00:16:44.572  6225  6225 I ViewRootImpl@a9cfae5[InstrumentationActivityInvoker$EmptyActivity]: [DP] pdf(0) 1 android.view.ViewRootImpl.lambda$performDraw$1$ViewRootImpl:4668 android.view.-$$Lambda$ViewRootImpl$DJd0VUYJgsebcnSohO6h8zc_ONI.run:6 android.os.Handler.handleCallback:938
02-10 00:16:44.572  6225  6225 I ViewRootImpl@a9cfae5[InstrumentationActivityInvoker$EmptyActivity]: [DP] rdf()
02-10 00:16:44.573  6225  6225 I ViewRootImpl@adec308[VerticalListActivity]: MSG_WINDOW_FOCUS_CHANGED 0 1
02-10 00:16:44.576  4224  4280 D PkgPredictorService: pkg:com.example.dogglers activity:androidx.test.core.app.InstrumentationActivityInvoker$EmptyActivity thisTime:166
02-10 00:16:44.578  4224  4280 I SemDvfsHyPerManager: acquire hyper - AMS_RESUME_TAIL/4224@18, type = -999
02-10 00:16:44.578  4224  4284 I ActivityTaskManager: Displayed com.example.dogglers/androidx.test.core.app.InstrumentationActivityInvoker$EmptyActivity: +166ms
02-10 00:16:44.578  4224  4280 I SemDvfsHyPerManager: acquire hyper - AMS_ACT_LAZY/4224@19, type = -999
02-10 00:16:44.578  3846  3877 I HYPER-HAL: [RequestManager.cpp]acquire(): Acquired ID : 8999421  [4224 / 18]    HINT : AMS_RESUME_TAIL    list :
02-10 00:16:44.578  3846  3877 E HYPER-HAL: [HandlerSysfs.cpp]doResourceHandling(): Couldn't Open Sysfs - /sys/power/cstate_control
02-10 00:16:44.578  3846  3877 I HYPER-HAL: [ResourceManager.cpp]updateResource(): [CPUMinFreq] UpdateResource Request ID : 8999421    Value : 1560000
02-10 00:16:44.578  3846  3877 I HYPER-HAL: [RequestManager.cpp]acquire(): Acquired ID : 9003665  [4224 / 19]    HINT :      list :
02-10 00:16:44.579  3846  3877 E HYPER-HAL: [Request.cpp]acquire(): Request:: id : 9003665, No Resource to set
02-10 00:16:44.579  3846  3877 E HYPER-HAL: [HandlerSysfs.cpp]doResourceHandling(): Couldn't Open Sysfs - /sys/power/cstate_control
02-10 00:16:44.579  3846  3877 I HYPER-HAL: [ResourceManager.cpp]removeResource(): [CPUMinFreq] RemoveResource Request ID : 8990936
02-10 00:16:44.580  3846  3877 I HYPER-HAL: [RequestManager.cpp]releaseLocked(): Released ID : 8990936
02-10 00:16:44.580  3869  3869 I SurfaceFlinger: SFWD update time=810139229815466
02-10 00:16:44.583  4224  6873 I InputDispatcher: Focus entered window (6225): 4255908 in display 0 0
02-10 00:16:44.585  6225  6225 I SurfaceControl: nativeRelease nativeObject s[524525187776]
02-10 00:16:44.585  6225  6225 I SurfaceControl: nativeRelease nativeObject e[524525187776]
02-10 00:16:44.585  6225  6225 I SurfaceControl: nativeRelease nativeObject s[524525187680]
02-10 00:16:44.585  6225  6225 I SurfaceControl: nativeRelease nativeObject e[524525187680]
02-10 00:16:44.585  6225  6225 I SurfaceControl: nativeRelease nativeObject s[524525186720]
02-10 00:16:44.585  6225  6225 I SurfaceControl: nativeRelease nativeObject e[524525186720]
02-10 00:16:44.585  3869  5127 I SurfaceFlinger: id=203425 Removed Surface(name=c590bf6 NavigationBar0)/@0x33ffa64 - animation-leash#1 (93)
02-10 00:16:44.585  3869  5906 I SurfaceFlinger: id=203424 Removed Surface(name=e251250 StatusBar)/@0x2cedeea - animation-leash#0 (93)
02-10 00:16:44.589  3869  3869 D SurfaceFlinger: Display 0 HWC layers:
02-10 00:16:44.589  3869  3869 D SurfaceFlinger:      DEVICE | 0x704564f740 | 0002 | RGBA_8888    |    0.0    0.0  720.0 1560.0 |    0    0  720 1560 | com.example.dogglers/androidx.test.c[...]ctivityInvoker$EmptyActivity$_6225#0
02-10 00:16:44.589  3869  3869 D SurfaceFlinger:      DEVICE | 0x704564f240 | 0000 | RGBA_8888    |    0.0    0.0  720.0   53.0 |    0    0  720   53 | StatusBar$_28160#0
02-10 00:16:44.589  3869  3869 D SurfaceFlinger:      DEVICE | 0x704564f880 | 0000 | RGBA_8888    |    0.0    0.0   67.0  228.0 |  653  560  720  788 | com.samsung.android.app.cocktailbars[...]rservice.CocktailBarService$_30944#0
02-10 00:16:44.589  3869  3869 D SurfaceFlinger:      DEVICE | 0x6fc1614f80 | 0000 | RGBA_8888    |    0.0    0.0  720.0   84.0 |    0 1476  720 1560 | NavigationBar0$_28160#0
02-10 00:16:44.589  3869  3869 D SurfaceFlinger:      DEVICE | 0x6fc1613e00 | 0000 | RGBA_8888    |    0.0    0.0  720.0  101.0 |    0    0  720  101 | ScreenDecorOverlay$_28160#0
02-10 00:16:44.589  3869  3869 D SurfaceFlinger:      DEVICE | 0x704564e980 | 0000 | RGBA_8888    |    0.0    0.0  720.0  101.0 |    0 1459  720 1560 | ScreenDecorOverlayBottom$_28160#0
02-10 00:16:44.589  3869  3869 D SurfaceFlinger:
02-10 00:16:44.592  6225  6225 I ViewRootImpl@adec308[VerticalListActivity]: stopped(true) old=false
02-10 00:16:44.594  6225  6225 I SurfaceControl: nativeRelease nativeObject s[524336787616]
02-10 00:16:44.594  6225  6225 I SurfaceControl: nativeRelease nativeObject e[524336787616]
02-10 00:16:44.595  6225  6225 D LifecycleMonitor: Lifecycle status change: com.example.dogglers.VerticalListActivity@f034f54 in: STOPPED
02-10 00:16:44.595  6225  6225 V ActivityScenario: Update currentActivityStage to STOPPED, currentActivity=com.example.dogglers.VerticalListActivity@f034f54
02-10 00:16:44.598  3869  3869 I Layer   : id=203424[1] Destroyed Surface(name=e251250 StatusBar)/@0x2cedeea - animation-leash#0
02-10 00:16:44.599  3869  3869 I Layer   : id=203425[1] Destroyed Surface(name=c590bf6 NavigationBar0)/@0x33ffa64 - animation-leash#1
02-10 00:16:44.600  6225  6225 D LifecycleMonitor: Lifecycle status change: com.example.dogglers.VerticalListActivity@f034f54 in: DESTROYED
02-10 00:16:44.600  6225  6225 V ActivityScenario: Update currentActivityStage to DESTROYED, currentActivity=null
02-10 00:16:44.602  4224  4585 I SemDvfsHyPerManager: acquire hyper - AMS_ACT_START/4224@16, type = -999
02-10 00:16:44.603  3846  3877 I HYPER-HAL: [RequestManager.cpp]acquire(): Acquired ID : 8990936  [4224 / 16]    HINT : AMS_ACT_START    list :
02-10 00:16:44.603  3846  3877 E HYPER-HAL: [HandlerSysfs.cpp]doResourceHandling(): Couldn't Open Sysfs - /sys/power/cstate_control
02-10 00:16:44.603  3846  3877 I HYPER-HAL: [ResourceManager.cpp]updateResource(): [CPUMinFreq] UpdateResource Request ID : 8990936    Value : 1560000
02-10 00:16:44.604  3869  4404 I SurfaceFlinger: id=203433 createSurf (0x0),-1 flag=80004, ActivityRecord{4680c9e u0 com.example.dogglers/androidx.test.core.app.InstrumentationActivityInvoker$EmptyActivity t5808}#0
02-10 00:16:44.607  3869  4404 E BufferQueueProducer: [com.example.dogglers/com.example.dogglers.VerticalListActivity$_6225#0](id:f1d0000b7e6,api:0,p:-1,c:3869) disconnect: not connected (req=1)
02-10 00:16:44.607  6225  6260 W libEGL  : EGLNativeWindowType 0x79a20e0010 disconnect failed
02-10 00:16:44.607  6225  6225 I ViewRootImpl@adec308[VerticalListActivity]: dispatchDetachedFromWindow
02-10 00:16:44.613  4224  4375 D InputTransport: Input channel destroyed: 'd8e1042', fd=647
02-10 00:16:44.614  4224  4375 I SurfaceControl: nativeRelease nativeObject s[524525195168]
02-10 00:16:44.614  4224  4375 I SurfaceControl: nativeRelease nativeObject e[524525195168]
02-10 00:16:44.614  4224  4375 D WindowManager: isScreenshotDisabledLocked - win: Window{d8e1042 u0 com.example.dogglers/com.example.dogglers.VerticalListActivity}
02-10 00:16:44.614  4224  4375 D WindowManager: isScreenshotDisabledLocked: userId = 0, disabled =false
02-10 00:16:44.614  4224  4375 I SurfaceControl: nativeRelease nativeObject s[522304756960]
02-10 00:16:44.614  4224  4375 I SurfaceControl: nativeRelease nativeObject e[522304756960]
02-10 00:16:44.615  3869  4404 I SurfaceFlinger: id=203434 createSurf (0x0),-1 flag=24004, Surface(name=7fb2291 InputMethod)/@0xe6a7df7 - animation-leash#0
02-10 00:16:44.616  4224  4375 I SurfaceControl: nativeRelease nativeObject s[524525188832]
02-10 00:16:44.616  4224  4375 I SurfaceControl: nativeRelease nativeObject e[524525188832]
02-10 00:16:44.617  3869  4404 I Layer   : id=203423 removeFromCurrentState com.example.dogglers/com.example.dogglers.VerticalListActivity$_6225#0 (93)
02-10 00:16:44.620  3869  4404 I Layer   : id=203422 removeFromCurrentState d8e1042 com.example.dogglers/com.example.dogglers.VerticalListActivity#0 (93)
02-10 00:16:44.621  3869  4404 I Layer   : id=203427 removeFromCurrentState Surface(name=7fb2291 InputMethod)/@0xe6a7df7 - animation-leash#1 (93)
02-10 00:16:44.621  3869  5906 I SurfaceFlinger: id=203423 Removed com.example.dogglers/com.example.dogglers.VerticalListActivity$_6225#0 (93)
02-10 00:16:44.621  3869  5906 I SurfaceFlinger: id=203422 Removed d8e1042 com.example.dogglers/com.example.dogglers.VerticalListActivity#0 (93)
02-10 00:16:44.622  6225  6225 D InputTransport: Input channel destroyed: 'd8e1042', fd=80
02-10 00:16:44.625  4224  6873 I SurfaceControl: nativeRelease nativeObject s[522491109184]
02-10 00:16:44.625  4224  6873 I SurfaceControl: nativeRelease nativeObject e[522491109184]
02-10 00:16:44.631  6225  6225 I ViewRootImpl@a9cfae5[InstrumentationActivityInvoker$EmptyActivity]: MSG_WINDOW_FOCUS_CHANGED 1 1
02-10 00:16:44.632  6225  6225 D InputMethodManager: prepareNavigationBarInfo() DecorView@ac250ae[InstrumentationActivityInvoker$EmptyActivity]
02-10 00:16:44.632  6225  6225 D InputMethodManager: getNavigationBarColor() -16711423
02-10 00:16:44.632  3869  3869 I Layer   : id=203422[1] Destroyed d8e1042 com.example.dogglers/com.example.dogglers.VerticalListActivity#0
02-10 00:16:44.632  3869  3869 I Layer   : id=203423[1] Destroyed com.example.dogglers/com.example.dogglers.VerticalListActivity$_6225#0
02-10 00:16:44.632  6225  6225 D InputMethodManager: prepareNavigationBarInfo() DecorView@ac250ae[InstrumentationActivityInvoker$EmptyActivity]
02-10 00:16:44.632  6225  6225 D InputMethodManager: getNavigationBarColor() -16711423
02-10 00:16:44.632  6225  6225 V InputMethodManager: Starting input: tba=com.example.dogglers ic=null mNaviBarColor -16711423 mIsGetNaviBarColorSuccess true , NavVisible : true , NavTrans : false
02-10 00:16:44.633  6225  6225 D InputMethodManager: startInputInner - Id : 0
02-10 00:16:44.633  6225  6225 I InputMethodManager: startInputInner - mService.startInputOrWindowGainedFocus
02-10 00:16:44.634  4224  4842 D InputMethodManagerService: mSecureKeypadEnabled = false
02-10 00:16:44.634  4224  4842 V InputMethodManagerService: hideCurrentInputLocked : shouldHideSoftInput is false
02-10 00:16:44.634  4224  4842 D InputMethodManagerService: mDesktopModeManager null!
02-10 00:16:44.634  4224  4842 V InputMethodManagerService: getDisplayIdOfInputMethodWindowToBeAdded : 0
02-10 00:16:44.635  4224  4842 D InputMethodManagerService: checkDisplayOfStartInputAndUpdateKeyboard display Id 0last 0
02-10 00:16:44.635  4224  4842 D InputTransport: Input channel constructed: 'ClientS', fd=645
02-10 00:16:44.635  4224  4842 D InputTransport: Input channel destroyed: 'ClientS', fd=645
02-10 00:16:44.635  6225  6225 D InputTransport: Input channel constructed: 'ClientS', fd=80
02-10 00:16:44.635  3869  4404 I Layer   : id=203419 removeFromCurrentState ActivityRecord{249412e u0 com.example.dogglers/.VerticalListActivity t5808}#0 (91)
02-10 00:16:44.635  6225  6225 D InputTransport: Input channel destroyed: 'ClientS', fd=89
02-10 00:16:44.636  3869  4404 I SurfaceFlinger: id=203419 Removed ActivityRecord{249412e u0 com.example.dogglers/.VerticalListActivity t5808}#0 (91)
02-10 00:16:44.637  6225  6225 D LifecycleMonitor: Lifecycle status change: androidx.test.core.app.InstrumentationActivityInvoker$EmptyActivity@54542b0 in: PAUSED
02-10 00:16:44.638  4224  4842 I SurfaceControl: nativeRelease nativeObject s[522491583648]
02-10 00:16:44.638  4224  4842 I SurfaceControl: nativeRelease nativeObject e[522491583648]
02-10 00:16:44.638  6225  6225 V ActivityScenario: Activity lifecycle changed event received but ignored because the intent does not match. startActivityIntent=Intent { act=android.intent.action.MAIN cat=[android.intent.category.LAUNCHER] cmp=com.example.dogglers/.VerticalListActivity }, activity.getIntent()=Intent { act=android.intent.action.MAIN cat=[android.intent.category.LAUNCHER] flg=0x10000000 cmp=com.example.dogglers/androidx.test.core.app.InstrumentationActivityInvoker$EmptyActivity }, activity=androidx.test.core.app.InstrumentationActivityInvoker$EmptyActivity@54542b0
02-10 00:16:44.638  3869  5127 I SurfaceFlinger: id=203435 createSurf (0x0),-1 flag=24004, Surface(name=7fb2291 InputMethod)/@0xe6a7df7 - animation-leash#1
02-10 00:16:44.639  8265  8265 I HBD     : HoneyBoardService onFinishInput
02-10 00:16:44.640  8265  8265 I HBD     : a IC have been unbinded,  InputConnectionWrapper{idHash=#37057ae mMissingMethods=}
02-10 00:16:44.640  8265  8265 I HBD     : HoneyBoardService [PF_CL][onFinishInput]  532077 ns
02-10 00:16:44.641  8265  8265 I HBD     : HoneyBoardService [IMI] onStartInput - caller pid : 6225 , caller uid : 11512
02-10 00:16:44.641  8265  8265 I HBD     : i updateConfigs
02-10 00:16:44.641  8265  8265 I HBD     : i isEnabledNightMode : true
02-10 00:16:44.641  8265  8265 I HBD     : a IC have been binded, InputConnectionWrapper{idHash=#37057ae mMissingMethods=}
02-10 00:16:44.641  8265  8265 I HBD     : h [EditorInputType]setPrivateImeOptionsToTable privateImeOptions ( null )
02-10 00:16:44.641  4224  6873 V WindowOrientationListener: getProposedRotation: -1
02-10 00:16:44.641  8265  8265 I HBD     : b incognitoMode : false
02-10 00:16:44.641  8265  8265 I HBD     : a needOff = true , isForceOff = false, isNullInputClass : true
02-10 00:16:44.641  4224  6873 V WindowOrientationListener: getProposedRotation: -1
02-10 00:16:44.642  8265  8265 I HBD     : h getDefaultInputRange : UNKNOWN
02-10 00:16:44.642  8265  8265 I HBD     : h getDefaultInputRange : UNKNOWN
02-10 00:16:44.642  8265  8265 I HBD     : h getDefaultInputRange : UNKNOWN
02-10 00:16:44.642  4224  6873 V WindowOrientationListener: getProposedRotation: -1
02-10 00:16:44.643  4224  4842 D SdpManagerService: Not an enterprise user : 0
02-10 00:16:44.643  4224  4842 D SdpManagerService: Not an enterprise user : 0
02-10 00:16:44.644  8265  8265 I HBD     : h getDefaultInputRange : UNKNOWN
02-10 00:16:44.644  8265  8265 I HBD     : a currentState : 0
02-10 00:16:44.644  4224  6873 D InputDispatcher: Focused application set to (0): 4680c9e
02-10 00:16:44.645  8265  8265 I HBD     : h load selected json info : {"version":"1.0","currentLanguageOrder":0,"selected":[{"activeOptionList":["auto_replace","auto_spacing"],"engName":"English","id":65538,"inputType":"qwerty","isUsed":true},{"activeOptionList":["auto_replace","auto_spacing"],"engName":"Arabic","id":5308416,"inputType":"qwerty","isUsed":true}]}
02-10 00:16:44.646  8265  8265 I HBD     : a [UpdatePolicy] [post] a: 0 cl: 65538 kit: [0/0] vt: 0 ir: 1
02-10 00:16:44.647  8265  8265 I HBD     : HoneyBoardService [PF_OP][onStartInput]  6309693 ns
02-10 00:16:44.648  3869  3869 I Layer   : id=203419[1] Destroyed ActivityRecord{249412e u0 com.example.dogglers/.VerticalListActivity t5808}#0
02-10 00:16:44.650  3869  5127 I Layer   : id=203434 removeFromCurrentState Surface(name=7fb2291 InputMethod)/@0xe6a7df7 - animation-leash#0 (91)
02-10 00:16:44.656  6225  6225 D LifecycleMonitor: Lifecycle status change: androidx.test.core.app.InstrumentationActivityInvoker$BootstrapActivity@7fa1c45 in: DESTROYED
02-10 00:16:44.656  6225  6225 V ActivityScenario: Activity lifecycle changed event received but ignored because the intent does not match. startActivityIntent=Intent { act=android.intent.action.MAIN cat=[android.intent.category.LAUNCHER] cmp=com.example.dogglers/.VerticalListActivity }, activity.getIntent()=Intent { act=android.intent.action.MAIN cat=[android.intent.category.LAUNCHER] flg=0x10008000 cmp=com.example.dogglers/androidx.test.core.app.InstrumentationActivityInvoker$BootstrapActivity (has extras) }, activity=androidx.test.core.app.InstrumentationActivityInvoker$BootstrapActivity@7fa1c45
02-10 00:16:44.657  4224  6873 I SurfaceControl: nativeRelease nativeObject s[522304758304]
02-10 00:16:44.658  4224  6873 I SurfaceControl: nativeRelease nativeObject e[522304758304]
02-10 00:16:44.662  3869  5127 I Layer   : id=203416 removeFromCurrentState ActivityRecord{5e47d33 u0 com.example.dogglers/androidx.test.core.app.InstrumentationActivityInvoker$BootstrapActivity t5808}#0 (91)
02-10 00:16:44.663  3869  5127 I SurfaceFlinger: id=203416 Removed ActivityRecord{5e47d33 u0 com.example.dogglers/androidx.test.core.app.InstrumentationActivityInvoker$BootstrapActivity t5808}#0 (91)
02-10 00:16:44.665  3869  3869 I Layer   : id=203416[1] Destroyed ActivityRecord{5e47d33 u0 com.example.dogglers/androidx.test.core.app.InstrumentationActivityInvoker$BootstrapActivity t5808}#0
02-10 00:16:44.666  4224  4279 I SemPersonaManager: SecureFolder personaId = 150
02-10 00:16:44.667  6225  6225 D LifecycleMonitor: Lifecycle status change: androidx.test.core.app.InstrumentationActivityInvoker$EmptyActivity@17f8874 in: PRE_ON_CREATE
02-10 00:16:44.667  4224  4842 I InputDispatcher: Focus left window (6225): 4255908 in display 0 0
02-10 00:16:44.667  6225  6225 V ActivityScenario: Activity lifecycle changed event received but ignored because the intent does not match. startActivityIntent=Intent { act=android.intent.action.MAIN cat=[android.intent.category.LAUNCHER] cmp=com.example.dogglers/.VerticalListActivity }, activity.getIntent()=Intent { act=android.intent.action.MAIN cat=[android.intent.category.LAUNCHER] flg=0x10000000 cmp=com.example.dogglers/androidx.test.core.app.InstrumentationActivityInvoker$EmptyActivity }, activity=androidx.test.core.app.InstrumentationActivityInvoker$EmptyActivity@17f8874
02-10 00:16:44.716  4224  4279 D EnterpriseDeviceManagerService: isMdmAdminPresentInternal() : MDM Admin Found - com.samsung.knox.securefolder
02-10 00:16:44.727  6225  6225 I DecorView: [INFO] isPopOver=false, config=true
02-10 00:16:44.727  6225  6225 I DecorView: updateCaptionType >> DecorView@aa8d612[], isFloating=false, isApplication=true, hasWindowDecorCaption=false, hasWindowControllerCallback=true
02-10 00:16:44.727  6225  6225 D DecorView: setCaptionType = 0, this = DecorView@aa8d612[]
02-10 00:16:44.734  6225  6225 D LifecycleMonitor: Lifecycle status change: androidx.test.core.app.InstrumentationActivityInvoker$EmptyActivity@17f8874 in: CREATED
02-10 00:16:44.735  6225  6225 V ActivityScenario: Activity lifecycle changed event received but ignored because the intent does not match. startActivityIntent=Intent { act=android.intent.action.MAIN cat=[android.intent.category.LAUNCHER] cmp=com.example.dogglers/.VerticalListActivity }, activity.getIntent()=Intent { act=android.intent.action.MAIN cat=[android.intent.category.LAUNCHER] flg=0x10000000 cmp=com.example.dogglers/androidx.test.core.app.InstrumentationActivityInvoker$EmptyActivity }, activity=androidx.test.core.app.InstrumentationActivityInvoker$EmptyActivity@17f8874
02-10 00:16:44.737  6225  6225 D LifecycleMonitor: Lifecycle status change: androidx.test.core.app.InstrumentationActivityInvoker$EmptyActivity@17f8874 in: STARTED
02-10 00:16:44.738  6225  6225 V ActivityScenario: Activity lifecycle changed event received but ignored because the intent does not match. startActivityIntent=Intent { act=android.intent.action.MAIN cat=[android.intent.category.LAUNCHER] cmp=com.example.dogglers/.VerticalListActivity }, activity.getIntent()=Intent { act=android.intent.action.MAIN cat=[android.intent.category.LAUNCHER] flg=0x10000000 cmp=com.example.dogglers/androidx.test.core.app.InstrumentationActivityInvoker$EmptyActivity }, activity=androidx.test.core.app.InstrumentationActivityInvoker$EmptyActivity@17f8874
02-10 00:16:44.740  6225  6225 D LifecycleMonitor: Lifecycle status change: androidx.test.core.app.InstrumentationActivityInvoker$EmptyActivity@17f8874 in: RESUMED
02-10 00:16:44.741  6225  6225 V ActivityScenario: Activity lifecycle changed event received but ignored because the intent does not match. startActivityIntent=Intent { act=android.intent.action.MAIN cat=[android.intent.category.LAUNCHER] cmp=com.example.dogglers/.VerticalListActivity }, activity.getIntent()=Intent { act=android.intent.action.MAIN cat=[android.intent.category.LAUNCHER] flg=0x10000000 cmp=com.example.dogglers/androidx.test.core.app.InstrumentationActivityInvoker$EmptyActivity }, activity=androidx.test.core.app.InstrumentationActivityInvoker$EmptyActivity@17f8874
02-10 00:16:44.747  4224  4842 D InputTransport: Input channel constructed: 'd61fb68', fd=656
02-10 00:16:44.747  4224  4842 D InputTransport: Input channel constructed: 'd61fb68', fd=660
02-10 00:16:44.748  3869  4404 I SurfaceFlinger: id=203436 createSurf (0x0),-1 flag=80004, d61fb68 com.example.dogglers/androidx.test.core.app.InstrumentationActivityInvoker$EmptyActivity#0
02-10 00:16:44.748  4224  4842 D WindowManager: isScreenshotDisabledLocked - win: Window{d61fb68 u0 com.example.dogglers/androidx.test.core.app.InstrumentationActivityInvoker$EmptyActivity}
02-10 00:16:44.748  4224  4842 D WindowManager: isScreenshotDisabledLocked: userId = 0, disabled =false
02-10 00:16:44.749  4224  4842 D InputTransport: Input channel destroyed: 'd61fb68', fd=660
02-10 00:16:44.749  6225  6225 D InputTransport: Input channel constructed: 'd61fb68', fd=88
02-10 00:16:44.751  6225  6225 I ViewRootImpl@462ba99[InstrumentationActivityInvoker$EmptyActivity]: setView = com.android.internal.policy.DecorView@aa8d612 TM=true
02-10 00:16:44.752 28160 28160 D KeyguardUpdateMonitor: updateBiometricListeningState()
02-10 00:16:44.752 28160 28160 D KeyguardFingerPrint: shouldListenForFingerprint ( isFingerprintEnabled = false , mKeyguardIsVisible = false , mDeviceInteractive = true , mBouncer = false , mGoingToSleep = false , mSwitchingUser = false , mKeyguardUnlocking = true , mKeyguardGoingAway = true , mKeyguardShowing = false , mKeyguardOccluded = false , mSystemReady = true , mHasFocus = false
02-10 00:16:44.752 28160 28160 D KeyguardFingerPrint: updateFingerprintListeningState#mFingerprintRunningState=0 shouldListenForFingerprint=false
02-10 00:16:44.752 28160 28160 D KeyguardFace: shouldListenForFace ( isFaceDefaultCondition = false , mKeyguardIsVisible = false , mDeviceInteractive = true , mBouncer = false , mSwitchingUser = false , mGoingToSleep = false , mKeyguardGoingAway = true , mKeyguardUnlocking = true , mIsPickedUp = false , mIsEarlyWakeUp = false , mIsScreenSaverRunning = false , mSystemReady = true)
02-10 00:16:44.752 28160 28160 D KeyguardFace: shouldListenForFace ( return false, Face is not default condition)
02-10 00:16:44.752 28160 28160 D KeyguardFace: Can't stop stopListeningForFace(), mFaceRunningState = 0
02-10 00:16:44.755  4224  4842 D SamsungIMMSHWKeyboard: isConnectedDexOnPC false
02-10 00:16:44.755  4224  4842 D InputMethodManagerService: isImeSwitcherDisabledPackage : false
02-10 00:16:44.755  6225  6225 I SurfaceControl: nativeRelease nativeObject s[524525187200]
02-10 00:16:44.755  6225  6225 I SurfaceControl: nativeRelease nativeObject e[524525187200]
02-10 00:16:44.755  6225  6225 I SurfaceControl: nativeRelease nativeObject s[524525187104]
02-10 00:16:44.755  6225  6225 I SurfaceControl: nativeRelease nativeObject e[524525187104]
02-10 00:16:44.763  4224  4842 V WindowManager: Relayout Window{d61fb68 u0 com.example.dogglers/androidx.test.core.app.InstrumentationActivityInvoker$EmptyActivity}: viewVisibility=0 req=720x1560
02-10 00:16:44.767  4224  4842 D WindowManager: isScreenshotDisabledLocked - win: Window{d61fb68 u0 com.example.dogglers/androidx.test.core.app.InstrumentationActivityInvoker$EmptyActivity}
02-10 00:16:44.767  4224  4842 D WindowManager: isScreenshotDisabledLocked: userId = 0, disabled =false
02-10 00:16:44.768  3869  4404 I SurfaceFlinger: id=203437 createSurf (720x1560),1 flag=404, com.example.dogglers/androidx.test.core.app.InstrumentationActivityInvoker$EmptyActivity$_6225#1
02-10 00:16:44.770  4224  4842 I SurfaceControl: nativeRelease nativeObject s[522491098528]
02-10 00:16:44.770  4224  4842 I SurfaceControl: nativeRelease nativeObject e[522491098528]
02-10 00:16:44.771 30944 30944 I TrayStateController: systemUiVisibilityChanged : 0 0
02-10 00:16:44.771  3869  5127 I SurfaceFlinger: id=203438 createSurf (0x0),-1 flag=24000, Surface(name=e251250 StatusBar)/@0x2cedeea - animation-leash#0
02-10 00:16:44.771  4224  4842 I SurfaceControl: nativeRelease nativeObject s[522491099008]
02-10 00:16:44.771  4224  4842 I SurfaceControl: nativeRelease nativeObject e[522491099008]
02-10 00:16:44.772  3869  5127 I SurfaceFlinger: id=203439 createSurf (0x0),-1 flag=24000, Surface(name=c590bf6 NavigationBar0)/@0x33ffa64 - animation-leash#1
02-10 00:16:44.774  4224  4842 V WindowManager: Relayout hash=d61fb68, pid=6225: mAttrs={(0,0)(fillxfill) sim={adjust=pan forwardNavigation} ty=BASE_APPLICATION wanim=0x1030001
02-10 00:16:44.774  4224  4842 V WindowManager:   fl=1810100
02-10 00:16:44.774  4224  4842 V WindowManager:   pfl=12020000
02-10 00:16:44.774  4224  4842 V WindowManager:   fitSides= naviIconColor=0}
02-10 00:16:44.774  4224  4842 I SurfaceControl: nativeRelease nativeObject s[522215183296]
02-10 00:16:44.774  4224  4842 I SurfaceControl: nativeRelease nativeObject e[522215183296]
02-10 00:16:44.775  3869  5127 I Layer   : id=203431 removeFromCurrentState Surface(name=e251250 StatusBar)/@0x2cedeea - animation-leash#1 (94)
02-10 00:16:44.775  3869  5127 I Layer   : id=203432 removeFromCurrentState Surface(name=c590bf6 NavigationBar0)/@0x33ffa64 - animation-leash#0 (94)
02-10 00:16:44.777  6225  6225 I SurfaceControl: assignNativeObject: nativeObject = 0 Surface(name=null)/@0xe3a415e / android.view.SurfaceControl.readFromParcel:1117 android.view.IWindowSession$Stub$Proxy.relayout:1820 android.view.ViewRootImpl.relayoutWindow:9005 android.view.ViewRootImpl.performTraversals:3360 android.view.ViewRootImpl.doTraversal:2618 android.view.ViewRootImpl$TraversalRunnable.run:9971 android.view.Choreographer$CallbackRecord.run:1010 android.view.Choreographer.doCallbacks:809 android.view.Choreographer.doFrame:744 android.view.Choreographer$FrameDisplayEventReceiver.run:995
02-10 00:16:44.779  6225  6225 I ViewRootImpl@462ba99[InstrumentationActivityInvoker$EmptyActivity]: Relayout returned: old=(0,0,720,1560) new=(0,0,720,1560) req=(720,1560)0 dur=15 res=0x7 s={true 522410692608} ch=true fn=-1
02-10 00:16:44.783  3835  4018 D gralloc : [mali_gralloc_allocate] begin
02-10 00:16:44.783  3835  4018 D gralloc : buffer_descriptor: wh(720 1560) usage_pc(0x40000000000b00 0x40000000000b00) hal_format(0x1) layer_count(1) sizes(0 0 0) strde(0) byte_stride(0) alloc_wh(0 0) internal_format(0x0) alloc_format(0x0) fd_count(1) plane_count(0)
02-10 00:16:44.784  6225  6225 I ViewRootImpl@462ba99[InstrumentationActivityInvoker$EmptyActivity]: [DP] dp(1) 1 android.view.ViewRootImpl.reportNextDraw:10957 android.view.ViewRootImpl.performTraversals:3845 android.view.ViewRootImpl.doTraversal:2618
02-10 00:16:44.784  6225  6225 I ViewRootImpl@462ba99[InstrumentationActivityInvoker$EmptyActivity]: [DP] pd() Asnyc report
02-10 00:16:44.784  3835  4018 D gralloc : [mali_gralloc_allocate] allocation successful
02-10 00:16:44.785  3835  4018 D gralloc : [mali_gralloc_allocate] begin
02-10 00:16:44.785  3835  4018 D gralloc : buffer_descriptor: wh(720 1560) usage_pc(0x40000000000b00 0x40000000000b00) hal_format(0x1) layer_count(1) sizes(0 0 0) strde(0) byte_stride(0) alloc_wh(0 0) internal_format(0x0) alloc_format(0x0) fd_count(1) plane_count(0)
02-10 00:16:44.786  3835  4018 D gralloc : [mali_gralloc_allocate] allocation successful
02-10 00:16:44.787  3835  4018 D gralloc : [mali_gralloc_allocate] begin
02-10 00:16:44.787  3835  4018 D gralloc : buffer_descriptor: wh(720 1560) usage_pc(0x40000000000b00 0x40000000000b00) hal_format(0x1) layer_count(1) sizes(0 0 0) strde(0) byte_stride(0) alloc_wh(0 0) internal_format(0x0) alloc_format(0x0) fd_count(1) plane_count(0)
02-10 00:16:44.788  3835  4018 D gralloc : [mali_gralloc_allocate] allocation successful
02-10 00:16:44.792  6225  6225 I ViewRootImpl@462ba99[InstrumentationActivityInvoker$EmptyActivity]: [DP] pdf(0) 1 android.view.ViewRootImpl.lambda$performDraw$1$ViewRootImpl:4668 android.view.-$$Lambda$ViewRootImpl$DJd0VUYJgsebcnSohO6h8zc_ONI.run:6 android.os.Handler.handleCallback:938
02-10 00:16:44.792  6225  6225 I ViewRootImpl@462ba99[InstrumentationActivityInvoker$EmptyActivity]: [DP] rdf()
02-10 00:16:44.793  6225  6225 I ViewRootImpl@a9cfae5[InstrumentationActivityInvoker$EmptyActivity]: MSG_WINDOW_FOCUS_CHANGED 0 1
02-10 00:16:44.798  4224  4280 D PkgPredictorService: pkg:com.example.dogglers activity:androidx.test.core.app.InstrumentationActivityInvoker$EmptyActivity thisTime:204
02-10 00:16:44.801  4224  4284 I ActivityTaskManager: Displayed com.example.dogglers/androidx.test.core.app.InstrumentationActivityInvoker$EmptyActivity: +204ms
02-10 00:16:44.801  4224  4280 I SemDvfsHyPerManager: acquire hyper - AMS_RESUME_TAIL/4224@18, type = -999
02-10 00:16:44.801  4224  4280 I SemDvfsHyPerManager: acquire hyper - AMS_ACT_LAZY/4224@19, type = -999
02-10 00:16:44.801  3846  3877 I HYPER-HAL: [RequestManager.cpp]acquire(): Acquired ID : 8999421  [4224 / 18]    HINT : AMS_RESUME_TAIL    list :
02-10 00:16:44.802  3846  3877 E HYPER-HAL: [HandlerSysfs.cpp]doResourceHandling(): Couldn't Open Sysfs - /sys/power/cstate_control
02-10 00:16:44.802  3846  3877 I HYPER-HAL: [ResourceManager.cpp]updateResource(): [CPUMinFreq] UpdateResource Request ID : 8999421    Value : 1560000
02-10 00:16:44.802  3846  3877 I HYPER-HAL: [RequestManager.cpp]acquire(): Acquired ID : 9003665  [4224 / 19]    HINT :      list :
02-10 00:16:44.802  3846  3877 E HYPER-HAL: [Request.cpp]acquire(): Request:: id : 9003665, No Resource to set
02-10 00:16:44.803  3846  3877 E HYPER-HAL: [HandlerSysfs.cpp]doResourceHandling(): Couldn't Open Sysfs - /sys/power/cstate_control
02-10 00:16:44.803  3846  3877 I HYPER-HAL: [ResourceManager.cpp]removeResource(): [CPUMinFreq] RemoveResource Request ID : 8990936
02-10 00:16:44.803  3846  3877 I HYPER-HAL: [RequestManager.cpp]releaseLocked(): Released ID : 8990936
02-10 00:16:44.807  6225  6225 I SurfaceControl: nativeRelease nativeObject s[524525186816]
02-10 00:16:44.807  6225  6225 I SurfaceControl: nativeRelease nativeObject e[524525186816]
02-10 00:16:44.807  6225  6225 I SurfaceControl: nativeRelease nativeObject s[524525186528]
02-10 00:16:44.807  6225  6225 I SurfaceControl: nativeRelease nativeObject e[524525186528]
02-10 00:16:44.807  6225  6225 I SurfaceControl: nativeRelease nativeObject s[524525187296]
02-10 00:16:44.807  6225  6225 I SurfaceControl: nativeRelease nativeObject e[524525187296]
02-10 00:16:44.807  3869  4404 I SurfaceFlinger: id=203432 Removed Surface(name=c590bf6 NavigationBar0)/@0x33ffa64 - animation-leash#0 (94)
02-10 00:16:44.808  3869  4404 I SurfaceFlinger: id=203431 Removed Surface(name=e251250 StatusBar)/@0x2cedeea - animation-leash#1 (94)
02-10 00:16:44.815  3869  3869 I Layer   : id=203432[1] Destroyed Surface(name=c590bf6 NavigationBar0)/@0x33ffa64 - animation-leash#0
02-10 00:16:44.815  3869  3869 I Layer   : id=203431[1] Destroyed Surface(name=e251250 StatusBar)/@0x2cedeea - animation-leash#1
02-10 00:16:44.816  4224  4585 I InputDispatcher: Focus entered window (6225): d61fb68 in display 0 0
02-10 00:16:44.818  4224  6873 D InputDispatcher: Focused application set to (0): 78224db
02-10 00:16:44.821  3869  3869 D SurfaceFlinger: Display 0 HWC layers:
02-10 00:16:44.821  3869  3869 D SurfaceFlinger:      DEVICE | 0x6fa281f000 | 0002 | RGBA_8888    |    0.0    0.0  720.0 1560.0 |    0    0  720 1560 | com.example.dogglers/androidx.test.c[...]ctivityInvoker$EmptyActivity$_6225#1
02-10 00:16:44.821  3869  3869 D SurfaceFlinger:      DEVICE | 0x704564f240 | 0000 | RGBA_8888    |    0.0    0.0  720.0   53.0 |    0    0  720   53 | StatusBar$_28160#0
02-10 00:16:44.821  3869  3869 D SurfaceFlinger:      DEVICE | 0x704564f880 | 0000 | RGBA_8888    |    0.0    0.0   67.0  228.0 |  653  560  720  788 | com.samsung.android.app.cocktailbars[...]rservice.CocktailBarService$_30944#0
02-10 00:16:44.821  3869  3869 D SurfaceFlinger:      DEVICE | 0x6fc1614f80 | 0000 | RGBA_8888    |    0.0    0.0  720.0   84.0 |    0 1476  720 1560 | NavigationBar0$_28160#0
02-10 00:16:44.821  3869  3869 D SurfaceFlinger:      DEVICE | 0x6fc1613e00 | 0000 | RGBA_8888    |    0.0    0.0  720.0  101.0 |    0    0  720  101 | ScreenDecorOverlay$_28160#0
02-10 00:16:44.821  3869  3869 D SurfaceFlinger:      DEVICE | 0x704564e980 | 0000 | RGBA_8888    |    0.0    0.0  720.0  101.0 |    0 1459  720 1560 | ScreenDecorOverlayBottom$_28160#0
02-10 00:16:44.821  3869  3869 D SurfaceFlinger:
02-10 00:16:44.826  4224  4279 D PersonaActivityHelper: Activity not in resumed state, do not run immediate lock
02-10 00:16:44.829  3869  5906 E BufferQueueProducer: [com.example.dogglers/androidx.test.core.app.InstrumentationActivityInvoker$EmptyActivity$_6225#0](id:f1d0000b7e7,api:0,p:-1,c:3869) disconnect: not connected (req=1)
02-10 00:16:44.829  6225  6260 W libEGL  : EGLNativeWindowType 0x7a14e25010 disconnect failed
02-10 00:16:44.831  4224  4842 V WindowManager: Relayout Window{4255908 u0 com.example.dogglers/androidx.test.core.app.InstrumentationActivityInvoker$EmptyActivity}: viewVisibility=8 req=720x1560
02-10 00:16:44.834  4224  4842 V WindowManager: Relayout hash=4255908, pid=6225: mAttrs={(0,0)(fillxfill) sim={adjust=pan forwardNavigation} ty=BASE_APPLICATION wanim=0x1030001
02-10 00:16:44.834  4224  4842 V WindowManager:   fl=1810100
02-10 00:16:44.834  4224  4842 V WindowManager:   pfl=12020000
02-10 00:16:44.834  4224  4842 V WindowManager:   fitSides= naviIconColor=0}
02-10 00:16:44.836  6225  6225 I SurfaceControl: nativeRelease nativeObject s[522408796832]
02-10 00:16:44.836  6225  6225 I SurfaceControl: nativeRelease nativeObject e[522408796832]
02-10 00:16:44.836  6225  6225 I SurfaceControl: assignNativeObject: nativeObject = 0 Surface(name=null)/@0xb6ca93f / android.view.SurfaceControl.readFromParcel:1117 android.view.IWindowSession$Stub$Proxy.relayout:1810 android.view.ViewRootImpl.relayoutWindow:9005 android.view.ViewRootImpl.performTraversals:3360 android.view.ViewRootImpl.doTraversal:2618 android.view.ViewRootImpl$TraversalRunnable.run:9971 android.view.Choreographer$CallbackRecord.run:1010 android.view.Choreographer.doCallbacks:809 android.view.Choreographer.doFrame:744 android.view.Choreographer$FrameDisplayEventReceiver.run:995
