02-10 00:16:40.216  6225  6225 I SurfaceControl: assignNativeObject: nativeObject = 0 Surface(name=null)/@0xfacdef7 / android.view.SurfaceControl.readFromParcel:1117 android.view.IWindowSession$Stub$Proxy.relayout:1820 android.view.ViewRootImpl.relayoutWindow:9005 android.view.ViewRootImpl.performTraversals:3360 android.view.ViewRootImpl.doTraversal:2618 android.view.ViewRootImpl$TraversalRunnable.run:9971 android.view.Choreographer$CallbackRecord.run:1010 android.view.Choreographer.doCallbacks:809 android.view.Choreographer.doFrame:744 android.view.Choreographer$FrameDisplayEventReceiver.run:995
02-10 00:16:40.217  6225  6225 I ViewRootImpl@ed75af6[InstrumentationActivityInvoker$EmptyActivity]: Relayout returned: old=(0,0,720,1560) new=(0,0,720,1560) req=(720,1560)0 dur=16 res=0x7 s={true 524540608512} ch=true fn=-1
02-10 00:16:40.222  3835  4018 D gralloc : [mali_gralloc_allocate] begin
02-10 00:16:40.222  3835  4018 D gralloc : buffer_descriptor: wh(720 1560) usage_pc(0x40000000000b00 0x40000000000b00) hal_format(0x1) layer_count(1) sizes(0 0 0) strde(0) byte_stride(0) alloc_wh(0 0) internal_format(0x0) alloc_format(0x0) fd_count(1) plane_count(0)
02-10 00:16:40.222  6225  6225 I ViewRootImpl@ed75af6[InstrumentationActivityInvoker$EmptyActivity]: [DP] dp(1) 1 android.view.ViewRootImpl.reportNextDraw:10957 android.view.ViewRootImpl.performTraversals:3845 android.view.ViewRootImpl.doTraversal:2618
02-10 00:16:40.222  6225  6225 I ViewRootImpl@ed75af6[InstrumentationActivityInvoker$EmptyActivity]: [DP] pd() Asnyc report
02-10 00:16:40.223  3835  4018 D gralloc : [mali_gralloc_allocate] allocation successful
02-10 00:16:40.224  3835  4018 D gralloc : [mali_gralloc_allocate] begin
02-10 00:16:40.224  3835  4018 D gralloc : buffer_descriptor: wh(720 1560) usage_pc(0x40000000000b00 0x40000000000b00) hal_format(0x1) layer_count(1) sizes(0 0 0) strde(0) byte_stride(0) alloc_wh(0 0) internal_format(0x0) alloc_format(0x0) fd_count(1) plane_count(0)
02-10 00:16:40.225  3835  4018 D gralloc : [mali_gralloc_allocate] allocation successful
02-10 00:16:40.226  3835  4018 D gralloc : [mali_gralloc_allocate] begin
02-10 00:16:40.226  3835  4018 D gralloc : buffer_descriptor: wh(720 1560) usage_pc(0x40000000000b00 0x40000000000b00) hal_format(0x1) layer_count(1) sizes(0 0 0) strde(0) byte_stride(0) alloc_wh(0 0) internal_format(0x0) alloc_format(0x0) fd_count(1) plane_count(0)
02-10 00:16:40.231  6225  6225 I ViewRootImpl@ed75af6[InstrumentationActivityInvoker$EmptyActivity]: [DP] pdf(0) 1 android.view.ViewRootImpl.lambda$performDraw$1$ViewRootImpl:4668 android.view.-$$Lambda$ViewRootImpl$DJd0VUYJgsebcnSohO6h8zc_ONI.run:6 android.os.Handler.handleCallback:938
02-10 00:16:40.231  6225  6225 I ViewRootImpl@ed75af6[InstrumentationActivityInvoker$EmptyActivity]: [DP] rdf()
02-10 00:16:40.231  3835  4018 D gralloc : [mali_gralloc_allocate] allocation successful
02-10 00:16:40.233  6225  6225 I ViewRootImpl@df86ed2[InstrumentationActivityInvoker$EmptyActivity]: MSG_WINDOW_FOCUS_CHANGED 0 1
02-10 00:16:40.235  4224  4280 D PkgPredictorService: pkg:com.example.dogglers activity:androidx.test.core.app.InstrumentationActivityInvoker$EmptyActivity thisTime:203
02-10 00:16:40.236  4224  4280 I SemDvfsHyPerManager: acquire hyper - AMS_RESUME_TAIL/4224@18, type = -999
02-10 00:16:40.236  4224  4284 I ActivityTaskManager: Displayed com.example.dogglers/androidx.test.core.app.InstrumentationActivityInvoker$EmptyActivity: +203ms
02-10 00:16:40.237  4224  4280 I SemDvfsHyPerManager: acquire hyper - AMS_ACT_LAZY/4224@19, type = -999
02-10 00:16:40.237  3846  3877 I HYPER-HAL: [RequestManager.cpp]acquire(): Acquired ID : 8999421  [4224 / 18]    HINT : AMS_RESUME_TAIL    list :
02-10 00:16:40.237  3846  3877 E HYPER-HAL: [HandlerSysfs.cpp]doResourceHandling(): Couldn't Open Sysfs - /sys/power/cstate_control
02-10 00:16:40.237  3846  3877 I HYPER-HAL: [ResourceManager.cpp]updateResource(): [CPUMinFreq] UpdateResource Request ID : 8999421    Value : 1560000
02-10 00:16:40.237  3846  3877 I HYPER-HAL: [RequestManager.cpp]acquire(): Acquired ID : 9003665  [4224 / 19]    HINT :      list :
02-10 00:16:40.237  3846  3877 E HYPER-HAL: [Request.cpp]acquire(): Request:: id : 9003665, No Resource to set
02-10 00:16:40.238  3846  3877 E HYPER-HAL: [HandlerSysfs.cpp]doResourceHandling(): Couldn't Open Sysfs - /sys/power/cstate_control
02-10 00:16:40.238  3846  3877 I HYPER-HAL: [ResourceManager.cpp]removeResource(): [CPUMinFreq] RemoveResource Request ID : 8990936
02-10 00:16:40.238  3846  3877 I HYPER-HAL: [RequestManager.cpp]releaseLocked(): Released ID : 8990936
02-10 00:16:40.245  6225  6225 I SurfaceControl: nativeRelease nativeObject s[524525186144]
02-10 00:16:40.245  6225  6225 I SurfaceControl: nativeRelease nativeObject e[524525186144]
02-10 00:16:40.245  6225  6225 I SurfaceControl: nativeRelease nativeObject s[522849931008]
02-10 00:16:40.245  6225  6225 I SurfaceControl: nativeRelease nativeObject e[522849931008]
02-10 00:16:40.246  6225  6225 I SurfaceControl: nativeRelease nativeObject s[522849930912]
02-10 00:16:40.246  6225  6225 I SurfaceControl: nativeRelease nativeObject e[522849930912]
02-10 00:16:40.246  3869  3911 I SurfaceFlinger: id=203322 Removed Surface(name=c590bf6 NavigationBar0)/@0x33ffa64 - animation-leash#1 (84)
02-10 00:16:40.246  3869  3911 I SurfaceFlinger: id=203321 Removed Surface(name=e251250 StatusBar)/@0x2cedeea - animation-leash#0 (84)
02-10 00:16:40.252  3869  3869 I Layer   : id=203321[1] Destroyed Surface(name=e251250 StatusBar)/@0x2cedeea - animation-leash#0
02-10 00:16:40.252  3869  3869 I Layer   : id=203322[1] Destroyed Surface(name=c590bf6 NavigationBar0)/@0x33ffa64 - animation-leash#1
02-10 00:16:40.254  4224  4375 I InputDispatcher: Focus entered window (6225): 2409f0a in display 0 0
02-10 00:16:40.257  4224  6802 D InputDispatcher: Focused application set to (0): 78224db
02-10 00:16:40.258  3869  3869 D SurfaceFlinger: Display 0 HWC layers:
02-10 00:16:40.258  3869  3869 D SurfaceFlinger:      DEVICE | 0x6fc1616600 | 0002 | RGBA_8888    |    0.0    0.0  720.0 1560.0 |    0    0  720 1560 | com.example.dogglers/androidx.test.c[...]ctivityInvoker$EmptyActivity$_6225#1
02-10 00:16:40.258  3869  3869 D SurfaceFlinger:      DEVICE | 0x704564f240 | 0000 | RGBA_8888    |    0.0    0.0  720.0   53.0 |    0    0  720   53 | StatusBar$_28160#0
02-10 00:16:40.258  3869  3869 D SurfaceFlinger:      DEVICE | 0x704564f880 | 0000 | RGBA_8888    |    0.0    0.0   67.0  228.0 |  653  560  720  788 | com.samsung.android.app.cocktailbars[...]rservice.CocktailBarService$_30944#0
02-10 00:16:40.258  3869  3869 D SurfaceFlinger:      DEVICE | 0x6fc1613cc0 | 0000 | RGBA_8888    |    0.0    0.0  720.0   84.0 |    0 1476  720 1560 | NavigationBar0$_28160#0
02-10 00:16:40.258  3869  3869 D SurfaceFlinger:      DEVICE | 0x6fc1613e00 | 0000 | RGBA_8888    |    0.0    0.0  720.0  101.0 |    0    0  720  101 | ScreenDecorOverlay$_28160#0
02-10 00:16:40.258  3869  3869 D SurfaceFlinger:      DEVICE | 0x704564e980 | 0000 | RGBA_8888    |    0.0    0.0  720.0  101.0 |    0 1459  720 1560 | ScreenDecorOverlayBottom$_28160#0
02-10 00:16:40.258  3869  3869 D SurfaceFlinger:
02-10 00:16:40.265  4224  4279 D PersonaActivityHelper: Activity not in resumed state, do not run immediate lock
02-10 00:16:40.266 28160 28225 D NetworkController.SecMobileSignalController(0/1): onDataActivity: direction=0
02-10 00:16:40.268 28160 28225 D MobileSignalIconsSelector: getDataIconGroup(): connected=true,enabled=true,level=4,inetCondition=1,dataIconGroup=DataIconGroup(4G),activityIn=false,activityOut=false,lastModified=02-10 00:16:40.266,dataSim=true,networkName=Ooredoo,networkNameData=Ooredoo,dataConnected=true,roaming=false,isDefault=true,isEmergency=false,airplaneMode=false,carrierNetworkChangeMode=false,userSetup=true,defaultDataOff=false,cdmaEriIconIndex=-1,cdmaEriIconMode=-1,callState=0,voWifiConnected=false,shouldShowDisabledDataIcon=false,bluetoothTethered=false,isLTEFemtoCell=false,cardOperator=OTHERS,optionalRadioTech=0,isCAIndicator=false,isLimitedStateForCTCSlaveVoLTE=false,isSWRoaming=false,isMobileDataSettingEnabled=false,nwBoosterRilEnabled=false,nwBoosterSettingEnabled=false,emergencyModeActivated=false,ismmW5G=false,slotId=0,simState=null, iconSet = [I@82713d7
02-10 00:16:40.269 28160 28160 D StatusbarSignalPolicy: setMobileDataIndicators state = MobileIconState(subId=1, strengthId=2131233571, roaming=false, typeId=2131233363, visible=true, activityId=2131233447, roamingId=0, slotId=0)
02-10 00:16:40.272  3869  4404 E BufferQueueProducer: [com.example.dogglers/androidx.test.core.app.InstrumentationActivityInvoker$EmptyActivity$_6225#0](id:f1d0000b7d8,api:0,p:-1,c:3869) disconnect: not connected (req=1)
02-10 00:16:40.272  6225  6260 W libEGL  : EGLNativeWindowType 0x7a210ca010 disconnect failed
02-10 00:16:40.273  4224  4375 V WindowManager: Relayout Window{4262695 u0 com.example.dogglers/androidx.test.core.app.InstrumentationActivityInvoker$EmptyActivity}: viewVisibility=8 req=720x1560
02-10 00:16:40.276  4224  4375 V WindowManager: Relayout hash=4262695, pid=6225: mAttrs={(0,0)(fillxfill) sim={adjust=pan forwardNavigation} ty=BASE_APPLICATION wanim=0x1030001
02-10 00:16:40.276  4224  4375 V WindowManager:   fl=1810100
02-10 00:16:40.276  4224  4375 V WindowManager:   pfl=12020000
02-10 00:16:40.276  4224  4375 V WindowManager:   fitSides= naviIconColor=0}
02-10 00:16:40.278  6225  6225 I SurfaceControl: nativeRelease nativeObject s[524538188672]
02-10 00:16:40.278  6225  6225 I SurfaceControl: nativeRelease nativeObject e[524538188672]
02-10 00:16:40.279  6225  6225 I SurfaceControl: assignNativeObject: nativeObject = 0 Surface(name=null)/@0x2946164 / android.view.SurfaceControl.readFromParcel:1117 android.view.IWindowSession$Stub$Proxy.relayout:1810 android.view.ViewRootImpl.relayoutWindow:9005 android.view.ViewRootImpl.performTraversals:3360 android.view.ViewRootImpl.doTraversal:2618 android.view.ViewRootImpl$TraversalRunnable.run:9971 android.view.Choreographer$CallbackRecord.run:1010 android.view.Choreographer.doCallbacks:809 android.view.Choreographer.doFrame:744 android.view.Choreographer$FrameDisplayEventReceiver.run:995
02-10 00:16:40.280  6225  6225 I SurfaceControl: assignNativeObject: nativeObject = 0 Surface(name=null)/@0xcf75ba3 / android.view.SurfaceControl.readFromParcel:1117 android.view.IWindowSession$Stub$Proxy.relayout:1820 android.view.ViewRootImpl.relayoutWindow:9005 android.view.ViewRootImpl.performTraversals:3360 android.view.ViewRootImpl.doTraversal:2618 android.view.ViewRootImpl$TraversalRunnable.run:9971 android.view.Choreographer$CallbackRecord.run:1010 android.view.Choreographer.doCallbacks:809 android.view.Choreographer.doFrame:744 android.view.Choreographer$FrameDisplayEventReceiver.run:995
02-10 00:16:40.281  6225  6225 I SurfaceControl: nativeRelease nativeObject s[524525186336]
02-10 00:16:40.281  6225  6225 I SurfaceControl: nativeRelease nativeObject e[524525186336]
02-10 00:16:40.281  6225  6225 I ViewRootImpl@df86ed2[InstrumentationActivityInvoker$EmptyActivity]: Relayout returned: old=(0,0,720,1560) new=(0,0,720,1560) req=(720,1560)8 dur=8 res=0x5 s={false 0} ch=true fn=2
02-10 00:16:40.283  6225  6225 I ViewRootImpl@df86ed2[InstrumentationActivityInvoker$EmptyActivity]: stopped(true) old=false
02-10 00:16:40.283  6225  6225 D LifecycleMonitor: Lifecycle status change: androidx.test.core.app.InstrumentationActivityInvoker$EmptyActivity@bc22821 in: STOPPED
02-10 00:16:40.284  6225  6225 V ActivityScenario: Activity lifecycle changed event received but ignored because the intent does not match. startActivityIntent=Intent { act=android.intent.action.MAIN cat=[android.intent.category.LAUNCHER] cmp=com.example.dogglers/.VerticalListActivity }, activity.getIntent()=Intent { act=android.intent.action.MAIN cat=[android.intent.category.LAUNCHER] flg=0x10000000 cmp=com.example.dogglers/androidx.test.core.app.InstrumentationActivityInvoker$EmptyActivity }, activity=androidx.test.core.app.InstrumentationActivityInvoker$EmptyActivity@bc22821
02-10 00:16:40.287  4224  7437 I InputDispatcher: Focus left window (6225): 2409f0a in display 0 0
02-10 00:16:40.287  6225  6225 D LifecycleMonitor: Lifecycle status change: androidx.test.core.app.InstrumentationActivityInvoker$EmptyActivity@bc22821 in: DESTROYED
02-10 00:16:40.287  6225  6225 V ActivityScenario: Activity lifecycle changed event received but ignored because the intent does not match. startActivityIntent=Intent { act=android.intent.action.MAIN cat=[android.intent.category.LAUNCHER] cmp=com.example.dogglers/.VerticalListActivity }, activity.getIntent()=Intent { act=android.intent.action.MAIN cat=[android.intent.category.LAUNCHER] flg=0x10000000 cmp=com.example.dogglers/androidx.test.core.app.InstrumentationActivityInvoker$EmptyActivity }, activity=androidx.test.core.app.InstrumentationActivityInvoker$EmptyActivity@bc22821
02-10 00:16:40.289  6225  6225 I ViewRootImpl@df86ed2[InstrumentationActivityInvoker$EmptyActivity]: dispatchDetachedFromWindow
02-10 00:16:40.290  4224  4375 D InputTransport: Input channel destroyed: '4262695', fd=670
02-10 00:16:40.290  4224  4375 I SurfaceControl: nativeRelease nativeObject s[524526817824]
02-10 00:16:40.290  4224  4375 I SurfaceControl: nativeRelease nativeObject e[524526817824]
02-10 00:16:40.290  4224  4375 D WindowManager: isScreenshotDisabledLocked - win: Window{4262695 u0 com.example.dogglers/androidx.test.core.app.InstrumentationActivityInvoker$EmptyActivity}
02-10 00:16:40.290  4224  4375 D WindowManager: isScreenshotDisabledLocked: userId = 0, disabled =false
02-10 00:16:40.290  4224  4375 I SurfaceControl: nativeRelease nativeObject s[522491099776]
02-10 00:16:40.290  4224  4375 I SurfaceControl: nativeRelease nativeObject e[522491099776]
02-10 00:16:40.291  3869  3910 I SurfaceFlinger: id=203330 createSurf (0x0),-1 flag=24004, Surface(name=7fb2291 InputMethod)/@0xe6a7df7 - animation-leash#1
02-10 00:16:40.292  4224  4375 I SurfaceControl: nativeRelease nativeObject s[522491098144]
02-10 00:16:40.292  4224  4375 I SurfaceControl: nativeRelease nativeObject e[522491098144]
02-10 00:16:40.292  3869  3910 I Layer   : id=203320 removeFromCurrentState com.example.dogglers/androidx.test.core.app.InstrumentationActivityInvoker$EmptyActivity$_6225#0 (83)
02-10 00:16:40.293  3869  3910 I SurfaceFlinger: id=203320 Removed com.example.dogglers/androidx.test.core.app.InstrumentationActivityInvoker$EmptyActivity$_6225#0 (83)
02-10 00:16:40.294  3869  3910 I Layer   : id=203319 removeFromCurrentState 4262695 com.example.dogglers/androidx.test.core.app.InstrumentationActivityInvoker$EmptyActivity#0 (83)
02-10 00:16:40.295  3869  3910 I Layer   : id=203325 removeFromCurrentState Surface(name=7fb2291 InputMethod)/@0xe6a7df7 - animation-leash#0 (83)
02-10 00:16:40.295  3869  3910 I SurfaceFlinger: id=203319 Removed 4262695 com.example.dogglers/androidx.test.core.app.InstrumentationActivityInvoker$EmptyActivity#0 (83)
02-10 00:16:40.296  6225  6225 D InputTransport: Input channel destroyed: '4262695', fd=91
02-10 00:16:40.297  4224  7437 I SurfaceControl: nativeRelease nativeObject s[522491097856]
02-10 00:16:40.297  4224  7437 I SurfaceControl: nativeRelease nativeObject e[522491097856]
02-10 00:16:40.300  6225  6225 D LifecycleMonitor: Lifecycle status change: androidx.test.core.app.InstrumentationActivityInvoker$EmptyActivity@7efa315 in: PAUSED
02-10 00:16:40.300  6225  6225 V ActivityScenario: Activity lifecycle changed event received but ignored because the intent does not match. startActivityIntent=Intent { act=android.intent.action.MAIN cat=[android.intent.category.LAUNCHER] cmp=com.example.dogglers/.VerticalListActivity }, activity.getIntent()=Intent { act=android.intent.action.MAIN cat=[android.intent.category.LAUNCHER] flg=0x10000000 cmp=com.example.dogglers/androidx.test.core.app.InstrumentationActivityInvoker$EmptyActivity }, activity=androidx.test.core.app.InstrumentationActivityInvoker$EmptyActivity@7efa315
02-10 00:16:40.302  4224  4375 I SemDvfsHyPerManager: acquire hyper - AMS_APP_HOME/4224@32, type = -999
02-10 00:16:40.303  3869  3869 I Layer   : id=203319[1] Destroyed 4262695 com.example.dogglers/androidx.test.core.app.InstrumentationActivityInvoker$EmptyActivity#0
02-10 00:16:40.303  3869  3869 I Layer   : id=203320[1] Destroyed com.example.dogglers/androidx.test.core.app.InstrumentationActivityInvoker$EmptyActivity$_6225#0
02-10 00:16:40.305  3803  3808 E statsd  : Predicate -7037417284711607308 dropping data for dimension key (10)0x2010101->11512[I] (10)0x30000->*launch*[S]
02-10 00:16:40.305  3803  3808 E statsd  : Predicate 5980654721335871649 dropping data for dimension key (10)0x2010101->11512[I] (10)0x30000->*launch*[S]
02-10 00:16:40.307  6941  6941 I SemDvfsHyPerManager: acquire hyper - com.sec.android.sdhms/6941@9, type = -999
02-10 00:16:40.307  3846  3877 I HYPER-HAL: [RequestManager.cpp]acquire(): Acquired ID : 9058928  [4224 / 32]    HINT : AMS_APP_HOME    list :
02-10 00:16:40.308  3846  3877 E HYPER-HAL: [HandlerSysfs.cpp]doResourceHandling(): Couldn't Open Sysfs - /sys/power/cstate_control
02-10 00:16:40.308  3846  3877 I HYPER-HAL: [ResourceManager.cpp]updateResource(): [CPUMinFreq] UpdateResource Request ID : 9058928    Value : 1560000
02-10 00:16:40.308  3846  3877 I HYPER-HAL: [RequestManager.cpp]acquire(): Acquired ID : 24154734  [6941 / 9]    HINT : APP_START    list :
02-10 00:16:40.308  3846  3877 E HYPER-HAL: [HandlerSysfs.cpp]doResourceHandling(): Couldn't Open Sysfs - /sys/kernel/mm/vmscan/am_app_launch
02-10 00:16:40.308  3846  3877 I HYPER-HAL: [ResourceManager.cpp]updateResource(): [CPUMaxFreq] UpdateResource Request ID : 24154734    Value : 1560000
02-10 00:16:40.309  4224  4375 V WindowOrientationListener: getProposedRotation: -1
02-10 00:16:40.309  4224  4375 V WindowOrientationListener: getProposedRotation: -1
02-10 00:16:40.310  4224  4375 V WindowOrientationListener: getProposedRotation: -1
02-10 00:16:40.315  3869  3910 I Layer   : id=203318 removeFromCurrentState ActivityRecord{8a0e1ab u0 com.example.dogglers/androidx.test.core.app.InstrumentationActivityInvoker$EmptyActivity t5805}#0 (81)
02-10 00:16:40.316  3869  3910 I SurfaceFlinger: id=203318 Removed ActivityRecord{8a0e1ab u0 com.example.dogglers/androidx.test.core.app.InstrumentationActivityInvoker$EmptyActivity t5805}#0 (81)
02-10 00:16:40.317  6225  6225 I ViewRootImpl@ed75af6[InstrumentationActivityInvoker$EmptyActivity]: MSG_WINDOW_FOCUS_CHANGED 0 1
02-10 00:16:40.318  6225  6225 I ViewRootImpl@ed75af6[InstrumentationActivityInvoker$EmptyActivity]: MSG_WINDOW_FOCUS_CHANGED 0 1
02-10 00:16:40.319  3869  3869 I Layer   : id=203318[1] Destroyed ActivityRecord{8a0e1ab u0 com.example.dogglers/androidx.test.core.app.InstrumentationActivityInvoker$EmptyActivity t5805}#0
02-10 00:16:40.320  6225  6252 I TestRunner: finished: recycler_view_item_count(com.example.dogglers.VerticalListTests)
